Archive member included to satisfy reference by file (symbol)

c:/mounriver/mounriver_studio/toolchain/risc-v embedded gcc/bin/../lib/gcc/riscv-none-embed/8.2.0/../../../../riscv-none-embed/lib/rv32imafc/ilp32f\libm.a(lib_a-s_cos.o)
                              ./zf_device/zf_device_gnss.o (cos)
c:/mounriver/mounriver_studio/toolchain/risc-v embedded gcc/bin/../lib/gcc/riscv-none-embed/8.2.0/../../../../riscv-none-embed/lib/rv32imafc/ilp32f\libm.a(lib_a-s_sin.o)
                              ./zf_device/zf_device_gnss.o (sin)
c:/mounriver/mounriver_studio/toolchain/risc-v embedded gcc/bin/../lib/gcc/riscv-none-embed/8.2.0/../../../../riscv-none-embed/lib/rv32imafc/ilp32f\libm.a(lib_a-w_asin.o)
                              ./zf_device/zf_device_gnss.o (asin)
c:/mounriver/mounriver_studio/toolchain/risc-v embedded gcc/bin/../lib/gcc/riscv-none-embed/8.2.0/../../../../riscv-none-embed/lib/rv32imafc/ilp32f\libm.a(lib_a-w_atan2.o)
                              ./zf_device/zf_device_gnss.o (atan2)
c:/mounriver/mounriver_studio/toolchain/risc-v embedded gcc/bin/../lib/gcc/riscv-none-embed/8.2.0/../../../../riscv-none-embed/lib/rv32imafc/ilp32f\libm.a(lib_a-w_pow.o)
                              ./zf_device/zf_device_gnss.o (pow)
c:/mounriver/mounriver_studio/toolchain/risc-v embedded gcc/bin/../lib/gcc/riscv-none-embed/8.2.0/../../../../riscv-none-embed/lib/rv32imafc/ilp32f\libm.a(lib_a-w_sqrt.o)
                              ./zf_device/zf_device_gnss.o (sqrt)
c:/mounriver/mounriver_studio/toolchain/risc-v embedded gcc/bin/../lib/gcc/riscv-none-embed/8.2.0/../../../../riscv-none-embed/lib/rv32imafc/ilp32f\libm.a(lib_a-e_asin.o)
                              c:/mounriver/mounriver_studio/toolchain/risc-v embedded gcc/bin/../lib/gcc/riscv-none-embed/8.2.0/../../../../riscv-none-embed/lib/rv32imafc/ilp32f\libm.a(lib_a-w_asin.o) (__ieee754_asin)
c:/mounriver/mounriver_studio/toolchain/risc-v embedded gcc/bin/../lib/gcc/riscv-none-embed/8.2.0/../../../../riscv-none-embed/lib/rv32imafc/ilp32f\libm.a(lib_a-e_atan2.o)
                              c:/mounriver/mounriver_studio/toolchain/risc-v embedded gcc/bin/../lib/gcc/riscv-none-embed/8.2.0/../../../../riscv-none-embed/lib/rv32imafc/ilp32f\libm.a(lib_a-w_atan2.o) (__ieee754_atan2)
c:/mounriver/mounriver_studio/toolchain/risc-v embedded gcc/bin/../lib/gcc/riscv-none-embed/8.2.0/../../../../riscv-none-embed/lib/rv32imafc/ilp32f\libm.a(lib_a-e_pow.o)
                              c:/mounriver/mounriver_studio/toolchain/risc-v embedded gcc/bin/../lib/gcc/riscv-none-embed/8.2.0/../../../../riscv-none-embed/lib/rv32imafc/ilp32f\libm.a(lib_a-w_pow.o) (__ieee754_pow)
c:/mounriver/mounriver_studio/toolchain/risc-v embedded gcc/bin/../lib/gcc/riscv-none-embed/8.2.0/../../../../riscv-none-embed/lib/rv32imafc/ilp32f\libm.a(lib_a-e_rem_pio2.o)
                              c:/mounriver/mounriver_studio/toolchain/risc-v embedded gcc/bin/../lib/gcc/riscv-none-embed/8.2.0/../../../../riscv-none-embed/lib/rv32imafc/ilp32f\libm.a(lib_a-s_cos.o) (__ieee754_rem_pio2)
c:/mounriver/mounriver_studio/toolchain/risc-v embedded gcc/bin/../lib/gcc/riscv-none-embed/8.2.0/../../../../riscv-none-embed/lib/rv32imafc/ilp32f\libm.a(lib_a-e_sqrt.o)
                              c:/mounriver/mounriver_studio/toolchain/risc-v embedded gcc/bin/../lib/gcc/riscv-none-embed/8.2.0/../../../../riscv-none-embed/lib/rv32imafc/ilp32f\libm.a(lib_a-w_sqrt.o) (__ieee754_sqrt)
c:/mounriver/mounriver_studio/toolchain/risc-v embedded gcc/bin/../lib/gcc/riscv-none-embed/8.2.0/../../../../riscv-none-embed/lib/rv32imafc/ilp32f\libm.a(lib_a-k_cos.o)
                              c:/mounriver/mounriver_studio/toolchain/risc-v embedded gcc/bin/../lib/gcc/riscv-none-embed/8.2.0/../../../../riscv-none-embed/lib/rv32imafc/ilp32f\libm.a(lib_a-s_cos.o) (__kernel_cos)
c:/mounriver/mounriver_studio/toolchain/risc-v embedded gcc/bin/../lib/gcc/riscv-none-embed/8.2.0/../../../../riscv-none-embed/lib/rv32imafc/ilp32f\libm.a(lib_a-k_rem_pio2.o)
                              c:/mounriver/mounriver_studio/toolchain/risc-v embedded gcc/bin/../lib/gcc/riscv-none-embed/8.2.0/../../../../riscv-none-embed/lib/rv32imafc/ilp32f\libm.a(lib_a-e_rem_pio2.o) (__kernel_rem_pio2)
c:/mounriver/mounriver_studio/toolchain/risc-v embedded gcc/bin/../lib/gcc/riscv-none-embed/8.2.0/../../../../riscv-none-embed/lib/rv32imafc/ilp32f\libm.a(lib_a-k_sin.o)
                              c:/mounriver/mounriver_studio/toolchain/risc-v embedded gcc/bin/../lib/gcc/riscv-none-embed/8.2.0/../../../../riscv-none-embed/lib/rv32imafc/ilp32f\libm.a(lib_a-s_cos.o) (__kernel_sin)
c:/mounriver/mounriver_studio/toolchain/risc-v embedded gcc/bin/../lib/gcc/riscv-none-embed/8.2.0/../../../../riscv-none-embed/lib/rv32imafc/ilp32f\libm.a(lib_a-s_atan.o)
                              c:/mounriver/mounriver_studio/toolchain/risc-v embedded gcc/bin/../lib/gcc/riscv-none-embed/8.2.0/../../../../riscv-none-embed/lib/rv32imafc/ilp32f\libm.a(lib_a-e_atan2.o) (atan)
[...]
Memory Configuration

Name             Origin             Length             Attributes
RAM              0x0000000020000040 0x000000000000fc00 xrw
FLASH            0x0000000000000000 0x0000000000040000 xr
*default*        0x0000000000000000 0xffffffffffffffff

Linker script and memory map

LOAD ./zf_driver/zf_driver_adc.o
LOAD ./zf_driver/zf_driver_delay.o
LOAD ./zf_driver/zf_driver_dvp.o
LOAD ./zf_driver/zf_driver_encoder.o
LOAD ./zf_driver/zf_driver_exti.o
LOAD ./zf_driver/zf_driver_flash.o
LOAD ./zf_driver/zf_driver_gpio.o
LOAD ./zf_driver/zf_driver_iic.o
LOAD ./zf_driver/zf_driver_pit.o
LOAD ./zf_driver/zf_driver_pwm.o
LOAD ./zf_driver/zf_driver_soft_iic.o
LOAD ./zf_driver/zf_driver_soft_spi.o
LOAD ./zf_driver/zf_driver_spi.o
LOAD ./zf_driver/zf_driver_timer.o
LOAD ./zf_driver/zf_driver_uart.o
LOAD ./zf_driver/zf_driver_usb_cdc.o
LOAD ./zf_device/zf_device_absolute_encoder.o
LOAD ./zf_device/zf_device_aht20.o
LOAD ./zf_device/zf_device_bluetooth_ch9141.o
LOAD ./zf_device/zf_device_camera.o
LOAD ./zf_device/zf_device_dl1a.o
LOAD ./zf_device/zf_device_dl1b.o
LOAD ./zf_device/zf_device_dm1xa.o
LOAD ./zf_device/zf_device_gnss.o
LOAD ./zf_device/zf_device_icm20602.o
LOAD ./zf_device/zf_device_imu660ra.o
LOAD ./zf_device/zf_device_imu963ra.o
LOAD ./zf_device/zf_device_ips114.o
LOAD ./zf_device/zf_device_ips200.o
LOAD ./zf_device/zf_device_k24c02.o
LOAD ./zf_device/zf_device_key.o
LOAD ./zf_device/zf_device_mpu6050.o
LOAD ./zf_device/zf_device_mt9v03x_dvp.o
LOAD ./zf_device/zf_device_oled.o
LOAD ./zf_device/zf_device_scc8660_dvp.o
LOAD ./zf_device/zf_device_tft180.o
LOAD ./zf_device/zf_device_type.o
LOAD ./zf_device/zf_device_virtual_oscilloscope.o
LOAD ./zf_device/zf_device_w25q32.o
LOAD ./zf_device/zf_device_wifi_spi.o
LOAD ./zf_device/zf_device_wifi_uart.o
LOAD ./zf_device/zf_device_wireless_ch573.o
LOAD ./zf_device/zf_device_wireless_uart.o
LOAD ./zf_components/seekfree_assistant.o
LOAD ./zf_components/seekfree_assistant_interface.o
LOAD ./zf_common/zf_common_clock.o
LOAD ./zf_common/zf_common_debug.o
LOAD ./zf_common/zf_common_fifo.o
LOAD ./zf_common/zf_common_font.o
LOAD ./zf_common/zf_common_function.o
LOAD ./zf_common/zf_common_interrupt.o
LOAD ./user_c/isr.o
LOAD ./user_c/main.o
LOAD ./sdk/Startup/startup_ch32v30x_D8C.o
LOAD ./sdk/Peripheral/ch32v30x_adc.o
LOAD ./sdk/Peripheral/ch32v30x_bkp.o
LOAD ./sdk/Peripheral/ch32v30x_can.o
LOAD ./sdk/Peripheral/ch32v30x_crc.o
LOAD ./sdk/Peripheral/ch32v30x_dac.o
LOAD ./sdk/Peripheral/ch32v30x_dbgmcu.o
LOAD ./sdk/Peripheral/ch32v30x_dma.o
LOAD ./sdk/Peripheral/ch32v30x_dvp.o
LOAD ./sdk/Peripheral/ch32v30x_eth.o
LOAD ./sdk/Peripheral/ch32v30x_exti.o
LOAD ./sdk/Peripheral/ch32v30x_flash.o
LOAD ./sdk/Peripheral/ch32v30x_fsmc.o
LOAD ./sdk/Peripheral/ch32v30x_gpio.o
LOAD ./sdk/Peripheral/ch32v30x_i2c.o
LOAD ./sdk/Peripheral/ch32v30x_iwdg.o
LOAD ./sdk/Peripheral/ch32v30x_opa.o
LOAD ./sdk/Peripheral/ch32v30x_pwr.o
LOAD ./sdk/Peripheral/ch32v30x_rcc.o
LOAD ./sdk/Peripheral/ch32v30x_rng.o
LOAD ./sdk/Peripheral/ch32v30x_rtc.o
LOAD ./sdk/Peripheral/ch32v30x_sdio.o
LOAD ./sdk/Peripheral/ch32v30x_spi.o
LOAD ./sdk/Peripheral/ch32v30x_tim.o
LOAD ./sdk/Peripheral/ch32v30x_usart.o
LOAD ./sdk/Peripheral/ch32v30x_usbotg_device.o
LOAD ./sdk/Peripheral/ch32v30x_wwdg.o
LOAD ./sdk/Core/core_riscv.o
LOAD ./code/UART_Data_Unpacker.o
LOAD ./code/ringbuffer.o
LOAD c:/mounriver/mounriver_studio/toolchain/risc-v embedded gcc/bin/../lib/gcc/riscv-none-embed/8.2.0/../../../../riscv-none-embed/lib/rv32imafc/ilp32f\libm.a
LOAD X:\Embedded folder\My programming files\CH32\2.环形缓冲区\libraries\zf_device\libzf_device_config.a
LOAD c:/mounriver/mounriver_studio/toolchain/risc-v embedded gcc/bin/../lib/gcc/riscv-none-embed/8.2.0/rv32imafc/ilp32f\libgcc.a
LOAD c:/mounriver/mounriver_studio/toolchain/risc-v embedded gcc/bin/../lib/gcc/riscv-none-embed/8.2.0/../../../../riscv-none-embed/lib/rv32imafc/ilp32f\libg_nano.a
LOAD c:/mounriver/mounriver_studio/toolchain/risc-v embedded gcc/bin/../lib/gcc/riscv-none-embed/8.2.0/../../../../riscv-none-embed/lib/rv32imafc/ilp32f\libc_nano.a
LOAD c:/mounriver/mounriver_studio/toolchain/risc-v embedded gcc/bin/../lib/gcc/riscv-none-embed/8.2.0/rv32imafc/ilp32f\libgcc.a
START GROUP
LOAD c:/mounriver/mounriver_studio/toolchain/risc-v embedded gcc/bin/../lib/gcc/riscv-none-embed/8.2.0/rv32imafc/ilp32f\libgcc.a
LOAD c:/mounriver/mounriver_studio/toolchain/risc-v embedded gcc/bin/../lib/gcc/riscv-none-embed/8.2.0/../../../../riscv-none-embed/lib/rv32imafc/ilp32f\libc_nano.a
LOAD c:/mounriver/mounriver_studio/toolchain/risc-v embedded gcc/bin/../lib/gcc/riscv-none-embed/8.2.0/../../../../riscv-none-embed/lib/rv32imafc/ilp32f\libnosys.a
END GROUP
START GROUP
LOAD c:/mounriver/mounriver_studio/toolchain/risc-v embedded gcc/bin/../lib/gcc/riscv-none-embed/8.2.0/rv32imafc/ilp32f\libgcc.a
LOAD c:/mounriver/mounriver_studio/toolchain/risc-v embedded gcc/bin/../lib/gcc/riscv-none-embed/8.2.0/../../../../riscv-none-embed/lib/rv32imafc/ilp32f\libc_nano.a
LOAD c:/mounriver/mounriver_studio/toolchain/risc-v embedded gcc/bin/../lib/gcc/riscv-none-embed/8.2.0/../../../../riscv-none-embed/lib/rv32imafc/ilp32f\libnosys.a
END GROUP
                0x0000000000000800                __stack_size = 0x800
                [!provide]                        PROVIDE (_stack_size = __stack_size)

.init           0x0000000000000000       0x38
                0x0000000000000000                _sinit = .
                0x0000000000000000                . = ALIGN (0x4)
 *(SORT_NONE(.init))
 .init          0x0000000000000000       0x38 ./sdk/Startup/startup_ch32v30x_D8C.o
                0x0000000000000000                _start
                0x0000000000000038                . = ALIGN (0x4)
                0x0000000000000038                _einit = .

.vector         0x0000000000000038      0x1c8
 *(.vector)
 .vector        0x0000000000000038      0x1a0 ./sdk/Startup/startup_ch32v30x_D8C.o
                0x0000000000000200                . = ALIGN (0x40)
 *fill*         0x00000000000001d8       0x28 

.text           0x0000000000000200     0xe2c8
                0x0000000000000200                . = ALIGN (0x4)
 *(.text)
 .text          0x0000000000000200       0xa8 c:/mounriver/mounriver_studio/toolchain/risc-v embedded gcc/bin/../lib/gcc/riscv-none-embed/8.2.0/../../../../riscv-none-embed/lib/rv32imafc/ilp32f\libg_nano.a(lib_a-memset.o)
                0x0000000000000200                memset
 *(.text.*)
 .text.gpio_get_level
                0x00000000000002a8       0x42 ./zf_driver/zf_driver_gpio.o
                0x00000000000002a8                gpio_get_level
 .text.gpio_init
                0x00000000000002ea      0x15c ./zf_driver/zf_driver_gpio.o
                0x00000000000002ea                gpio_init
 .text.timer_get
                0x0000000000000446       0xfe ./zf_driver/zf_driver_timer.o
                0x0000000000000446                timer_get
 .text.timer_clear
                0x0000000000000544       0xc4 ./zf_driver/zf_driver_timer.o
                0x0000000000000544                timer_clear
 .text.uart_write_byte
                0x0000000000000608       0x56 ./zf_driver/zf_driver_uart.o
                0x0000000000000608                uart_write_byte
 .text.uart_write_string
                0x000000000000065e       0x60 ./zf_driver/zf_driver_uart.o
                0x000000000000065e                uart_write_string
 .text.uart_rx_interrupt
                0x00000000000006be       0x84 ./zf_driver/zf_driver_uart.o
                0x00000000000006be                uart_rx_interrupt
 .text.uart_query_byte
                0x0000000000000742       0x5e ./zf_driver/zf_driver_uart.o
                0x0000000000000742                uart_query_byte
 .text.uart_init
                0x00000000000007a0      0x5a6 ./zf_driver/zf_driver_uart.o
                0x00000000000007a0                uart_init
 .text.dm1xa_sound_callback
                0x0000000000000d46       0xf6 ./zf_device/zf_device_dm1xa.o
                0x0000000000000d46                dm1xa_sound_callback
 .text.dm1xa_light_callback
                0x0000000000000e3c       0x32 ./zf_device/zf_device_dm1xa.o
                0x0000000000000e3c                dm1xa_light_callback
 .text.gnss_uart_callback
                0x0000000000000e6e      0x15c ./zf_device/zf_device_gnss.o
                0x0000000000000e6e                gnss_uart_callback
 .text.type_default_callback
                0x0000000000000fca        0xe ./zf_device/zf_device_type.o
 .text.clock_reset
                0x0000000000000fd8       0x76 ./zf_common/zf_common_clock.o
                0x0000000000000fd8                clock_reset
 .text.clock_set_freq
                0x000000000000104e      0x1de ./zf_common/zf_common_clock.o
                0x000000000000104e                clock_set_freq
 .text.clock_init
                0x000000000000122c       0x2a ./zf_common/zf_common_clock.o
                0x000000000000122c                clock_init
 .text.__NOP    0x0000000000001256       0x10 ./zf_common/zf_common_debug.o
 .text.debug_delay
                0x0000000000001266       0x52 ./zf_common/zf_common_debug.o
 .text.debug_protective_handler
                0x00000000000012b8        0xe ./zf_common/zf_common_debug.o
 .text.debug_uart_str_output
                0x00000000000012c6       0x20 ./zf_common/zf_common_debug.o
 .text.debug_output
                0x00000000000012e6      0x52c ./zf_common/zf_common_debug.o
 .text._write   0x0000000000001812       0x7c ./zf_common/zf_common_debug.o
                0x0000000000001812                _write
 .text.debug_assert_handler
                0x000000000000188e       0x68 ./zf_common/zf_common_debug.o
                0x000000000000188e                debug_assert_handler
 .text.debug_output_struct_init
                0x00000000000018f6       0x5a ./zf_common/zf_common_debug.o
                0x00000000000018f6                debug_output_struct_init
 .text.debug_output_init
                0x0000000000001950       0x88 ./zf_common/zf_common_debug.o
                0x0000000000001950                debug_output_init
 .text.debug_init
                0x00000000000019d8       0x46 ./zf_common/zf_common_debug.o
                0x00000000000019d8                debug_init
 .text.fifo_head_offset
                0x0000000000001a1e      0x184 ./zf_common/zf_common_fifo.o
 .text.fifo_end_offset
                0x0000000000001ba2      0x184 ./zf_common/zf_common_fifo.o
 .text.fifo_clear
                0x0000000000001d26      0x248 ./zf_common/zf_common_fifo.o
                0x0000000000001d26                fifo_clear
 .text.fifo_used
                0x0000000000001f6e       0x7a ./zf_common/zf_common_fifo.o
                0x0000000000001f6e                fifo_used
 .text.fifo_write_buffer
                0x0000000000001fe8      0x5ea ./zf_common/zf_common_fifo.o
                0x0000000000001fe8                fifo_write_buffer
 .text.fifo_read_buffer
                0x00000000000025d2      0x5a4 ./zf_common/zf_common_fifo.o
                0x00000000000025d2                fifo_read_buffer
 .text.__enable_irq
                0x0000000000002b76       0x18 ./zf_common/zf_common_interrupt.o
 .text.__disable_irq
                0x0000000000002b8e       0x14 ./zf_common/zf_common_interrupt.o
 .text.NVIC_EnableIRQ
                0x0000000000002ba2       0x32 ./zf_common/zf_common_interrupt.o
 .text.NVIC_DisableIRQ
                0x0000000000002bd4       0x32 ./zf_common/zf_common_interrupt.o
 .text.NVIC_SetPriority
                0x0000000000002c06       0x2a ./zf_common/zf_common_interrupt.o
 .text.interrupt_enable
                0x0000000000002c30       0x1c ./zf_common/zf_common_interrupt.o
                0x0000000000002c30                interrupt_enable
 .text.interrupt_disable
                0x0000000000002c4c       0x1c ./zf_common/zf_common_interrupt.o
                0x0000000000002c4c                interrupt_disable
 .text.interrupt_set_priority
                0x0000000000002c68       0x28 ./zf_common/zf_common_interrupt.o
                0x0000000000002c68                interrupt_set_priority
 .text.interrupt_global_enable
                0x0000000000002c90       0x30 ./zf_common/zf_common_interrupt.o
                0x0000000000002c90                interrupt_global_enable
 .text.interrupt_global_disable
                0x0000000000002cc0       0x2a ./zf_common/zf_common_interrupt.o
                0x0000000000002cc0                interrupt_global_disable
 .text.interrupt_init
                0x0000000000002cea       0x16 ./zf_common/zf_common_interrupt.o
                0x0000000000002cea                interrupt_init
 .text.USART1_IRQHandler
                0x0000000000002d00       0xc4 ./user_c/isr.o
                0x0000000000002d00                USART1_IRQHandler
 .text.USART2_IRQHandler
                0x0000000000002dc4       0xc4 ./user_c/isr.o
                0x0000000000002dc4                USART2_IRQHandler
 .text.USART3_IRQHandler
                0x0000000000002e88       0xc8 ./user_c/isr.o
                0x0000000000002e88                USART3_IRQHandler
 .text.UART4_IRQHandler
                0x0000000000002f50       0xc4 ./user_c/isr.o
                0x0000000000002f50                UART4_IRQHandler
 .text.UART5_IRQHandler
                0x0000000000003014       0xc6 ./user_c/isr.o
                0x0000000000003014                UART5_IRQHandler
 .text.UART6_IRQHandler
                0x00000000000030da       0xc4 ./user_c/isr.o
                0x00000000000030da                UART6_IRQHandler
 .text.UART7_IRQHandler
                0x000000000000319e       0xca ./user_c/isr.o
                0x000000000000319e                UART7_IRQHandler
 .text.UART8_IRQHandler
                0x0000000000003268       0xc0 ./user_c/isr.o
                0x0000000000003268                UART8_IRQHandler
 .text.DVP_IRQHandler
                0x0000000000003328       0xd0 ./user_c/isr.o
                0x0000000000003328                DVP_IRQHandler
 .text.EXTI0_IRQHandler
                0x00000000000033f8       0xb4 ./user_c/isr.o
                0x00000000000033f8                EXTI0_IRQHandler
 .text.EXTI1_IRQHandler
                0x00000000000034ac       0xb4 ./user_c/isr.o
                0x00000000000034ac                EXTI1_IRQHandler
 .text.EXTI2_IRQHandler
                0x0000000000003560       0xb4 ./user_c/isr.o
                0x0000000000003560                EXTI2_IRQHandler
 .text.EXTI3_IRQHandler
                0x0000000000003614       0xb4 ./user_c/isr.o
                0x0000000000003614                EXTI3_IRQHandler
 .text.EXTI4_IRQHandler
                0x00000000000036c8       0xb4 ./user_c/isr.o
                0x00000000000036c8                EXTI4_IRQHandler
 .text.EXTI9_5_IRQHandler
                0x000000000000377c      0x118 ./user_c/isr.o
                0x000000000000377c                EXTI9_5_IRQHandler
 .text.EXTI15_10_IRQHandler
                0x0000000000003894      0x132 ./user_c/isr.o
                0x0000000000003894                EXTI15_10_IRQHandler
 .text.TIM1_UP_IRQHandler
                0x00000000000039c6       0xc0 ./user_c/isr.o
                0x00000000000039c6                TIM1_UP_IRQHandler
 .text.TIM2_IRQHandler
                0x0000000000003a86       0xb8 ./user_c/isr.o
                0x0000000000003a86                TIM2_IRQHandler
 .text.TIM3_IRQHandler
                0x0000000000003b3e       0xc0 ./user_c/isr.o
                0x0000000000003b3e                TIM3_IRQHandler
 .text.TIM4_IRQHandler
                0x0000000000003bfe       0xc0 ./user_c/isr.o
                0x0000000000003bfe                TIM4_IRQHandler
 .text.TIM5_IRQHandler
                0x0000000000003cbe       0xc0 ./user_c/isr.o
                0x0000000000003cbe                TIM5_IRQHandler
 .text.TIM6_IRQHandler
                0x0000000000003d7e       0xb8 ./user_c/isr.o
                0x0000000000003d7e                TIM6_IRQHandler
 .text.TIM7_IRQHandler
                0x0000000000003e36       0xc0 ./user_c/isr.o
                0x0000000000003e36                TIM7_IRQHandler
 .text.TIM8_UP_IRQHandler
                0x0000000000003ef6       0xc0 ./user_c/isr.o
                0x0000000000003ef6                TIM8_UP_IRQHandler
 .text.TIM9_UP_IRQHandler
                0x0000000000003fb6       0xc0 ./user_c/isr.o
                0x0000000000003fb6                TIM9_UP_IRQHandler
 .text.TIM10_UP_IRQHandler
                0x0000000000004076       0xb8 ./user_c/isr.o
                0x0000000000004076                TIM10_UP_IRQHandler
 .text.NMI_Handler
                0x000000000000412e       0x10 ./user_c/isr.o
                0x000000000000412e                NMI_Handler
 .text.HardFault_Handler
                0x000000000000413e        0x8 ./user_c/isr.o
                0x000000000000413e                HardFault_Handler
 .text.main     0x0000000000004146       0xe4 ./user_c/main.o
                0x0000000000004146                main
 .text.vector_handler
                0x000000000000422a       0xbe ./sdk/Startup/startup_ch32v30x_D8C.o
                0x000000000000422e                Ecall_M_Mode_Handler
                0x0000000000004230                Ecall_U_Mode_Handler
                0x0000000000004232                Break_Point_Handler
                0x0000000000004234                SysTick_Handler
                0x0000000000004236                SW_Handler
                0x0000000000004238                WWDG_IRQHandler
                0x000000000000423a                PVD_IRQHandler
                0x000000000000423c                TAMPER_IRQHandler
                0x000000000000423e                RTC_IRQHandler
                0x0000000000004240                FLASH_IRQHandler
                0x0000000000004242                RCC_IRQHandler
                0x000000000000424e                DMA1_Channel1_IRQHandler
                0x0000000000004250                DMA1_Channel2_IRQHandler
                0x0000000000004252                DMA1_Channel3_IRQHandler
                0x0000000000004254                DMA1_Channel4_IRQHandler
                0x0000000000004256                DMA1_Channel5_IRQHandler
                0x0000000000004258                DMA1_Channel6_IRQHandler
                0x000000000000425a                DMA1_Channel7_IRQHandler
                0x000000000000425c                ADC1_2_IRQHandler
                0x000000000000425e                USB_HP_CAN1_TX_IRQHandler
                0x0000000000004260                USB_LP_CAN1_RX0_IRQHandler
                0x0000000000004262                CAN1_RX1_IRQHandler
                0x0000000000004264                CAN1_SCE_IRQHandler
                0x0000000000004268                TIM1_BRK_IRQHandler
                0x000000000000426c                TIM1_TRG_COM_IRQHandler
                0x000000000000426e                TIM1_CC_IRQHandler
                0x0000000000004276                I2C1_EV_IRQHandler
                0x0000000000004278                I2C1_ER_IRQHandler
                0x000000000000427a                I2C2_EV_IRQHandler
                0x000000000000427c                I2C2_ER_IRQHandler
                0x000000000000427e                SPI1_IRQHandler
                0x0000000000004280                SPI2_IRQHandler
                0x000000000000428a                RTCAlarm_IRQHandler
                0x000000000000428c                USBWakeUp_IRQHandler
                0x000000000000428e                TIM8_BRK_IRQHandler
                0x0000000000004292                TIM8_TRG_COM_IRQHandler
                0x0000000000004294                TIM8_CC_IRQHandler
                0x0000000000004296                RNG_IRQHandler
                0x0000000000004298                FSMC_IRQHandler
                0x000000000000429a                SDIO_IRQHandler
                0x000000000000429e                SPI3_IRQHandler
                0x00000000000042a8                DMA2_Channel1_IRQHandler
                0x00000000000042aa                DMA2_Channel2_IRQHandler
                0x00000000000042ac                DMA2_Channel3_IRQHandler
                0x00000000000042ae                DMA2_Channel4_IRQHandler
                0x00000000000042b0                DMA2_Channel5_IRQHandler
                0x00000000000042b2                ETH_IRQHandler
                0x00000000000042b4                ETH_WKUP_IRQHandler
                0x00000000000042b6                CAN2_TX_IRQHandler
                0x00000000000042b8                CAN2_RX0_IRQHandler
                0x00000000000042ba                CAN2_RX1_IRQHandler
                0x00000000000042bc                CAN2_SCE_IRQHandler
                0x00000000000042c0                USBHSWakeup_IRQHandler
                0x00000000000042c2                USBHS_IRQHandler
                0x00000000000042cc                TIM9_BRK_IRQHandler
                0x00000000000042d0                TIM9_TRG_COM_IRQHandler
                0x00000000000042d2                TIM9_CC_IRQHandler
                0x00000000000042d4                TIM10_BRK_IRQHandler
                0x00000000000042d8                TIM10_TRG_COM_IRQHandler
                0x00000000000042da                TIM10_CC_IRQHandler
                0x00000000000042dc                DMA2_Channel6_IRQHandler
                0x00000000000042de                DMA2_Channel7_IRQHandler
                0x00000000000042e0                DMA2_Channel8_IRQHandler
                0x00000000000042e2                DMA2_Channel9_IRQHandler
                0x00000000000042e4                DMA2_Channel10_IRQHandler
                0x00000000000042e6                DMA2_Channel11_IRQHandler
 .text.handle_reset
                0x00000000000042e8       0x86 ./sdk/Startup/startup_ch32v30x_D8C.o
                0x00000000000042e8                handle_reset
 .text.EXTI_GetITStatus
                0x000000000000436e       0x56 ./sdk/Peripheral/ch32v30x_exti.o
                0x000000000000436e                EXTI_GetITStatus
 .text.EXTI_ClearITPendingBit
                0x00000000000043c4       0x20 ./sdk/Peripheral/ch32v30x_exti.o
                0x00000000000043c4                EXTI_ClearITPendingBit
 .text.GPIO_Init
                0x00000000000043e4      0x22a ./sdk/Peripheral/ch32v30x_gpio.o
                0x00000000000043e4                GPIO_Init
 .text.GPIO_WriteBit
                0x000000000000460e       0x38 ./sdk/Peripheral/ch32v30x_gpio.o
                0x000000000000460e                GPIO_WriteBit
 .text.RCC_GetClocksFreq
                0x0000000000004646      0x2c6 ./sdk/Peripheral/ch32v30x_rcc.o
                0x0000000000004646                RCC_GetClocksFreq
 .text.RCC_APB2PeriphClockCmd
                0x000000000000490c       0x46 ./sdk/Peripheral/ch32v30x_rcc.o
                0x000000000000490c                RCC_APB2PeriphClockCmd
 .text.RCC_APB1PeriphClockCmd
                0x0000000000004952       0x46 ./sdk/Peripheral/ch32v30x_rcc.o
                0x0000000000004952                RCC_APB1PeriphClockCmd
 .text.TIM_GetITStatus
                0x0000000000004998       0x70 ./sdk/Peripheral/ch32v30x_tim.o
                0x0000000000004998                TIM_GetITStatus
 .text.TIM_ClearITPendingBit
                0x0000000000004a08       0x2e ./sdk/Peripheral/ch32v30x_tim.o
                0x0000000000004a08                TIM_ClearITPendingBit
 .text.USART_Init
                0x0000000000004a36      0x234 ./sdk/Peripheral/ch32v30x_usart.o
                0x0000000000004a36                USART_Init
 .text.USART_Cmd
                0x0000000000004c6a       0x60 ./sdk/Peripheral/ch32v30x_usart.o
                0x0000000000004c6a                USART_Cmd
 .text.USART_ITConfig
                0x0000000000004cca       0xc4 ./sdk/Peripheral/ch32v30x_usart.o
                0x0000000000004cca                USART_ITConfig
 .text.USART_SendData
                0x0000000000004d8e       0x2e ./sdk/Peripheral/ch32v30x_usart.o
                0x0000000000004d8e                USART_SendData
 .text.USART_GetFlagStatus
                0x0000000000004dbc       0x46 ./sdk/Peripheral/ch32v30x_usart.o
                0x0000000000004dbc                USART_GetFlagStatus
 .text.USART_GetITStatus
                0x0000000000004e02      0x102 ./sdk/Peripheral/ch32v30x_usart.o
                0x0000000000004e02                USART_GetITStatus
 .text.USART_ClearITPendingBit
                0x0000000000004f04       0x4e ./sdk/Peripheral/ch32v30x_usart.o
                0x0000000000004f04                USART_ClearITPendingBit
 .text.DevEP1_IN_Deal
                0x0000000000004f52       0x3e ./sdk/Peripheral/ch32v30x_usbotg_device.o
                0x0000000000004f52                DevEP1_IN_Deal
 .text.DevEP2_IN_Deal
                0x0000000000004f90       0x3e ./sdk/Peripheral/ch32v30x_usbotg_device.o
                0x0000000000004f90                DevEP2_IN_Deal
 .text.DevEP1_OUT_Deal
                0x0000000000004fce       0x64 ./sdk/Peripheral/ch32v30x_usbotg_device.o
                0x0000000000004fce                DevEP1_OUT_Deal
 .text.DevEP2_OUT_Deal
                0x0000000000005032       0x64 ./sdk/Peripheral/ch32v30x_usbotg_device.o
                0x0000000000005032                DevEP2_OUT_Deal
 .text.OTG_FS_IRQHandler
                0x0000000000005096      0xd16 ./sdk/Peripheral/ch32v30x_usbotg_device.o
                0x0000000000005096                OTG_FS_IRQHandler
 .text.PacketTag_Analysis
                0x0000000000005dac       0xba ./code/UART_Data_Unpacker.o
                0x0000000000005dac                PacketTag_Analysis
 .text.UnpackData_Handle_Float_FireWater
                0x0000000000005e66       0x3c ./code/UART_Data_Unpacker.o
                0x0000000000005e66                UnpackData_Handle_Float_FireWater
 .text.UnpackData_Handle_Int_FireWater
                0x0000000000005ea2       0x2e ./code/UART_Data_Unpacker.o
                0x0000000000005ea2                UnpackData_Handle_Int_FireWater
 .text.printf_USART3
                0x0000000000005ed0       0x52 ./code/UART_Data_Unpacker.o
                0x0000000000005ed0                printf_USART3
 .text.USART3_IRQ_Function
                0x0000000000005f22       0xe4 ./code/UART_Data_Unpacker.o
                0x0000000000005f22                USART3_IRQ_Function
 .text.__adddf3
                0x0000000000006006      0xa0e c:/mounriver/mounriver_studio/toolchain/risc-v embedded gcc/bin/../lib/gcc/riscv-none-embed/8.2.0/rv32imafc/ilp32f\libgcc.a(adddf3.o)
                0x0000000000006006                __adddf3
 .text.__divdf3
                0x0000000000006a14      0x7ea c:/mounriver/mounriver_studio/toolchain/risc-v embedded gcc/bin/../lib/gcc/riscv-none-embed/8.2.0/rv32imafc/ilp32f\libgcc.a(divdf3.o)
                0x0000000000006a14                __divdf3
 .text.__eqdf2  0x00000000000071fe       0x98 c:/mounriver/mounriver_studio/toolchain/risc-v embedded gcc/bin/../lib/gcc/riscv-none-embed/8.2.0/rv32imafc/ilp32f\libgcc.a(eqdf2.o)
                0x00000000000071fe                __nedf2
                0x00000000000071fe                __eqdf2
 .text.__gedf2  0x0000000000007296       0xb6 c:/mounriver/mounriver_studio/toolchain/risc-v embedded gcc/bin/../lib/gcc/riscv-none-embed/8.2.0/rv32imafc/ilp32f\libgcc.a(gedf2.o)
                0x0000000000007296                __gedf2
                0x0000000000007296                __gtdf2
 .text.__ledf2  0x000000000000734c       0xb6 c:/mounriver/mounriver_studio/toolchain/risc-v embedded gcc/bin/../lib/gcc/riscv-none-embed/8.2.0/rv32imafc/ilp32f\libgcc.a(ledf2.o)
                0x000000000000734c                __ledf2
                0x000000000000734c                __ltdf2
 .text.__muldf3
                0x0000000000007402      0x656 c:/mounriver/mounriver_studio/toolchain/risc-v embedded gcc/bin/../lib/gcc/riscv-none-embed/8.2.0/rv32imafc/ilp32f\libgcc.a(muldf3.o)
                0x0000000000007402                __muldf3
 .text.__subdf3
                0x0000000000007a58      0xa8c c:/mounriver/mounriver_studio/toolchain/risc-v embedded gcc/bin/../lib/gcc/riscv-none-embed/8.2.0/rv32imafc/ilp32f\libgcc.a(subdf3.o)
                0x0000000000007a58                __subdf3
 .text.__unorddf2
                0x00000000000084e4       0x7c c:/mounriver/mounriver_studio/toolchain/risc-v embedded gcc/bin/../lib/gcc/riscv-none-embed/8.2.0/rv32imafc/ilp32f\libgcc.a(unorddf2.o)
                0x00000000000084e4                __unorddf2
 .text.__fixdfsi
                0x0000000000008560       0xd8 c:/mounriver/mounriver_studio/toolchain/risc-v embedded gcc/bin/../lib/gcc/riscv-none-embed/8.2.0/rv32imafc/ilp32f\libgcc.a(fixdfsi.o)
                0x0000000000008560                __fixdfsi
 .text.__fixunsdfsi
                0x0000000000008638       0x9e c:/mounriver/mounriver_studio/toolchain/risc-v embedded gcc/bin/../lib/gcc/riscv-none-embed/8.2.0/rv32imafc/ilp32f\libgcc.a(fixunsdfsi.o)
                0x0000000000008638                __fixunsdfsi
 .text.__floatsidf
                0x00000000000086d6       0x70 c:/mounriver/mounriver_studio/toolchain/risc-v embedded gcc/bin/../lib/gcc/riscv-none-embed/8.2.0/rv32imafc/ilp32f\libgcc.a(floatsidf.o)
                0x00000000000086d6                __floatsidf
 .text.__floatunsidf
                0x0000000000008746       0x66 c:/mounriver/mounriver_studio/toolchain/risc-v embedded gcc/bin/../lib/gcc/riscv-none-embed/8.2.0/rv32imafc/ilp32f\libgcc.a(floatunsidf.o)
                0x0000000000008746                __floatunsidf
 .text.__extendsfdf2
                0x00000000000087ac       0xe8 c:/mounriver/mounriver_studio/toolchain/risc-v embedded gcc/bin/../lib/gcc/riscv-none-embed/8.2.0/rv32imafc/ilp32f\libgcc.a(extendsfdf2.o)
                0x00000000000087ac                __extendsfdf2
 .text.__truncdfsf2
                0x0000000000008894      0x31e c:/mounriver/mounriver_studio/toolchain/risc-v embedded gcc/bin/../lib/gcc/riscv-none-embed/8.2.0/rv32imafc/ilp32f\libgcc.a(truncdfsf2.o)
                0x0000000000008894                __truncdfsf2
 .text.__clzsi2
                0x0000000000008bb2       0x76 c:/mounriver/mounriver_studio/toolchain/risc-v embedded gcc/bin/../lib/gcc/riscv-none-embed/8.2.0/rv32imafc/ilp32f\libgcc.a(_clzsi2.o)
                0x0000000000008bb2                __clzsi2
 .text.atof     0x0000000000008c28        0x6 c:/mounriver/mounriver_studio/toolchain/risc-v embedded gcc/bin/../lib/gcc/riscv-none-embed/8.2.0/../../../../riscv-none-embed/lib/rv32imafc/ilp32f\libg_nano.a(lib_a-atof.o)
                0x0000000000008c28                atof
 .text.atoi     0x0000000000008c2e        0x8 c:/mounriver/mounriver_studio/toolchain/risc-v embedded gcc/bin/../lib/gcc/riscv-none-embed/8.2.0/../../../../riscv-none-embed/lib/rv32imafc/ilp32f\libg_nano.a(lib_a-atoi.o)
                0x0000000000008c2e                atoi
 .text.malloc   0x0000000000008c36        0xa c:/mounriver/mounriver_studio/toolchain/risc-v embedded gcc/bin/../lib/gcc/riscv-none-embed/8.2.0/../../../../riscv-none-embed/lib/rv32imafc/ilp32f\libg_nano.a(lib_a-malloc.o)
                0x0000000000008c36                malloc
 .text.memcpy   0x0000000000008c40       0xb6 c:/mounriver/mounriver_studio/toolchain/risc-v embedded gcc/bin/../lib/gcc/riscv-none-embed/8.2.0/../../../../riscv-none-embed/lib/rv32imafc/ilp32f\libg_nano.a(lib_a-memcpy.o)
                0x0000000000008c40                memcpy
 .text._free_r  0x0000000000008cf6       0xa8 c:/mounriver/mounriver_studio/toolchain/risc-v embedded gcc/bin/../lib/gcc/riscv-none-embed/8.2.0/../../../../riscv-none-embed/lib/rv32imafc/ilp32f\libg_nano.a(lib_a-nano-freer.o)
                0x0000000000008cf6                _free_r
 .text._malloc_r
                0x0000000000008d9e       0xda c:/mounriver/mounriver_studio/toolchain/risc-v embedded gcc/bin/../lib/gcc/riscv-none-embed/8.2.0/../../../../riscv-none-embed/lib/rv32imafc/ilp32f\libg_nano.a(lib_a-nano-mallocr.o)
                0x0000000000008d9e                _malloc_r
 .text.__sfputc_r
                0x0000000000008e78       0x2a c:/mounriver/mounriver_studio/toolchain/risc-v embedded gcc/bin/../lib/gcc/riscv-none-embed/8.2.0/../../../../riscv-none-embed/lib/rv32imafc/ilp32f\libg_nano.a(lib_a-nano-vfprintf.o)
 .text.__sfputs_r
                0x0000000000008ea2       0x44 c:/mounriver/mounriver_studio/toolchain/risc-v embedded gcc/bin/../lib/gcc/riscv-none-embed/8.2.0/../../../../riscv-none-embed/lib/rv32imafc/ilp32f\libg_nano.a(lib_a-nano-vfprintf.o)
                0x0000000000008ea2                __sfputs_r
 .text._vfprintf_r
                0x0000000000008ee6      0x29c c:/mounriver/mounriver_studio/toolchain/risc-v embedded gcc/bin/../lib/gcc/riscv-none-embed/8.2.0/../../../../riscv-none-embed/lib/rv32imafc/ilp32f\libg_nano.a(lib_a-nano-vfprintf.o)
                0x0000000000008ee6                _vfprintf_r
                0x0000000000008ee6                _vfiprintf_r
 .text.__cvt    0x0000000000009182       0xee c:/mounriver/mounriver_studio/toolchain/risc-v embedded gcc/bin/../lib/gcc/riscv-none-embed/8.2.0/../../../../riscv-none-embed/lib/rv32imafc/ilp32f\libg_nano.a(lib_a-nano-vfprintf_float.o)
                0x0000000000009182                __cvt
 .text.__exponent
                0x0000000000009270       0x8c c:/mounriver/mounriver_studio/toolchain/risc-v embedded gcc/bin/../lib/gcc/riscv-none-embed/8.2.0/../../../../riscv-none-embed/lib/rv32imafc/ilp32f\libg_nano.a(lib_a-nano-vfprintf_float.o)
                0x0000000000009270                __exponent
 .text._printf_float
                0x00000000000092fc      0x4c4 c:/mounriver/mounriver_studio/toolchain/risc-v embedded gcc/bin/../lib/gcc/riscv-none-embed/8.2.0/../../../../riscv-none-embed/lib/rv32imafc/ilp32f\libg_nano.a(lib_a-nano-vfprintf_float.o)
                0x00000000000092fc                _printf_float
 .text._printf_common
                0x00000000000097c0      0x10c c:/mounriver/mounriver_studio/toolchain/risc-v embedded gcc/bin/../lib/gcc/riscv-none-embed/8.2.0/../../../../riscv-none-embed/lib/rv32imafc/ilp32f\libg_nano.a(lib_a-nano-vfprintf_i.o)
                0x00000000000097c0                _printf_common
 .text._printf_i
                0x00000000000098cc      0x2ac c:/mounriver/mounriver_studio/toolchain/risc-v embedded gcc/bin/../lib/gcc/riscv-none-embed/8.2.0/../../../../riscv-none-embed/lib/rv32imafc/ilp32f\libg_nano.a(lib_a-nano-vfprintf_i.o)
                0x00000000000098cc                _printf_i
 .text.printf   0x0000000000009b78       0x42 c:/mounriver/mounriver_studio/toolchain/risc-v embedded gcc/bin/../lib/gcc/riscv-none-embed/8.2.0/../../../../riscv-none-embed/lib/rv32imafc/ilp32f\libg_nano.a(lib_a-printf.o)
                0x0000000000009b78                iprintf
                0x0000000000009b78                printf
 .text._sbrk_r  0x0000000000009bba       0x2a c:/mounriver/mounriver_studio/toolchain/risc-v embedded gcc/bin/../lib/gcc/riscv-none-embed/8.2.0/../../../../riscv-none-embed/lib/rv32imafc/ilp32f\libg_nano.a(lib_a-sbrkr.o)
                0x0000000000009bba                _sbrk_r
 .text.sprintf  0x0000000000009be4       0x46 c:/mounriver/mounriver_studio/toolchain/risc-v embedded gcc/bin/../lib/gcc/riscv-none-embed/8.2.0/../../../../riscv-none-embed/lib/rv32imafc/ilp32f\libg_nano.a(lib_a-sprintf.o)
                0x0000000000009be4                siprintf
                0x0000000000009be4                sprintf
 .text.strlen   0x0000000000009c2a       0x12 c:/mounriver/mounriver_studio/toolchain/risc-v embedded gcc/bin/../lib/gcc/riscv-none-embed/8.2.0/../../../../riscv-none-embed/lib/rv32imafc/ilp32f\libg_nano.a(lib_a-strlen.o)
                0x0000000000009c2a                strlen
 .text.strncmp  0x0000000000009c3c       0x2c c:/mounriver/mounriver_studio/toolchain/risc-v embedded gcc/bin/../lib/gcc/riscv-none-embed/8.2.0/../../../../riscv-none-embed/lib/rv32imafc/ilp32f\libg_nano.a(lib_a-strncmp.o)
                0x0000000000009c3c                strncmp
 .text.strncpy  0x0000000000009c68       0x24 c:/mounriver/mounriver_studio/toolchain/risc-v embedded gcc/bin/../lib/gcc/riscv-none-embed/8.2.0/../../../../riscv-none-embed/lib/rv32imafc/ilp32f\libg_nano.a(lib_a-strncpy.o)
                0x0000000000009c68                strncpy
 .text.sulp     0x0000000000009c8c       0x4e c:/mounriver/mounriver_studio/toolchain/risc-v embedded gcc/bin/../lib/gcc/riscv-none-embed/8.2.0/../../../../riscv-none-embed/lib/rv32imafc/ilp32f\libg_nano.a(lib_a-strtod.o)
 .text._strtod_l
                0x0000000000009cda      0xc9c c:/mounriver/mounriver_studio/toolchain/risc-v embedded gcc/bin/../lib/gcc/riscv-none-embed/8.2.0/../../../../riscv-none-embed/lib/rv32imafc/ilp32f\libg_nano.a(lib_a-strtod.o)
                0x0000000000009cda                _strtod_l
 .text.strtod   0x000000000000a976       0x1c c:/mounriver/mounriver_studio/toolchain/risc-v embedded gcc/bin/../lib/gcc/riscv-none-embed/8.2.0/../../../../riscv-none-embed/lib/rv32imafc/ilp32f\libg_nano.a(lib_a-strtod.o)
                0x000000000000a976                strtod
 .text._strtol_l.isra.0
                0x000000000000a992      0x144 c:/mounriver/mounriver_studio/toolchain/risc-v embedded gcc/bin/../lib/gcc/riscv-none-embed/8.2.0/../../../../riscv-none-embed/lib/rv32imafc/ilp32f\libg_nano.a(lib_a-strtol.o)
 .text.strtol   0x000000000000aad6       0x1e c:/mounriver/mounriver_studio/toolchain/risc-v embedded gcc/bin/../lib/gcc/riscv-none-embed/8.2.0/../../../../riscv-none-embed/lib/rv32imafc/ilp32f\libg_nano.a(lib_a-strtol.o)
                0x000000000000aad6                strtol
 .text._vsprintf_r
                0x000000000000aaf4       0x2e c:/mounriver/mounriver_studio/toolchain/risc-v embedded gcc/bin/../lib/gcc/riscv-none-embed/8.2.0/../../../../riscv-none-embed/lib/rv32imafc/ilp32f\libg_nano.a(lib_a-vsprintf.o)
                0x000000000000aaf4                _vsprintf_r
                0x000000000000aaf4                _vsiprintf_r
 .text.vsprintf
                0x000000000000ab22       0x10 c:/mounriver/mounriver_studio/toolchain/risc-v embedded gcc/bin/../lib/gcc/riscv-none-embed/8.2.0/../../../../riscv-none-embed/lib/rv32imafc/ilp32f\libg_nano.a(lib_a-vsprintf.o)
                0x000000000000ab22                vsiprintf
                0x000000000000ab22                vsprintf
 .text.__swbuf_r
                0x000000000000ab32       0xc6 c:/mounriver/mounriver_studio/toolchain/risc-v embedded gcc/bin/../lib/gcc/riscv-none-embed/8.2.0/../../../../riscv-none-embed/lib/rv32imafc/ilp32f\libg_nano.a(lib_a-wbuf.o)
                0x000000000000ab32                __swbuf_r
 .text.__swsetup_r
                0x000000000000abf8      0x112 c:/mounriver/mounriver_studio/toolchain/risc-v embedded gcc/bin/../lib/gcc/riscv-none-embed/8.2.0/../../../../riscv-none-embed/lib/rv32imafc/ilp32f\libg_nano.a(lib_a-wsetup.o)
                0x000000000000abf8                __swsetup_r
 .text.quorem   0x000000000000ad0a      0x13a c:/mounriver/mounriver_studio/toolchain/risc-v embedded gcc/bin/../lib/gcc/riscv-none-embed/8.2.0/../../../../riscv-none-embed/lib/rv32imafc/ilp32f\libg_nano.a(lib_a-dtoa.o)
 .text._dtoa_r  0x000000000000ae44      0xc04 c:/mounriver/mounriver_studio/toolchain/risc-v embedded gcc/bin/../lib/gcc/riscv-none-embed/8.2.0/../../../../riscv-none-embed/lib/rv32imafc/ilp32f\libg_nano.a(lib_a-dtoa.o)
                0x000000000000ae44                _dtoa_r
 .text.__sflush_r
                0x000000000000ba48      0x13e c:/mounriver/mounriver_studio/toolchain/risc-v embedded gcc/bin/../lib/gcc/riscv-none-embed/8.2.0/../../../../riscv-none-embed/lib/rv32imafc/ilp32f\libg_nano.a(lib_a-fflush.o)
                0x000000000000ba48                __sflush_r
 .text._fflush_r
                0x000000000000bb86       0x66 c:/mounriver/mounriver_studio/toolchain/risc-v embedded gcc/bin/../lib/gcc/riscv-none-embed/8.2.0/../../../../riscv-none-embed/lib/rv32imafc/ilp32f\libg_nano.a(lib_a-fflush.o)
                0x000000000000bb86                _fflush_r
 .text.std      0x000000000000bbec       0x6a c:/mounriver/mounriver_studio/toolchain/risc-v embedded gcc/bin/../lib/gcc/riscv-none-embed/8.2.0/../../../../riscv-none-embed/lib/rv32imafc/ilp32f\libg_nano.a(lib_a-findfp.o)
 .text._cleanup_r
                0x000000000000bc56        0xa c:/mounriver/mounriver_studio/toolchain/risc-v embedded gcc/bin/../lib/gcc/riscv-none-embed/8.2.0/../../../../riscv-none-embed/lib/rv32imafc/ilp32f\libg_nano.a(lib_a-findfp.o)
                0x000000000000bc56                _cleanup_r
 .text.__sfmoreglue
                0x000000000000bc60       0x48 c:/mounriver/mounriver_studio/toolchain/risc-v embedded gcc/bin/../lib/gcc/riscv-none-embed/8.2.0/../../../../riscv-none-embed/lib/rv32imafc/ilp32f\libg_nano.a(lib_a-findfp.o)
                0x000000000000bc60                __sfmoreglue
 .text.__sinit  0x000000000000bca8       0x6c c:/mounriver/mounriver_studio/toolchain/risc-v embedded gcc/bin/../lib/gcc/riscv-none-embed/8.2.0/../../../../riscv-none-embed/lib/rv32imafc/ilp32f\libg_nano.a(lib_a-findfp.o)
                0x000000000000bca8                __sinit
 .text.__sfp    0x000000000000bd14       0xa0 c:/mounriver/mounriver_studio/toolchain/risc-v embedded gcc/bin/../lib/gcc/riscv-none-embed/8.2.0/../../../../riscv-none-embed/lib/rv32imafc/ilp32f\libg_nano.a(lib_a-findfp.o)
                0x000000000000bd14                __sfp
 .text._fwalk_reent
                0x000000000000bdb4       0x6c c:/mounriver/mounriver_studio/toolchain/risc-v embedded gcc/bin/../lib/gcc/riscv-none-embed/8.2.0/../../../../riscv-none-embed/lib/rv32imafc/ilp32f\libg_nano.a(lib_a-fwalk.o)
                0x000000000000bdb4                _fwalk_reent
 .text.rshift   0x000000000000be20       0x76 c:/mounriver/mounriver_studio/toolchain/risc-v embedded gcc/bin/../lib/gcc/riscv-none-embed/8.2.0/../../../../riscv-none-embed/lib/rv32imafc/ilp32f\libg_nano.a(lib_a-gdtoa-gethex.o)
 .text.__hexdig_fun
                0x000000000000be96       0x40 c:/mounriver/mounriver_studio/toolchain/risc-v embedded gcc/bin/../lib/gcc/riscv-none-embed/8.2.0/../../../../riscv-none-embed/lib/rv32imafc/ilp32f\libg_nano.a(lib_a-gdtoa-gethex.o)
                0x000000000000be96                __hexdig_fun
 .text.__gethex
                0x000000000000bed6      0x4ce c:/mounriver/mounriver_studio/toolchain/risc-v embedded gcc/bin/../lib/gcc/riscv-none-embed/8.2.0/../../../../riscv-none-embed/lib/rv32imafc/ilp32f\libg_nano.a(lib_a-gdtoa-gethex.o)
                0x000000000000bed6                __gethex
 .text.L_shift  0x000000000000c3a4       0x2c c:/mounriver/mounriver_studio/toolchain/risc-v embedded gcc/bin/../lib/gcc/riscv-none-embed/8.2.0/../../../../riscv-none-embed/lib/rv32imafc/ilp32f\libg_nano.a(lib_a-gdtoa-hexnan.o)
 .text.__match  0x000000000000c3d0       0x30 c:/mounriver/mounriver_studio/toolchain/risc-v embedded gcc/bin/../lib/gcc/riscv-none-embed/8.2.0/../../../../riscv-none-embed/lib/rv32imafc/ilp32f\libg_nano.a(lib_a-gdtoa-hexnan.o)
                0x000000000000c3d0                __match
 .text.__hexnan
                0x000000000000c400      0x160 c:/mounriver/mounriver_studio/toolchain/risc-v embedded gcc/bin/../lib/gcc/riscv-none-embed/8.2.0/../../../../riscv-none-embed/lib/rv32imafc/ilp32f\libg_nano.a(lib_a-gdtoa-hexnan.o)
                0x000000000000c400                __hexnan
 .text.__locale_ctype_ptr_l
                0x000000000000c560        0x6 c:/mounriver/mounriver_studio/toolchain/risc-v embedded gcc/bin/../lib/gcc/riscv-none-embed/8.2.0/../../../../riscv-none-embed/lib/rv32imafc/ilp32f\libg_nano.a(lib_a-locale.o)
                0x000000000000c560                __locale_ctype_ptr_l
 .text.__localeconv_l
                0x000000000000c566        0x6 c:/mounriver/mounriver_studio/toolchain/risc-v embedded gcc/bin/../lib/gcc/riscv-none-embed/8.2.0/../../../../riscv-none-embed/lib/rv32imafc/ilp32f\libg_nano.a(lib_a-localeconv.o)
                0x000000000000c566                __localeconv_l
 .text._localeconv_r
                0x000000000000c56c       0x18 c:/mounriver/mounriver_studio/toolchain/risc-v embedded gcc/bin/../lib/gcc/riscv-none-embed/8.2.0/../../../../riscv-none-embed/lib/rv32imafc/ilp32f\libg_nano.a(lib_a-localeconv.o)
                0x000000000000c56c                _localeconv_r
 .text.__swhatbuf_r
                0x000000000000c584       0x5a c:/mounriver/mounriver_studio/toolchain/risc-v embedded gcc/bin/../lib/gcc/riscv-none-embed/8.2.0/../../../../riscv-none-embed/lib/rv32imafc/ilp32f\libg_nano.a(lib_a-makebuf.o)
                0x000000000000c584                __swhatbuf_r
 .text.__smakebuf_r
                0x000000000000c5de       0xa2 c:/mounriver/mounriver_studio/toolchain/risc-v embedded gcc/bin/../lib/gcc/riscv-none-embed/8.2.0/../../../../riscv-none-embed/lib/rv32imafc/ilp32f\libg_nano.a(lib_a-makebuf.o)
                0x000000000000c5de                __smakebuf_r
 .text.__ascii_mbtowc
                0x000000000000c680       0x3a c:/mounriver/mounriver_studio/toolchain/risc-v embedded gcc/bin/../lib/gcc/riscv-none-embed/8.2.0/../../../../riscv-none-embed/lib/rv32imafc/ilp32f\libg_nano.a(lib_a-mbtowc_r.o)
                0x000000000000c680                __ascii_mbtowc
 .text.memchr   0x000000000000c6ba       0x1a c:/mounriver/mounriver_studio/toolchain/risc-v embedded gcc/bin/../lib/gcc/riscv-none-embed/8.2.0/../../../../riscv-none-embed/lib/rv32imafc/ilp32f\libg_nano.a(lib_a-memchr.o)
                0x000000000000c6ba                memchr
 .text.memmove  0x000000000000c6d4       0x4a c:/mounriver/mounriver_studio/toolchain/risc-v embedded gcc/bin/../lib/gcc/riscv-none-embed/8.2.0/../../../../riscv-none-embed/lib/rv32imafc/ilp32f\libg_nano.a(lib_a-memmove.o)
                0x000000000000c6d4                memmove
 .text.__malloc_lock
                0x000000000000c71e        0x2 c:/mounriver/mounriver_studio/toolchain/risc-v embedded gcc/bin/../lib/gcc/riscv-none-embed/8.2.0/../../../../riscv-none-embed/lib/rv32imafc/ilp32f\libg_nano.a(lib_a-mlock.o)
                0x000000000000c71e                __malloc_lock
 .text.__malloc_unlock
                0x000000000000c720        0x2 c:/mounriver/mounriver_studio/toolchain/risc-v embedded gcc/bin/../lib/gcc/riscv-none-embed/8.2.0/../../../../riscv-none-embed/lib/rv32imafc/ilp32f\libg_nano.a(lib_a-mlock.o)
                0x000000000000c720                __malloc_unlock
 .text._Balloc  0x000000000000c722       0x8c c:/mounriver/mounriver_studio/toolchain/risc-v embedded gcc/bin/../lib/gcc/riscv-none-embed/8.2.0/../../../../riscv-none-embed/lib/rv32imafc/ilp32f\libg_nano.a(lib_a-mprec.o)
                0x000000000000c722                _Balloc
 .text._Bfree   0x000000000000c7ae       0x44 c:/mounriver/mounriver_studio/toolchain/risc-v embedded gcc/bin/../lib/gcc/riscv-none-embed/8.2.0/../../../../riscv-none-embed/lib/rv32imafc/ilp32f\libg_nano.a(lib_a-mprec.o)
                0x000000000000c7ae                _Bfree
 .text.__multadd
                0x000000000000c7f2       0x98 c:/mounriver/mounriver_studio/toolchain/risc-v embedded gcc/bin/../lib/gcc/riscv-none-embed/8.2.0/../../../../riscv-none-embed/lib/rv32imafc/ilp32f\libg_nano.a(lib_a-mprec.o)
                0x000000000000c7f2                __multadd
 .text.__s2b    0x000000000000c88a       0xa6 c:/mounriver/mounriver_studio/toolchain/risc-v embedded gcc/bin/../lib/gcc/riscv-none-embed/8.2.0/../../../../riscv-none-embed/lib/rv32imafc/ilp32f\libg_nano.a(lib_a-mprec.o)
                0x000000000000c88a                __s2b
 .text.__hi0bits
                0x000000000000c930       0x46 c:/mounriver/mounriver_studio/toolchain/risc-v embedded gcc/bin/../lib/gcc/riscv-none-embed/8.2.0/../../../../riscv-none-embed/lib/rv32imafc/ilp32f\libg_nano.a(lib_a-mprec.o)
                0x000000000000c930                __hi0bits
 .text.__lo0bits
                0x000000000000c976       0x6a c:/mounriver/mounriver_studio/toolchain/risc-v embedded gcc/bin/../lib/gcc/riscv-none-embed/8.2.0/../../../../riscv-none-embed/lib/rv32imafc/ilp32f\libg_nano.a(lib_a-mprec.o)
                0x000000000000c976                __lo0bits
 .text.__i2b    0x000000000000c9e0       0x1c c:/mounriver/mounriver_studio/toolchain/risc-v embedded gcc/bin/../lib/gcc/riscv-none-embed/8.2.0/../../../../riscv-none-embed/lib/rv32imafc/ilp32f\libg_nano.a(lib_a-mprec.o)
                0x000000000000c9e0                __i2b
 .text.__multiply
                0x000000000000c9fc      0x144 c:/mounriver/mounriver_studio/toolchain/risc-v embedded gcc/bin/../lib/gcc/riscv-none-embed/8.2.0/../../../../riscv-none-embed/lib/rv32imafc/ilp32f\libg_nano.a(lib_a-mprec.o)
                0x000000000000c9fc                __multiply
 .text.__pow5mult
                0x000000000000cb40       0xbe c:/mounriver/mounriver_studio/toolchain/risc-v embedded gcc/bin/../lib/gcc/riscv-none-embed/8.2.0/../../../../riscv-none-embed/lib/rv32imafc/ilp32f\libg_nano.a(lib_a-mprec.o)
                0x000000000000cb40                __pow5mult
 .text.__lshift
                0x000000000000cbfe       0xce c:/mounriver/mounriver_studio/toolchain/risc-v embedded gcc/bin/../lib/gcc/riscv-none-embed/8.2.0/../../../../riscv-none-embed/lib/rv32imafc/ilp32f\libg_nano.a(lib_a-mprec.o)
                0x000000000000cbfe                __lshift
 .text.__mcmp   0x000000000000cccc       0x32 c:/mounriver/mounriver_studio/toolchain/risc-v embedded gcc/bin/../lib/gcc/riscv-none-embed/8.2.0/../../../../riscv-none-embed/lib/rv32imafc/ilp32f\libg_nano.a(lib_a-mprec.o)
                0x000000000000cccc                __mcmp
 .text.__mdiff  0x000000000000ccfe       0xf2 c:/mounriver/mounriver_studio/toolchain/risc-v embedded gcc/bin/../lib/gcc/riscv-none-embed/8.2.0/../../../../riscv-none-embed/lib/rv32imafc/ilp32f\libg_nano.a(lib_a-mprec.o)
                0x000000000000ccfe                __mdiff
 .text.__ulp    0x000000000000cdf0       0x46 c:/mounriver/mounriver_studio/toolchain/risc-v embedded gcc/bin/../lib/gcc/riscv-none-embed/8.2.0/../../../../riscv-none-embed/lib/rv32imafc/ilp32f\libg_nano.a(lib_a-mprec.o)
                0x000000000000cdf0                __ulp
 .text.__b2d    0x000000000000ce36       0xb4 c:/mounriver/mounriver_studio/toolchain/risc-v embedded gcc/bin/../lib/gcc/riscv-none-embed/8.2.0/../../../../riscv-none-embed/lib/rv32imafc/ilp32f\libg_nano.a(lib_a-mprec.o)
                0x000000000000ce36                __b2d
 .text.__d2b    0x000000000000ceea       0xd4 c:/mounriver/mounriver_studio/toolchain/risc-v embedded gcc/bin/../lib/gcc/riscv-none-embed/8.2.0/../../../../riscv-none-embed/lib/rv32imafc/ilp32f\libg_nano.a(lib_a-mprec.o)
                0x000000000000ceea                __d2b
 .text.__ratio  0x000000000000cfbe       0x74 c:/mounriver/mounriver_studio/toolchain/risc-v embedded gcc/bin/../lib/gcc/riscv-none-embed/8.2.0/../../../../riscv-none-embed/lib/rv32imafc/ilp32f\libg_nano.a(lib_a-mprec.o)
                0x000000000000cfbe                __ratio
 .text.__copybits
                0x000000000000d032       0x36 c:/mounriver/mounriver_studio/toolchain/risc-v embedded gcc/bin/../lib/gcc/riscv-none-embed/8.2.0/../../../../riscv-none-embed/lib/rv32imafc/ilp32f\libg_nano.a(lib_a-mprec.o)
                0x000000000000d032                __copybits
 .text.__any_on
                0x000000000000d068       0x46 c:/mounriver/mounriver_studio/toolchain/risc-v embedded gcc/bin/../lib/gcc/riscv-none-embed/8.2.0/../../../../riscv-none-embed/lib/rv32imafc/ilp32f\libg_nano.a(lib_a-mprec.o)
                0x000000000000d068                __any_on
 .text._calloc_r
                0x000000000000d0ae       0x28 c:/mounriver/mounriver_studio/toolchain/risc-v embedded gcc/bin/../lib/gcc/riscv-none-embed/8.2.0/../../../../riscv-none-embed/lib/rv32imafc/ilp32f\libg_nano.a(lib_a-nano-callocr.o)
                0x000000000000d0ae                _calloc_r
 .text._realloc_r
                0x000000000000d0d6       0x58 c:/mounriver/mounriver_studio/toolchain/risc-v embedded gcc/bin/../lib/gcc/riscv-none-embed/8.2.0/../../../../riscv-none-embed/lib/rv32imafc/ilp32f\libg_nano.a(lib_a-nano-reallocr.o)
                0x000000000000d0d6                _realloc_r
 .text.__ssputs_r
                0x000000000000d12e       0xee c:/mounriver/mounriver_studio/toolchain/risc-v embedded gcc/bin/../lib/gcc/riscv-none-embed/8.2.0/../../../../riscv-none-embed/lib/rv32imafc/ilp32f\libg_nano.a(lib_a-nano-svfprintf.o)
                0x000000000000d12e                __ssputs_r
 .text._svfprintf_r
                0x000000000000d21c      0x27e c:/mounriver/mounriver_studio/toolchain/risc-v embedded gcc/bin/../lib/gcc/riscv-none-embed/8.2.0/../../../../riscv-none-embed/lib/rv32imafc/ilp32f\libg_nano.a(lib_a-nano-svfprintf.o)
                0x000000000000d21c                _svfiprintf_r
                0x000000000000d21c                _svfprintf_r
 .text.__sread  0x000000000000d49a       0x30 c:/mounriver/mounriver_studio/toolchain/risc-v embedded gcc/bin/../lib/gcc/riscv-none-embed/8.2.0/../../../../riscv-none-embed/lib/rv32imafc/ilp32f\libg_nano.a(lib_a-stdio.o)
                0x000000000000d49a                __sread
 .text.__swrite
                0x000000000000d4ca       0x4e c:/mounriver/mounriver_studio/toolchain/risc-v embedded gcc/bin/../lib/gcc/riscv-none-embed/8.2.0/../../../../riscv-none-embed/lib/rv32imafc/ilp32f\libg_nano.a(lib_a-stdio.o)
                0x000000000000d4ca                __swrite
 .text.__sseek  0x000000000000d518       0x36 c:/mounriver/mounriver_studio/toolchain/risc-v embedded gcc/bin/../lib/gcc/riscv-none-embed/8.2.0/../../../../riscv-none-embed/lib/rv32imafc/ilp32f\libg_nano.a(lib_a-stdio.o)
                0x000000000000d518                __sseek
 .text.__sclose
                0x000000000000d54e        0x6 c:/mounriver/mounriver_studio/toolchain/risc-v embedded gcc/bin/../lib/gcc/riscv-none-embed/8.2.0/../../../../riscv-none-embed/lib/rv32imafc/ilp32f\libg_nano.a(lib_a-stdio.o)
                0x000000000000d54e                __sclose
 .text.__ascii_wctomb
                0x000000000000d554       0x20 c:/mounriver/mounriver_studio/toolchain/risc-v embedded gcc/bin/../lib/gcc/riscv-none-embed/8.2.0/../../../../riscv-none-embed/lib/rv32imafc/ilp32f\libg_nano.a(lib_a-wctomb_r.o)
                0x000000000000d554                __ascii_wctomb
 .text._write_r
                0x000000000000d574       0x2e c:/mounriver/mounriver_studio/toolchain/risc-v embedded gcc/bin/../lib/gcc/riscv-none-embed/8.2.0/../../../../riscv-none-embed/lib/rv32imafc/ilp32f\libg_nano.a(lib_a-writer.o)
                0x000000000000d574                _write_r
 .text._close_r
                0x000000000000d5a2       0x28 c:/mounriver/mounriver_studio/toolchain/risc-v embedded gcc/bin/../lib/gcc/riscv-none-embed/8.2.0/../../../../riscv-none-embed/lib/rv32imafc/ilp32f\libg_nano.a(lib_a-closer.o)
                0x000000000000d5a2                _close_r
 .text._fstat_r
                0x000000000000d5ca       0x2a c:/mounriver/mounriver_studio/toolchain/risc-v embedded gcc/bin/../lib/gcc/riscv-none-embed/8.2.0/../../../../riscv-none-embed/lib/rv32imafc/ilp32f\libg_nano.a(lib_a-fstatr.o)
                0x000000000000d5ca                _fstat_r
 .text._isatty_r
                0x000000000000d5f4       0x28 c:/mounriver/mounriver_studio/toolchain/risc-v embedded gcc/bin/../lib/gcc/riscv-none-embed/8.2.0/../../../../riscv-none-embed/lib/rv32imafc/ilp32f\libg_nano.a(lib_a-isattyr.o)
                0x000000000000d5f4                _isatty_r
 .text._lseek_r
                0x000000000000d61c       0x2c c:/mounriver/mounriver_studio/toolchain/risc-v embedded gcc/bin/../lib/gcc/riscv-none-embed/8.2.0/../../../../riscv-none-embed/lib/rv32imafc/ilp32f\libg_nano.a(lib_a-lseekr.o)
                0x000000000000d61c                _lseek_r
 .text._malloc_usable_size_r
                0x000000000000d648       0x14 c:/mounriver/mounriver_studio/toolchain/risc-v embedded gcc/bin/../lib/gcc/riscv-none-embed/8.2.0/../../../../riscv-none-embed/lib/rv32imafc/ilp32f\libg_nano.a(lib_a-nano-msizer.o)
                0x000000000000d648                _malloc_usable_size_r
 .text._read_r  0x000000000000d65c       0x2c c:/mounriver/mounriver_studio/toolchain/risc-v embedded gcc/bin/../lib/gcc/riscv-none-embed/8.2.0/../../../../riscv-none-embed/lib/rv32imafc/ilp32f\libg_nano.a(lib_a-readr.o)
                0x000000000000d65c                _read_r
 .text.__trunctfdf2
                0x000000000000d688      0x3d0 c:/mounriver/mounriver_studio/toolchain/risc-v embedded gcc/bin/../lib/gcc/riscv-none-embed/8.2.0/rv32imafc/ilp32f\libgcc.a(trunctfdf2.o)
                0x000000000000d688                __trunctfdf2
 .text._close   0x000000000000da58        0xc c:/mounriver/mounriver_studio/toolchain/risc-v embedded gcc/bin/../lib/gcc/riscv-none-embed/8.2.0/../../../../riscv-none-embed/lib/rv32imafc/ilp32f\libnosys.a(close.o)
                0x000000000000da58                _close
 .text._fstat   0x000000000000da64        0xc c:/mounriver/mounriver_studio/toolchain/risc-v embedded gcc/bin/../lib/gcc/riscv-none-embed/8.2.0/../../../../riscv-none-embed/lib/rv32imafc/ilp32f\libnosys.a(fstat.o)
                0x000000000000da64                _fstat
 .text._isatty  0x000000000000da70        0xc c:/mounriver/mounriver_studio/toolchain/risc-v embedded gcc/bin/../lib/gcc/riscv-none-embed/8.2.0/../../../../riscv-none-embed/lib/rv32imafc/ilp32f\libnosys.a(isatty.o)
                0x000000000000da70                _isatty
 .text._lseek   0x000000000000da7c        0xc c:/mounriver/mounriver_studio/toolchain/risc-v embedded gcc/bin/../lib/gcc/riscv-none-embed/8.2.0/../../../../riscv-none-embed/lib/rv32imafc/ilp32f\libnosys.a(lseek.o)
                0x000000000000da7c                _lseek
 .text._read    0x000000000000da88        0xc c:/mounriver/mounriver_studio/toolchain/risc-v embedded gcc/bin/../lib/gcc/riscv-none-embed/8.2.0/../../../../riscv-none-embed/lib/rv32imafc/ilp32f\libnosys.a(read.o)
                0x000000000000da88                _read
 .text._sbrk    0x000000000000da94       0x20 c:/mounriver/mounriver_studio/toolchain/risc-v embedded gcc/bin/../lib/gcc/riscv-none-embed/8.2.0/../../../../riscv-none-embed/lib/rv32imafc/ilp32f\libnosys.a(sbrk.o)
                0x000000000000da94                _sbrk
 *(.rodata)
 .rodata        0x000000000000dab4       0x5f ./zf_driver/zf_driver_uart.o
 *fill*         0x000000000000db13        0x5 
 .rodata        0x000000000000db18        0x8 ./zf_device/zf_device_dm1xa.o
 .rodata        0x000000000000db20       0xf0 ./zf_device/zf_device_gnss.o
 .rodata        0x000000000000dc10       0x78 ./zf_common/zf_common_debug.o
 .rodata        0x000000000000dc88       0x5f ./zf_common/zf_common_fifo.o
 *fill*         0x000000000000dce7        0x1 
 .rodata        0x000000000000dce8       0x4a ./user_c/main.o
 *fill*         0x000000000000dd32        0x2 
 .rodata        0x000000000000dd34       0x41 ./sdk/Peripheral/ch32v30x_usbotg_device.o
 *fill*         0x000000000000dd75        0x3 
 .rodata        0x000000000000dd78       0x37 ./code/UART_Data_Unpacker.o
 *(.rodata*)
 *fill*         0x000000000000ddaf        0x1 
 .rodata.timer_get
                0x000000000000ddb0       0x28 ./zf_driver/zf_driver_timer.o
 .rodata.timer_clear
                0x000000000000ddd8       0x28 ./zf_driver/zf_driver_timer.o
 .rodata.uart_index
                0x000000000000de00       0x20 ./zf_driver/zf_driver_uart.o
                0x000000000000de00                uart_index
 .rodata.MyDevDescrHD
                0x000000000000de20       0x12 ./sdk/Peripheral/ch32v30x_usbotg_device.o
                0x000000000000de20                MyDevDescrHD
 *fill*         0x000000000000de32        0x2 
 .rodata.MyCfgDescrHD
                0x000000000000de34       0x43 ./sdk/Peripheral/ch32v30x_usbotg_device.o
                0x000000000000de34                MyCfgDescrHD
 *fill*         0x000000000000de77        0x1 
 .rodata.MyReportDescHD
                0x000000000000de78       0x14 ./sdk/Peripheral/ch32v30x_usbotg_device.o
                0x000000000000de78                MyReportDescHD
 .rodata.MyManuInfoHD
                0x000000000000de8c        0xe ./sdk/Peripheral/ch32v30x_usbotg_device.o
                0x000000000000de8c                MyManuInfoHD
 *fill*         0x000000000000de9a        0x2 
 .rodata.MyProdInfoHD
                0x000000000000de9c        0xc ./sdk/Peripheral/ch32v30x_usbotg_device.o
                0x000000000000de9c                MyProdInfoHD
 .rodata.MySerNumInfoHD
                0x000000000000dea8       0x16 ./sdk/Peripheral/ch32v30x_usbotg_device.o
                0x000000000000dea8                MySerNumInfoHD
 *fill*         0x000000000000debe        0x2 
 .rodata.MyUSBQUADescHD
                0x000000000000dec0        0xa ./sdk/Peripheral/ch32v30x_usbotg_device.o
                0x000000000000dec0                MyUSBQUADescHD
 *fill*         0x000000000000deca        0x2 
 .rodata.OTG_FS_IRQHandler
                0x000000000000decc       0xbc ./sdk/Peripheral/ch32v30x_usbotg_device.o
 .rodata.__divdf3
                0x000000000000df88       0x40 c:/mounriver/mounriver_studio/toolchain/risc-v embedded gcc/bin/../lib/gcc/riscv-none-embed/8.2.0/rv32imafc/ilp32f\libgcc.a(divdf3.o)
 .rodata.__muldf3
                0x000000000000dfc8       0x40 c:/mounriver/mounriver_studio/toolchain/risc-v embedded gcc/bin/../lib/gcc/riscv-none-embed/8.2.0/rv32imafc/ilp32f\libgcc.a(muldf3.o)
 .rodata.__clz_tab
                0x000000000000e008      0x100 c:/mounriver/mounriver_studio/toolchain/risc-v embedded gcc/bin/../lib/gcc/riscv-none-embed/8.2.0/rv32imafc/ilp32f\libgcc.a(_clz.o)
                0x000000000000e008                __clz_tab
 .rodata._vfprintf_r.str1.4
                0x000000000000e108       0x13 c:/mounriver/mounriver_studio/toolchain/risc-v embedded gcc/bin/../lib/gcc/riscv-none-embed/8.2.0/../../../../riscv-none-embed/lib/rv32imafc/ilp32f\libg_nano.a(lib_a-nano-vfprintf.o)
 *fill*         0x000000000000e11b        0x5 
 .rodata._printf_float.cst8
                0x000000000000e120        0x8 c:/mounriver/mounriver_studio/toolchain/risc-v embedded gcc/bin/../lib/gcc/riscv-none-embed/8.2.0/../../../../riscv-none-embed/lib/rv32imafc/ilp32f\libg_nano.a(lib_a-nano-vfprintf_float.o)
 .rodata._printf_float.str1.4
                0x000000000000e128       0x12 c:/mounriver/mounriver_studio/toolchain/risc-v embedded gcc/bin/../lib/gcc/riscv-none-embed/8.2.0/../../../../riscv-none-embed/lib/rv32imafc/ilp32f\libg_nano.a(lib_a-nano-vfprintf_float.o)
 *fill*         0x000000000000e13a        0x2 
 .rodata._printf_i.str1.4
                0x000000000000e13c       0x25 c:/mounriver/mounriver_studio/toolchain/risc-v embedded gcc/bin/../lib/gcc/riscv-none-embed/8.2.0/../../../../riscv-none-embed/lib/rv32imafc/ilp32f\libg_nano.a(lib_a-nano-vfprintf_i.o)
 *fill*         0x000000000000e161        0x3 
 .rodata._strtod_l
                0x000000000000e164       0x14 c:/mounriver/mounriver_studio/toolchain/risc-v embedded gcc/bin/../lib/gcc/riscv-none-embed/8.2.0/../../../../riscv-none-embed/lib/rv32imafc/ilp32f\libg_nano.a(lib_a-strtod.o)
 .rodata._strtod_l.cst8
                0x000000000000e178       0x38 c:/mounriver/mounriver_studio/toolchain/risc-v embedded gcc/bin/../lib/gcc/riscv-none-embed/8.2.0/../../../../riscv-none-embed/lib/rv32imafc/ilp32f\libg_nano.a(lib_a-strtod.o)
 .rodata._strtod_l.str1.4
                0x000000000000e1b0        0xf c:/mounriver/mounriver_studio/toolchain/risc-v embedded gcc/bin/../lib/gcc/riscv-none-embed/8.2.0/../../../../riscv-none-embed/lib/rv32imafc/ilp32f\libg_nano.a(lib_a-strtod.o)
 *fill*         0x000000000000e1bf        0x1 
 .rodata.fpi.3397
                0x000000000000e1c0       0x14 c:/mounriver/mounriver_studio/toolchain/risc-v embedded gcc/bin/../lib/gcc/riscv-none-embed/8.2.0/../../../../riscv-none-embed/lib/rv32imafc/ilp32f\libg_nano.a(lib_a-strtod.o)
 .rodata.fpinan.3433
                0x000000000000e1d4       0x14 c:/mounriver/mounriver_studio/toolchain/risc-v embedded gcc/bin/../lib/gcc/riscv-none-embed/8.2.0/../../../../riscv-none-embed/lib/rv32imafc/ilp32f\libg_nano.a(lib_a-strtod.o)
 .rodata.tinytens
                0x000000000000e1e8       0x28 c:/mounriver/mounriver_studio/toolchain/risc-v embedded gcc/bin/../lib/gcc/riscv-none-embed/8.2.0/../../../../riscv-none-embed/lib/rv32imafc/ilp32f\libg_nano.a(lib_a-strtod.o)
 .rodata._dtoa_r.cst8
                0x000000000000e210       0x38 c:/mounriver/mounriver_studio/toolchain/risc-v embedded gcc/bin/../lib/gcc/riscv-none-embed/8.2.0/../../../../riscv-none-embed/lib/rv32imafc/ilp32f\libg_nano.a(lib_a-dtoa.o)
                                         0x48 (size before relaxing)
 .rodata._dtoa_r.str1.4
                0x000000000000e248       0x10 c:/mounriver/mounriver_studio/toolchain/risc-v embedded gcc/bin/../lib/gcc/riscv-none-embed/8.2.0/../../../../riscv-none-embed/lib/rv32imafc/ilp32f\libg_nano.a(lib_a-dtoa.o)
                                         0x12 (size before relaxing)
 .rodata.__sf_fake_stderr
                0x000000000000e258       0x20 c:/mounriver/mounriver_studio/toolchain/risc-v embedded gcc/bin/../lib/gcc/riscv-none-embed/8.2.0/../../../../riscv-none-embed/lib/rv32imafc/ilp32f\libg_nano.a(lib_a-findfp.o)
                0x000000000000e258                __sf_fake_stderr
 .rodata.__sf_fake_stdin
                0x000000000000e278       0x20 c:/mounriver/mounriver_studio/toolchain/risc-v embedded gcc/bin/../lib/gcc/riscv-none-embed/8.2.0/../../../../riscv-none-embed/lib/rv32imafc/ilp32f\libg_nano.a(lib_a-findfp.o)
                0x000000000000e278                __sf_fake_stdin
 .rodata.__sf_fake_stdout
                0x000000000000e298       0x20 c:/mounriver/mounriver_studio/toolchain/risc-v embedded gcc/bin/../lib/gcc/riscv-none-embed/8.2.0/../../../../riscv-none-embed/lib/rv32imafc/ilp32f\libg_nano.a(lib_a-findfp.o)
                0x000000000000e298                __sf_fake_stdout
 .rodata._setlocale_r.str1.4
                0x000000000000e2b8        0xa c:/mounriver/mounriver_studio/toolchain/risc-v embedded gcc/bin/../lib/gcc/riscv-none-embed/8.2.0/../../../../riscv-none-embed/lib/rv32imafc/ilp32f\libg_nano.a(lib_a-locale.o)
                                          0xd (size before relaxing)
 *fill*         0x000000000000e2c2        0x2 
 .rodata.str1.4
                0x000000000000e2c4        0x4 c:/mounriver/mounriver_studio/toolchain/risc-v embedded gcc/bin/../lib/gcc/riscv-none-embed/8.2.0/../../../../riscv-none-embed/lib/rv32imafc/ilp32f\libg_nano.a(lib_a-locale.o)
                                          0x2 (size before relaxing)
 .rodata.__mprec_bigtens
                0x000000000000e2c8       0x28 c:/mounriver/mounriver_studio/toolchain/risc-v embedded gcc/bin/../lib/gcc/riscv-none-embed/8.2.0/../../../../riscv-none-embed/lib/rv32imafc/ilp32f\libg_nano.a(lib_a-mprec.o)
                0x000000000000e2c8                __mprec_bigtens
 .rodata.__mprec_tens
                0x000000000000e2f0       0xc8 c:/mounriver/mounriver_studio/toolchain/risc-v embedded gcc/bin/../lib/gcc/riscv-none-embed/8.2.0/../../../../riscv-none-embed/lib/rv32imafc/ilp32f\libg_nano.a(lib_a-mprec.o)
                0x000000000000e2f0                __mprec_tens
 .rodata.p05.3321
                0x000000000000e3b8        0xc c:/mounriver/mounriver_studio/toolchain/risc-v embedded gcc/bin/../lib/gcc/riscv-none-embed/8.2.0/../../../../riscv-none-embed/lib/rv32imafc/ilp32f\libg_nano.a(lib_a-mprec.o)
 .rodata._svfprintf_r.str1.4
                0x000000000000e3c4       0x13 c:/mounriver/mounriver_studio/toolchain/risc-v embedded gcc/bin/../lib/gcc/riscv-none-embed/8.2.0/../../../../riscv-none-embed/lib/rv32imafc/ilp32f\libg_nano.a(lib_a-nano-svfprintf.o)
 .rodata._ctype_
                0x000000000000e3c4      0x101 c:/mounriver/mounriver_studio/toolchain/risc-v embedded gcc/bin/../lib/gcc/riscv-none-embed/8.2.0/../../../../riscv-none-embed/lib/rv32imafc/ilp32f\libg_nano.a(lib_a-ctype_.o)
                0x000000000000e3c4                _ctype_
 *(.glue_7)
 *(.glue_7t)
 *(.gnu.linkonce.t.*)
                0x000000000000e4c8                . = ALIGN (0x4)
 *fill*         0x000000000000e4c5        0x3 

.rela.dyn       0x000000000000e4c8        0x0
 .rela.init     0x000000000000e4c8        0x0 ./zf_driver/zf_driver_gpio.o
 .rela.vector   0x000000000000e4c8        0x0 ./zf_driver/zf_driver_gpio.o
 .rela.text.handle_reset
                0x000000000000e4c8        0x0 ./zf_driver/zf_driver_gpio.o
 .rela.text._vfprintf_r
                0x000000000000e4c8        0x0 ./zf_driver/zf_driver_gpio.o
 .rela.text._sbrk_r
                0x000000000000e4c8        0x0 ./zf_driver/zf_driver_gpio.o
 .rela.text._svfprintf_r
                0x000000000000e4c8        0x0 ./zf_driver/zf_driver_gpio.o
 .rela.text._write_r
                0x000000000000e4c8        0x0 ./zf_driver/zf_driver_gpio.o
 .rela.text._close_r
                0x000000000000e4c8        0x0 ./zf_driver/zf_driver_gpio.o
 .rela.text._fstat_r
                0x000000000000e4c8        0x0 ./zf_driver/zf_driver_gpio.o
 .rela.text._isatty_r
                0x000000000000e4c8        0x0 ./zf_driver/zf_driver_gpio.o
 .rela.text._lseek_r
                0x000000000000e4c8        0x0 ./zf_driver/zf_driver_gpio.o
 .rela.text._read_r
                0x000000000000e4c8        0x0 ./zf_driver/zf_driver_gpio.o
 .rela.text._close
                0x000000000000e4c8        0x0 ./zf_driver/zf_driver_gpio.o
 .rela.text._fstat
                0x000000000000e4c8        0x0 ./zf_driver/zf_driver_gpio.o
 .rela.text._isatty
                0x000000000000e4c8        0x0 ./zf_driver/zf_driver_gpio.o
 .rela.text._lseek
                0x000000000000e4c8        0x0 ./zf_driver/zf_driver_gpio.o
 .rela.text._read
                0x000000000000e4c8        0x0 ./zf_driver/zf_driver_gpio.o
 .rela.text._sbrk
                0x000000000000e4c8        0x0 ./zf_driver/zf_driver_gpio.o

.fini           0x000000000000e4c8        0x0
 *(SORT_NONE(.fini))
                0x000000000000e4c8                . = ALIGN (0x4)
                [!provide]                        PROVIDE (_etext = .)
                [!provide]                        PROVIDE (_eitcm = .)

.preinit_array  0x000000000000e4c8        0x0
                [!provide]                        PROVIDE (__preinit_array_start = .)
 *(.preinit_array)
                [!provide]                        PROVIDE (__preinit_array_end = .)

.init_array     0x000000000000e4c8        0x0
                [!provide]                        PROVIDE (__init_array_start = .)
 *(SORT_BY_INIT_PRIORITY(.init_array.*) SORT_BY_INIT_PRIORITY(.ctors.*))
 *(.init_array EXCLUDE_FILE(*crtend?.o *crtend.o *crtbegin?.o *crtbegin.o) .ctors)
                [!provide]                        PROVIDE (__init_array_end = .)

.fini_array     0x000000000000e4c8        0x0
                [!provide]                        PROVIDE (__fini_array_start = .)
 *(SORT_BY_INIT_PRIORITY(.fini_array.*) SORT_BY_INIT_PRIORITY(.dtors.*))
 *(.fini_array EXCLUDE_FILE(*crtend?.o *crtend.o *crtbegin?.o *crtbegin.o) .dtors)
                [!provide]                        PROVIDE (__fini_array_end = .)

.ctors
 *crtbegin.o(.ctors)
 *crtbegin?.o(.ctors)
 *(EXCLUDE_FILE(*crtend?.o *crtend.o) .ctors)
 *(SORT_BY_NAME(.ctors.*))
 *(.ctors)

.dtors
 *crtbegin.o(.dtors)
 *crtbegin?.o(.dtors)
 *(EXCLUDE_FILE(*crtend?.o *crtend.o) .dtors)
 *(SORT_BY_NAME(.dtors.*))
 *(.dtors)

.dalign         0x0000000020000040        0x0 load address 0x000000000000e4c8
                0x0000000020000040                . = ALIGN (0x4)
                0x0000000020000040                PROVIDE (_data_vma = .)

.dlalign        0x000000000000e4c8        0x0
                0x000000000000e4c8                . = ALIGN (0x4)
                0x000000000000e4c8                PROVIDE (_data_lma = .)

.data           0x0000000020000040      0x290 load address 0x000000000000e4c8
 *(.gnu.linkonce.r.*)
 *(.data .data.*)
 .data.gpio_group
                0x0000000020000040       0x14 ./zf_driver/zf_driver_gpio.o
                0x0000000020000040                gpio_group
 .data.Test_packet
                0x0000000020000054       0x18 ./user_c/main.o
                0x0000000020000054                Test_packet
 .data.APBAHBPrescTable
                0x000000002000006c       0x10 ./sdk/Peripheral/ch32v30x_rcc.o
 .data.TAB_USB_FS_OSC_DESC
                0x000000002000007c       0x43 ./sdk/Peripheral/ch32v30x_usbotg_device.o
                0x000000002000007c                TAB_USB_FS_OSC_DESC
 *fill*         0x00000000200000bf        0x1 
 .data.impure_data
                0x00000000200000c0       0x60 c:/mounriver/mounriver_studio/toolchain/risc-v embedded gcc/bin/../lib/gcc/riscv-none-embed/8.2.0/../../../../riscv-none-embed/lib/rv32imafc/ilp32f\libg_nano.a(lib_a-impure.o)
 .data.__global_locale
                0x0000000020000120      0x16c c:/mounriver/mounriver_studio/toolchain/risc-v embedded gcc/bin/../lib/gcc/riscv-none-embed/8.2.0/../../../../riscv-none-embed/lib/rv32imafc/ilp32f\libg_nano.a(lib_a-locale.o)
                0x0000000020000120                __global_locale
 *(.gnu.linkonce.d.*)
                0x0000000020000290                . = ALIGN (0x8)
 *fill*         0x000000002000028c        0x4 
                0x0000000020000a90                PROVIDE (__global_pointer$ = (. + 0x800))
 *(.sdata .sdata.*)
 .sdata.dm1xa_distance_mm
                0x0000000020000290        0x2 ./zf_device/zf_device_dm1xa.o
 *fill*         0x0000000020000292        0x2 
 .sdata.camera_uart_handler
                0x0000000020000294        0x4 ./zf_device/zf_device_type.o
                0x0000000020000294                camera_uart_handler
 .sdata.camera_dvp_handler
                0x0000000020000298        0x4 ./zf_device/zf_device_type.o
                0x0000000020000298                camera_dvp_handler
 .sdata.wireless_module_uart_handler
                0x000000002000029c        0x4 ./zf_device/zf_device_type.o
                0x000000002000029c                wireless_module_uart_handler
 .sdata.tof_module_exti_handler
                0x00000000200002a0        0x4 ./zf_device/zf_device_type.o
                0x00000000200002a0                tof_module_exti_handler
 .sdata.system_clock
                0x00000000200002a4        0x4 ./zf_common/zf_common_clock.o
                0x00000000200002a4                system_clock
 .sdata.zf_debug_assert_enable
                0x00000000200002a8        0x1 ./zf_common/zf_common_debug.o
 *fill*         0x00000000200002a9        0x3 
 .sdata.ADCPrescTable
                0x00000000200002ac        0x4 ./sdk/Peripheral/ch32v30x_rcc.o
 .sdata.USBHD_Dev_Speed
                0x00000000200002b0        0x1 ./sdk/Peripheral/ch32v30x_usbotg_device.o
                0x00000000200002b0                USBHD_Dev_Speed
 *fill*         0x00000000200002b1        0x3 
 .sdata.LineCoding
                0x00000000200002b4        0x7 ./sdk/Peripheral/ch32v30x_usbotg_device.o
                0x00000000200002b4                LineCoding
 *fill*         0x00000000200002bb        0x1 
 .sdata._impure_ptr
                0x00000000200002bc        0x4 c:/mounriver/mounriver_studio/toolchain/risc-v embedded gcc/bin/../lib/gcc/riscv-none-embed/8.2.0/../../../../riscv-none-embed/lib/rv32imafc/ilp32f\libg_nano.a(lib_a-impure.o)
                0x00000000200002bc                _impure_ptr
 *(.sdata2.*)
 .sdata2.uart_irq
                0x00000000200002c0        0x8 ./zf_driver/zf_driver_uart.o
                0x00000000200002c0                uart_irq
 .sdata2.MyLangDescrHD
                0x00000000200002c8        0x4 ./sdk/Peripheral/ch32v30x_usbotg_device.o
                0x00000000200002c8                MyLangDescrHD
 .sdata2._global_impure_ptr
                0x00000000200002cc        0x4 c:/mounriver/mounriver_studio/toolchain/risc-v embedded gcc/bin/../lib/gcc/riscv-none-embed/8.2.0/../../../../riscv-none-embed/lib/rv32imafc/ilp32f\libg_nano.a(lib_a-impure.o)
                0x00000000200002cc                _global_impure_ptr
 *(.gnu.linkonce.s.*)
                0x00000000200002d0                . = ALIGN (0x8)
 *(.srodata.cst16)
 *(.srodata.cst8)
 *(.srodata.cst4)
 *(.srodata.cst2)
 *(.srodata .srodata.*)
                0x00000000200002d0                . = ALIGN (0x4)
                0x00000000200002d0                PROVIDE (_edata = .)

.bss            0x00000000200002d0      0x244 load address 0x000000000000e758
                0x00000000200002d0                . = ALIGN (0x4)
                0x00000000200002d0                PROVIDE (_sbss = .)
 *(.sbss*)
 .sbss.dm1xa_plus_count
                0x00000000200002d0        0x4 ./zf_device/zf_device_dm1xa.o
 .sbss.dm1xa_type
                0x00000000200002d4        0x4 ./zf_device/zf_device_dm1xa.o
 .sbss.dm1xa_ranging_state
                0x00000000200002d8        0x4 ./zf_device/zf_device_dm1xa.o
 .sbss.gnss_flag
                0x00000000200002dc        0x1 ./zf_device/zf_device_gnss.o
                0x00000000200002dc                gnss_flag
 .sbss.gnss_state
                0x00000000200002dd        0x1 ./zf_device/zf_device_gnss.o
 *fill*         0x00000000200002de        0x2 
 .sbss.gnss_gga_state
                0x00000000200002e0        0x4 ./zf_device/zf_device_gnss.o
 .sbss.gnss_rmc_state
                0x00000000200002e4        0x4 ./zf_device/zf_device_gnss.o
 .sbss.gnss_ths_state
                0x00000000200002e8        0x4 ./zf_device/zf_device_gnss.o
 .sbss.zf_debug_init_flag
                0x00000000200002ec        0x1 ./zf_common/zf_common_debug.o
 .sbss.assert_nest_index.5035
                0x00000000200002ed        0x1 ./zf_common/zf_common_debug.o
 *fill*         0x00000000200002ee        0x2 
 .sbss.interrupt_nest_count
                0x00000000200002f0        0x4 ./zf_common/zf_common_interrupt.o
 .sbss.test_value_2
                0x00000000200002f4        0x2 ./user_c/main.o
                0x00000000200002f4                test_value_2
 *fill*         0x00000000200002f6        0x2 
 .sbss.test_value_1
                0x00000000200002f8        0x4 ./user_c/main.o
                0x00000000200002f8                test_value_1
 .sbss.EP0_DatabufHD
                0x00000000200002fc        0x8 ./sdk/Peripheral/ch32v30x_usbotg_device.o
                0x00000000200002fc                EP0_DatabufHD
 .sbss.pEP0_RAM_Addr
                0x0000000020000304        0x4 ./sdk/Peripheral/ch32v30x_usbotg_device.o
                0x0000000020000304                pEP0_RAM_Addr
 .sbss.pEP1_RAM_Addr
                0x0000000020000308        0x4 ./sdk/Peripheral/ch32v30x_usbotg_device.o
                0x0000000020000308                pEP1_RAM_Addr
 .sbss.pEP2_RAM_Addr
                0x000000002000030c        0x4 ./sdk/Peripheral/ch32v30x_usbotg_device.o
                0x000000002000030c                pEP2_RAM_Addr
 .sbss.pDescr   0x0000000020000310        0x4 ./sdk/Peripheral/ch32v30x_usbotg_device.o
                0x0000000020000310                pDescr
 .sbss.USBHD_Dev_SetupReqLen
                0x0000000020000314        0x2 ./sdk/Peripheral/ch32v30x_usbotg_device.o
                0x0000000020000314                USBHD_Dev_SetupReqLen
 .sbss.USBHD_Dev_SleepStatus
                0x0000000020000316        0x1 ./sdk/Peripheral/ch32v30x_usbotg_device.o
                0x0000000020000316                USBHD_Dev_SleepStatus
 .sbss.DevConfig
                0x0000000020000317        0x1 ./sdk/Peripheral/ch32v30x_usbotg_device.o
                0x0000000020000317                DevConfig
 .sbss.SetupReqCode
                0x0000000020000318        0x1 ./sdk/Peripheral/ch32v30x_usbotg_device.o
                0x0000000020000318                SetupReqCode
 *fill*         0x0000000020000319        0x1 
 .sbss.SetupReqLen
                0x000000002000031a        0x2 ./sdk/Peripheral/ch32v30x_usbotg_device.o
                0x000000002000031a                SetupReqLen
 .sbss.UART3_data_packet_ready
                0x000000002000031c        0x1 ./code/UART_Data_Unpacker.o
                0x000000002000031c                UART3_data_packet_ready
 .sbss.start_load_packet_flag.4943
                0x000000002000031d        0x1 ./code/UART_Data_Unpacker.o
 .sbss.prev_byte.4942
                0x000000002000031e        0x1 ./code/UART_Data_Unpacker.o
 .sbss.UART3_get_data_index.4941
                0x000000002000031f        0x1 ./code/UART_Data_Unpacker.o
 .sbss.__malloc_free_list
                0x0000000020000320        0x4 c:/mounriver/mounriver_studio/toolchain/risc-v embedded gcc/bin/../lib/gcc/riscv-none-embed/8.2.0/../../../../riscv-none-embed/lib/rv32imafc/ilp32f\libg_nano.a(lib_a-nano-mallocr.o)
                0x0000000020000320                __malloc_free_list
 .sbss.__malloc_sbrk_start
                0x0000000020000324        0x4 c:/mounriver/mounriver_studio/toolchain/risc-v embedded gcc/bin/../lib/gcc/riscv-none-embed/8.2.0/../../../../riscv-none-embed/lib/rv32imafc/ilp32f\libg_nano.a(lib_a-nano-mallocr.o)
                0x0000000020000324                __malloc_sbrk_start
 .sbss.heap_end.1520
                0x0000000020000328        0x4 c:/mounriver/mounriver_studio/toolchain/risc-v embedded gcc/bin/../lib/gcc/riscv-none-embed/8.2.0/../../../../riscv-none-embed/lib/rv32imafc/ilp32f\libnosys.a(sbrk.o)
 *(.gnu.linkonce.sb.*)
 *(.bss*)
 .bss.timer_mode_state
                0x000000002000032c       0x28 ./zf_driver/zf_driver_timer.o
 .bss.gnss_receiver_fifo
                0x0000000020000354       0x19 ./zf_device/zf_device_gnss.o
 *fill*         0x000000002000036d        0x3 
 .bss.gps_gga_buffer
                0x0000000020000370       0x80 ./zf_device/zf_device_gnss.o
 .bss.gps_rmc_buffer
                0x00000000200003f0       0x80 ./zf_device/zf_device_gnss.o
 .bss.gps_ths_buffer
                0x0000000020000470       0x80 ./zf_device/zf_device_gnss.o
 .bss.debug_output_info
                0x00000000200004f0       0x14 ./zf_common/zf_common_debug.o
 .bss.UART3_get_data
                0x0000000020000504        0xa ./code/UART_Data_Unpacker.o
                0x0000000020000504                UART3_get_data
 *(.gnu.linkonce.b.*)
 *(COMMON*)
 *fill*         0x000000002000050e        0x2 
 COMMON         0x0000000020000510        0x4 c:/mounriver/mounriver_studio/toolchain/risc-v embedded gcc/bin/../lib/gcc/riscv-none-embed/8.2.0/../../../../riscv-none-embed/lib/rv32imafc/ilp32f\libg_nano.a(lib_a-reent.o)
                0x0000000020000510                errno
                0x0000000020000514                . = ALIGN (0x4)
                0x0000000020000514                PROVIDE (_ebss = .)
                [!provide]                        PROVIDE (_end = _ebss)
                0x0000000020000514                PROVIDE (end = .)

.stack          0x000000002000f440      0x800
                [!provide]                        PROVIDE (_heap_end = .)
                0x000000002000f440                . = ALIGN (0x4)
                [!provide]                        PROVIDE (_susrstack = .)
                0x000000002000fc40                . = (. + __stack_size)
 *fill*         0x000000002000f440      0x800 
                0x000000002000fc40                PROVIDE (_eusrstack = .)
OUTPUT(环形缓冲区.elf elf32-littleriscv)

.debug_info     0x0000000000000000    0x13b80
 .debug_info    0x0000000000000000      0xefa ./zf_driver/zf_driver_gpio.o
 .debug_info    0x0000000000000efa      0xfb7 ./zf_driver/zf_driver_timer.o
 .debug_info    0x0000000000001eb1     0x1460 ./zf_driver/zf_driver_uart.o
 .debug_info    0x0000000000003311      0xe37 ./zf_device/zf_device_dm1xa.o
 .debug_info    0x0000000000004148     0x1846 ./zf_device/zf_device_gnss.o
 .debug_info    0x000000000000598e      0xb54 ./zf_device/zf_device_type.o
 .debug_info    0x00000000000064e2      0xb2d ./zf_common/zf_common_clock.o
 .debug_info    0x000000000000700f     0x1450 ./zf_common/zf_common_debug.o
 .debug_info    0x000000000000845f      0xdf1 ./zf_common/zf_common_fifo.o
 .debug_info    0x0000000000009250      0xf79 ./zf_common/zf_common_interrupt.o
 .debug_info    0x000000000000a1c9     0x1ba0 ./user_c/isr.o
 .debug_info    0x000000000000bd69     0x1c3d ./user_c/main.o
 .debug_info    0x000000000000d9a6       0x22 ./sdk/Startup/startup_ch32v30x_D8C.o
 .debug_info    0x000000000000d9c8      0x353 ./sdk/Peripheral/ch32v30x_exti.o
 .debug_info    0x000000000000dd1b      0x712 ./sdk/Peripheral/ch32v30x_gpio.o
 .debug_info    0x000000000000e42d      0xc64 ./sdk/Peripheral/ch32v30x_rcc.o
 .debug_info    0x000000000000f091     0x1dd2 ./sdk/Peripheral/ch32v30x_tim.o
 .debug_info    0x0000000000010e63      0xa45 ./sdk/Peripheral/ch32v30x_usart.o
 .debug_info    0x00000000000118a8     0x13c6 ./sdk/Peripheral/ch32v30x_usbotg_device.o
 .debug_info    0x0000000000012c6e      0xf12 ./code/UART_Data_Unpacker.o

.debug_abbrev   0x0000000000000000     0x2d7d
 .debug_abbrev  0x0000000000000000      0x2ad ./zf_driver/zf_driver_gpio.o
 .debug_abbrev  0x00000000000002ad      0x28e ./zf_driver/zf_driver_timer.o
 .debug_abbrev  0x000000000000053b      0x2be ./zf_driver/zf_driver_uart.o
 .debug_abbrev  0x00000000000007f9      0x28b ./zf_device/zf_device_dm1xa.o
 .debug_abbrev  0x0000000000000a84      0x353 ./zf_device/zf_device_gnss.o
 .debug_abbrev  0x0000000000000dd7      0x225 ./zf_device/zf_device_type.o
 .debug_abbrev  0x0000000000000ffc      0x251 ./zf_common/zf_common_clock.o
 .debug_abbrev  0x000000000000124d      0x37a ./zf_common/zf_common_debug.o
 .debug_abbrev  0x00000000000015c7      0x2a5 ./zf_common/zf_common_fifo.o
 .debug_abbrev  0x000000000000186c      0x2c1 ./zf_common/zf_common_interrupt.o
 .debug_abbrev  0x0000000000001b2d      0x24e ./user_c/isr.o
 .debug_abbrev  0x0000000000001d7b      0x270 ./user_c/main.o
 .debug_abbrev  0x0000000000001feb       0x12 ./sdk/Startup/startup_ch32v30x_D8C.o
 .debug_abbrev  0x0000000000001ffd      0x144 ./sdk/Peripheral/ch32v30x_exti.o
 .debug_abbrev  0x0000000000002141      0x1c7 ./sdk/Peripheral/ch32v30x_gpio.o
 .debug_abbrev  0x0000000000002308      0x1ef ./sdk/Peripheral/ch32v30x_rcc.o
 .debug_abbrev  0x00000000000024f7      0x1c9 ./sdk/Peripheral/ch32v30x_tim.o
 .debug_abbrev  0x00000000000026c0      0x19e ./sdk/Peripheral/ch32v30x_usart.o
 .debug_abbrev  0x000000000000285e      0x299 ./sdk/Peripheral/ch32v30x_usbotg_device.o
 .debug_abbrev  0x0000000000002af7      0x286 ./code/UART_Data_Unpacker.o

.debug_aranges  0x0000000000000000      0xbf0
 .debug_aranges
                0x0000000000000000       0x40 ./zf_driver/zf_driver_gpio.o
 .debug_aranges
                0x0000000000000040       0x50 ./zf_driver/zf_driver_timer.o
 .debug_aranges
                0x0000000000000090       0x58 ./zf_driver/zf_driver_uart.o
 .debug_aranges
                0x00000000000000e8       0x40 ./zf_device/zf_device_dm1xa.o
 .debug_aranges
                0x0000000000000128       0x80 ./zf_device/zf_device_gnss.o
 .debug_aranges
                0x00000000000001a8       0x38 ./zf_device/zf_device_type.o
 .debug_aranges
                0x00000000000001e0       0x30 ./zf_common/zf_common_clock.o
 .debug_aranges
                0x0000000000000210       0x90 ./zf_common/zf_common_debug.o
 .debug_aranges
                0x00000000000002a0       0x68 ./zf_common/zf_common_fifo.o
 .debug_aranges
                0x0000000000000308       0x70 ./zf_common/zf_common_interrupt.o
 .debug_aranges
                0x0000000000000378       0xf8 ./user_c/isr.o
 .debug_aranges
                0x0000000000000470       0x20 ./user_c/main.o
 .debug_aranges
                0x0000000000000490       0x30 ./sdk/Startup/startup_ch32v30x_D8C.o
 .debug_aranges
                0x00000000000004c0       0x58 ./sdk/Peripheral/ch32v30x_exti.o
 .debug_aranges
                0x0000000000000518       0xa8 ./sdk/Peripheral/ch32v30x_gpio.o
 .debug_aranges
                0x00000000000005c0      0x1a8 ./sdk/Peripheral/ch32v30x_rcc.o
 .debug_aranges
                0x0000000000000768      0x2f0 ./sdk/Peripheral/ch32v30x_tim.o
 .debug_aranges
                0x0000000000000a58      0x100 ./sdk/Peripheral/ch32v30x_usart.o
 .debug_aranges
                0x0000000000000b58       0x50 ./sdk/Peripheral/ch32v30x_usbotg_device.o
 .debug_aranges
                0x0000000000000ba8       0x48 ./code/UART_Data_Unpacker.o

.debug_ranges   0x0000000000000000      0xab8
 .debug_ranges  0x0000000000000000       0x30 ./zf_driver/zf_driver_gpio.o
 .debug_ranges  0x0000000000000030       0x40 ./zf_driver/zf_driver_timer.o
 .debug_ranges  0x0000000000000070       0x48 ./zf_driver/zf_driver_uart.o
 .debug_ranges  0x00000000000000b8       0x30 ./zf_device/zf_device_dm1xa.o
 .debug_ranges  0x00000000000000e8       0x70 ./zf_device/zf_device_gnss.o
 .debug_ranges  0x0000000000000158       0x28 ./zf_device/zf_device_type.o
 .debug_ranges  0x0000000000000180       0x20 ./zf_common/zf_common_clock.o
 .debug_ranges  0x00000000000001a0       0x80 ./zf_common/zf_common_debug.o
 .debug_ranges  0x0000000000000220       0x58 ./zf_common/zf_common_fifo.o
 .debug_ranges  0x0000000000000278       0x60 ./zf_common/zf_common_interrupt.o
 .debug_ranges  0x00000000000002d8       0xe8 ./user_c/isr.o
 .debug_ranges  0x00000000000003c0       0x10 ./user_c/main.o
 .debug_ranges  0x00000000000003d0       0x28 ./sdk/Startup/startup_ch32v30x_D8C.o
 .debug_ranges  0x00000000000003f8       0x48 ./sdk/Peripheral/ch32v30x_exti.o
 .debug_ranges  0x0000000000000440       0x98 ./sdk/Peripheral/ch32v30x_gpio.o
 .debug_ranges  0x00000000000004d8      0x198 ./sdk/Peripheral/ch32v30x_rcc.o
 .debug_ranges  0x0000000000000670      0x2e0 ./sdk/Peripheral/ch32v30x_tim.o
 .debug_ranges  0x0000000000000950       0xf0 ./sdk/Peripheral/ch32v30x_usart.o
 .debug_ranges  0x0000000000000a40       0x40 ./sdk/Peripheral/ch32v30x_usbotg_device.o
 .debug_ranges  0x0000000000000a80       0x38 ./code/UART_Data_Unpacker.o

.debug_line     0x0000000000000000     0xe28d
 .debug_line    0x0000000000000000      0x68b ./zf_driver/zf_driver_gpio.o
 .debug_line    0x000000000000068b      0xa5c ./zf_driver/zf_driver_timer.o
 .debug_line    0x00000000000010e7      0xa20 ./zf_driver/zf_driver_uart.o
 .debug_line    0x0000000000001b07      0x6da ./zf_device/zf_device_dm1xa.o
 .debug_line    0x00000000000021e1     0x1319 ./zf_device/zf_device_gnss.o
 .debug_line    0x00000000000034fa      0x316 ./zf_device/zf_device_type.o
 .debug_line    0x0000000000003810      0x57e ./zf_common/zf_common_clock.o
 .debug_line    0x0000000000003d8e      0xd32 ./zf_common/zf_common_debug.o
 .debug_line    0x0000000000004ac0      0xf8f ./zf_common/zf_common_fifo.o
 .debug_line    0x0000000000005a4f      0x534 ./zf_common/zf_common_interrupt.o
 .debug_line    0x0000000000005f83      0xd36 ./user_c/isr.o
 .debug_line    0x0000000000006cb9      0x777 ./user_c/main.o
 .debug_line    0x0000000000007430      0x395 ./sdk/Startup/startup_ch32v30x_D8C.o
 .debug_line    0x00000000000077c5      0x544 ./sdk/Peripheral/ch32v30x_exti.o
 .debug_line    0x0000000000007d09      0xa65 ./sdk/Peripheral/ch32v30x_gpio.o
 .debug_line    0x000000000000876e     0x1274 ./sdk/Peripheral/ch32v30x_rcc.o
 .debug_line    0x00000000000099e2     0x2210 ./sdk/Peripheral/ch32v30x_tim.o
 .debug_line    0x000000000000bbf2      0xc99 ./sdk/Peripheral/ch32v30x_usart.o
 .debug_line    0x000000000000c88b     0x13d5 ./sdk/Peripheral/ch32v30x_usbotg_device.o
 .debug_line    0x000000000000dc60      0x62d ./code/UART_Data_Unpacker.o

.debug_str      0x0000000000000000     0x54a4
 .debug_str     0x0000000000000000      0x81b ./zf_driver/zf_driver_gpio.o
                                        0x8b4 (size before relaxing)
 .debug_str     0x000000000000081b      0x400 ./zf_driver/zf_driver_timer.o
                                        0xa28 (size before relaxing)
 .debug_str     0x0000000000000c1b      0xab1 ./zf_driver/zf_driver_uart.o
                                       0x1198 (size before relaxing)
 .debug_str     0x00000000000016cc      0x257 ./zf_device/zf_device_dm1xa.o
                                        0x939 (size before relaxing)
 .debug_str     0x0000000000001923      0x58f ./zf_device/zf_device_gnss.o
                                        0xf9a (size before relaxing)
 .debug_str     0x0000000000001eb2      0x215 ./zf_device/zf_device_type.o
                                        0x7cb (size before relaxing)
 .debug_str     0x00000000000020c7      0x17e ./zf_common/zf_common_clock.o
                                        0x750 (size before relaxing)
 .debug_str     0x0000000000002245      0x29e ./zf_common/zf_common_debug.o
                                        0xd5d (size before relaxing)
 .debug_str     0x00000000000024e3      0x1f9 ./zf_common/zf_common_fifo.o
                                        0x855 (size before relaxing)
 .debug_str     0x00000000000026dc      0x1a2 ./zf_common/zf_common_interrupt.o
                                        0xcf7 (size before relaxing)
 .debug_str     0x000000000000287e      0xab3 ./user_c/isr.o
                                       0x1536 (size before relaxing)
 .debug_str     0x0000000000003331       0xd1 ./user_c/main.o
                                       0x1b19 (size before relaxing)
 .debug_str     0x0000000000003402       0x73 ./sdk/Startup/startup_ch32v30x_D8C.o
                                         0xbd (size before relaxing)
 .debug_str     0x0000000000003475      0x216 ./sdk/Peripheral/ch32v30x_exti.o
                                        0x3e5 (size before relaxing)
 .debug_str     0x000000000000368b      0x26c ./sdk/Peripheral/ch32v30x_gpio.o
                                        0x5b2 (size before relaxing)
 .debug_str     0x00000000000038f7      0x65b ./sdk/Peripheral/ch32v30x_rcc.o
                                        0x919 (size before relaxing)
 .debug_str     0x0000000000003f52      0xa80 ./sdk/Peripheral/ch32v30x_tim.o
                                        0xea5 (size before relaxing)
 .debug_str     0x00000000000049d2      0x3ca ./sdk/Peripheral/ch32v30x_usart.o
                                        0x72f (size before relaxing)
 .debug_str     0x0000000000004d9c      0x579 ./sdk/Peripheral/ch32v30x_usbotg_device.o
                                        0xcad (size before relaxing)
 .debug_str     0x0000000000005315      0x18f ./code/UART_Data_Unpacker.o
                                        0x876 (size before relaxing)

.comment        0x0000000000000000       0x33
 .comment       0x0000000000000000       0x33 ./zf_driver/zf_driver_gpio.o
                                         0x34 (size before relaxing)
 .comment       0x0000000000000033       0x34 ./zf_driver/zf_driver_timer.o