Archive member included to satisfy reference by file (symbol)

c:/mounriver/mounriver_studio/toolchain/risc-v embedded gcc/bin/../lib/gcc/riscv-none-embed/8.2.0/../../../../riscv-none-embed/lib/rv32imafc/ilp32f\libm.a(lib_a-s_cos.o)
                              ./zf_device/zf_device_gnss.o (cos)
c:/mounriver/mounriver_studio/toolchain/risc-v embedded gcc/bin/../lib/gcc/riscv-none-embed/8.2.0/../../../../riscv-none-embed/lib/rv32imafc/ilp32f\libm.a(lib_a-s_sin.o)
                              ./zf_device/zf_device_gnss.o (sin)
c:/mounriver/mounriver_studio/toolchain/risc-v embedded gcc/bin/../lib/gcc/riscv-none-embed/8.2.0/../../../../riscv-none-embed/lib/rv32imafc/ilp32f\libm.a(lib_a-w_asin.o)
                              ./zf_device/zf_device_gnss.o (asin)
c:/mounriver/mounriver_studio/toolchain/risc-v embedded gcc/bin/../lib/gcc/riscv-none-embed/8.2.0/../../../../riscv-none-embed/lib/rv32imafc/ilp32f\libm.a(lib_a-w_atan2.o)
                              ./zf_device/zf_device_gnss.o (atan2)
c:/mounriver/mounriver_studio/toolchain/risc-v embedded gcc/bin/../lib/gcc/riscv-none-embed/8.2.0/../../../../riscv-none-embed/lib/rv32imafc/ilp32f\libm.a(lib_a-w_pow.o)
                              ./zf_device/zf_device_gnss.o (pow)
c:/mounriver/mounriver_studio/toolchain/risc-v embedded gcc/bin/../lib/gcc/riscv-none-embed/8.2.0/../../../../riscv-none-embed/lib/rv32imafc/ilp32f\libm.a(lib_a-w_sqrt.o)
                              ./zf_device/zf_device_gnss.o (sqrt)
c:/mounriver/mounriver_studio/toolchain/risc-v embedded gcc/bin/../lib/gcc/riscv-none-embed/8.2.0/../../../../riscv-none-embed/lib/rv32imafc/ilp32f\libm.a(lib_a-e_asin.o)
                              c:/mounriver/mounriver_studio/toolchain/risc-v embedded gcc/bin/../lib/gcc/riscv-none-embed/8.2.0/../../../../riscv-none-embed/lib/rv32imafc/ilp32f\libm.a(lib_a-w_asin.o) (__ieee754_asin)
c:/mounriver/mounriver_studio/toolchain/risc-v embedded gcc/bin/../lib/gcc/riscv-none-embed/8.2.0/../../../../riscv-none-embed/lib/rv32imafc/ilp32f\libm.a(lib_a-e_atan2.o)
                              c:/mounriver/mounriver_studio/toolchain/risc-v embedded gcc/bin/../lib/gcc/riscv-none-embed/8.2.0/../../../../riscv-none-embed/lib/rv32imafc/ilp32f\libm.a(lib_a-w_atan2.o) (__ieee754_atan2)
c:/mounriver/mounriver_studio/toolchain/risc-v embedded gcc/bin/../lib/gcc/riscv-none-embed/8.2.0/../../../../riscv-none-embed/lib/rv32imafc/ilp32f\libm.a(lib_a-e_pow.o)
                              c:/mounriver/mounriver_studio/toolchain/risc-v embedded gcc/bin/../lib/gcc/riscv-none-embed/8.2.0/../../../../riscv-none-embed/lib/rv32imafc/ilp32f\libm.a(lib_a-w_pow.o) (__ieee754_pow)
c:/mounriver/mounriver_studio/toolchain/risc-v embedded gcc/bin/../lib/gcc/riscv-none-embed/8.2.0/../../../../riscv-none-embed/lib/rv32imafc/ilp32f\libm.a(lib_a-e_rem_pio2.o)
                              c:/mounriver/mounriver_studio/toolchain/risc-v embedded gcc/bin/../lib/gcc/riscv-none-embed/8.2.0/../../../../riscv-none-embed/lib/rv32imafc/ilp32f\libm.a(lib_a-s_cos.o) (__ieee754_rem_pio2)
c:/mounriver/mounriver_studio/toolchain/risc-v embedded gcc/bin/../lib/gcc/riscv-none-embed/8.2.0/../../../../riscv-none-embed/lib/rv32imafc/ilp32f\libm.a(lib_a-e_sqrt.o)
                              c:/mounriver/mounriver_studio/toolchain/risc-v embedded gcc/bin/../lib/gcc/riscv-none-embed/8.2.0/../../../../riscv-none-embed/lib/rv32imafc/ilp32f\libm.a(lib_a-w_sqrt.o) (__ieee754_sqrt)
c:/mounriver/mounriver_studio/toolchain/risc-v embedded gcc/bin/../lib/gcc/riscv-none-embed/8.2.0/../../../../riscv-none-embed/lib/rv32imafc/ilp32f\libm.a(lib_a-k_cos.o)
                              c:/mounriver/mounriver_studio/toolchain/risc-v embedded gcc/bin/../lib/gcc/riscv-none-embed/8.2.0/../../../../riscv-none-embed/lib/rv32imafc/ilp32f\libm.a(lib_a-s_cos.o) (__kernel_cos)
c:/mounriver/mounriver_studio/toolchain/risc-v embedded gcc/bin/../lib/gcc/riscv-none-embed/8.2.0/../../../../riscv-none-embed/lib/rv32imafc/ilp32f\libm.a(lib_a-k_rem_pio2.o)
                              c:/mounriver/mounriver_studio/toolchain/risc-v embedded gcc/bin/../lib/gcc/riscv-none-embed/8.2.0/../../../../riscv-none-embed/lib/rv32imafc/ilp32f\libm.a(lib_a-e_rem_pio2.o) (__kernel_rem_pio2)
c:/mounriver/mounriver_studio/toolchain/risc-v embedded gcc/bin/../lib/gcc/riscv-none-embed/8.2.0/../../../../riscv-none-embed/lib/rv32imafc/ilp32f\libm.a(lib_a-k_sin.o)
                              c:/mounriver/mounriver_studio/toolchain/risc-v embedded gcc/bin/../lib/gcc/riscv-none-embed/8.2.0/../../../../riscv-none-embed/lib/rv32imafc/ilp32f\libm.a(lib_a-s_cos.o) (__kernel_sin)
c:/mounriver/mounriver_studio/toolchain/risc-v embedded gcc/bin/../lib/gcc/riscv-none-embed/8.2.0/../../../../riscv-none-embed/lib/rv32imafc/ilp32f\libm.a(lib_a-s_atan.o)
                              c:/mounriver/mounriver_studio/toolchain/risc-v embedded gcc/bin/../lib/gcc/riscv-none-embed/8.2.0/../../../../riscv-none-embed/lib/rv32imafc/ilp32f\libm.a(lib_a-e_atan2.o) (atan)
[...]
Memory Configuration

Name             Origin             Length             Attributes
RAM              0x0000000020000040 0x000000000000fc00 xrw
FLASH            0x0000000000000000 0x0000000000040000 xr
*default*        0x0000000000000000 0xffffffffffffffff

Linker script and memory map

LOAD ./zf_driver/zf_driver_adc.o
LOAD ./zf_driver/zf_driver_delay.o
LOAD ./zf_driver/zf_driver_dvp.o
LOAD ./zf_driver/zf_driver_encoder.o
LOAD ./zf_driver/zf_driver_exti.o
LOAD ./zf_driver/zf_driver_flash.o
LOAD ./zf_driver/zf_driver_gpio.o
LOAD ./zf_driver/zf_driver_iic.o
LOAD ./zf_driver/zf_driver_pit.o
LOAD ./zf_driver/zf_driver_pwm.o
LOAD ./zf_driver/zf_driver_soft_iic.o
LOAD ./zf_driver/zf_driver_soft_spi.o
LOAD ./zf_driver/zf_driver_spi.o
LOAD ./zf_driver/zf_driver_timer.o
LOAD ./zf_driver/zf_driver_uart.o
LOAD ./zf_driver/zf_driver_usb_cdc.o
LOAD ./zf_device/zf_device_absolute_encoder.o
LOAD ./zf_device/zf_device_aht20.o
LOAD ./zf_device/zf_device_bluetooth_ch9141.o
LOAD ./zf_device/zf_device_camera.o
LOAD ./zf_device/zf_device_dl1a.o
LOAD ./zf_device/zf_device_dl1b.o
LOAD ./zf_device/zf_device_dm1xa.o
LOAD ./zf_device/zf_device_gnss.o
LOAD ./zf_device/zf_device_icm20602.o
LOAD ./zf_device/zf_device_imu660ra.o
LOAD ./zf_device/zf_device_imu963ra.o
LOAD ./zf_device/zf_device_ips114.o
LOAD ./zf_device/zf_device_ips200.o
LOAD ./zf_device/zf_device_k24c02.o
LOAD ./zf_device/zf_device_key.o
LOAD ./zf_device/zf_device_mpu6050.o
LOAD ./zf_device/zf_device_mt9v03x_dvp.o
LOAD ./zf_device/zf_device_oled.o
LOAD ./zf_device/zf_device_scc8660_dvp.o
LOAD ./zf_device/zf_device_tft180.o
LOAD ./zf_device/zf_device_type.o
LOAD ./zf_device/zf_device_virtual_oscilloscope.o
LOAD ./zf_device/zf_device_w25q32.o
LOAD ./zf_device/zf_device_wifi_spi.o
LOAD ./zf_device/zf_device_wifi_uart.o
LOAD ./zf_device/zf_device_wireless_ch573.o
LOAD ./zf_device/zf_device_wireless_uart.o
LOAD ./zf_components/seekfree_assistant.o
LOAD ./zf_components/seekfree_assistant_interface.o
LOAD ./zf_common/zf_common_clock.o
LOAD ./zf_common/zf_common_debug.o
LOAD ./zf_common/zf_common_fifo.o
LOAD ./zf_common/zf_common_font.o
LOAD ./zf_common/zf_common_function.o
LOAD ./zf_common/zf_common_interrupt.o
LOAD ./user_c/isr.o
LOAD ./user_c/main.o
LOAD ./sdk/Startup/startup_ch32v30x_D8C.o
LOAD ./sdk/Peripheral/ch32v30x_adc.o
LOAD ./sdk/Peripheral/ch32v30x_bkp.o
LOAD ./sdk/Peripheral/ch32v30x_can.o
LOAD ./sdk/Peripheral/ch32v30x_crc.o
LOAD ./sdk/Peripheral/ch32v30x_dac.o
LOAD ./sdk/Peripheral/ch32v30x_dbgmcu.o
LOAD ./sdk/Peripheral/ch32v30x_dma.o
LOAD ./sdk/Peripheral/ch32v30x_dvp.o
LOAD ./sdk/Peripheral/ch32v30x_eth.o
LOAD ./sdk/Peripheral/ch32v30x_exti.o
LOAD ./sdk/Peripheral/ch32v30x_flash.o
LOAD ./sdk/Peripheral/ch32v30x_fsmc.o
LOAD ./sdk/Peripheral/ch32v30x_gpio.o
LOAD ./sdk/Peripheral/ch32v30x_i2c.o
LOAD ./sdk/Peripheral/ch32v30x_iwdg.o
LOAD ./sdk/Peripheral/ch32v30x_opa.o
LOAD ./sdk/Peripheral/ch32v30x_pwr.o
LOAD ./sdk/Peripheral/ch32v30x_rcc.o
LOAD ./sdk/Peripheral/ch32v30x_rng.o
LOAD ./sdk/Peripheral/ch32v30x_rtc.o
LOAD ./sdk/Peripheral/ch32v30x_sdio.o
LOAD ./sdk/Peripheral/ch32v30x_spi.o
LOAD ./sdk/Peripheral/ch32v30x_tim.o
LOAD ./sdk/Peripheral/ch32v30x_usart.o
LOAD ./sdk/Peripheral/ch32v30x_usbotg_device.o
LOAD ./sdk/Peripheral/ch32v30x_wwdg.o
LOAD ./sdk/Core/core_riscv.o
LOAD ./code/Ring_Buffer.o
LOAD ./code/Task_Manager.o
LOAD ./code/UART_Data_Unpacker.o
LOAD ./code/XxxTimeSliceOffset.o
LOAD c:/mounriver/mounriver_studio/toolchain/risc-v embedded gcc/bin/../lib/gcc/riscv-none-embed/8.2.0/../../../../riscv-none-embed/lib/rv32imafc/ilp32f\libm.a
LOAD X:\300-软件技术\205-我写的MCU程序\CH32\5.86闭环步进电机驱动\libraries\zf_device\libzf_device_config.a
LOAD c:/mounriver/mounriver_studio/toolchain/risc-v embedded gcc/bin/../lib/gcc/riscv-none-embed/8.2.0/rv32imafc/ilp32f\libgcc.a
LOAD c:/mounriver/mounriver_studio/toolchain/risc-v embedded gcc/bin/../lib/gcc/riscv-none-embed/8.2.0/../../../../riscv-none-embed/lib/rv32imafc/ilp32f\libg_nano.a
LOAD c:/mounriver/mounriver_studio/toolchain/risc-v embedded gcc/bin/../lib/gcc/riscv-none-embed/8.2.0/../../../../riscv-none-embed/lib/rv32imafc/ilp32f\libc_nano.a
LOAD c:/mounriver/mounriver_studio/toolchain/risc-v embedded gcc/bin/../lib/gcc/riscv-none-embed/8.2.0/rv32imafc/ilp32f\libgcc.a
START GROUP
LOAD c:/mounriver/mounriver_studio/toolchain/risc-v embedded gcc/bin/../lib/gcc/riscv-none-embed/8.2.0/rv32imafc/ilp32f\libgcc.a
LOAD c:/mounriver/mounriver_studio/toolchain/risc-v embedded gcc/bin/../lib/gcc/riscv-none-embed/8.2.0/../../../../riscv-none-embed/lib/rv32imafc/ilp32f\libc_nano.a
LOAD c:/mounriver/mounriver_studio/toolchain/risc-v embedded gcc/bin/../lib/gcc/riscv-none-embed/8.2.0/../../../../riscv-none-embed/lib/rv32imafc/ilp32f\libnosys.a
END GROUP
START GROUP
LOAD c:/mounriver/mounriver_studio/toolchain/risc-v embedded gcc/bin/../lib/gcc/riscv-none-embed/8.2.0/rv32imafc/ilp32f\libgcc.a
LOAD c:/mounriver/mounriver_studio/toolchain/risc-v embedded gcc/bin/../lib/gcc/riscv-none-embed/8.2.0/../../../../riscv-none-embed/lib/rv32imafc/ilp32f\libc_nano.a
LOAD c:/mounriver/mounriver_studio/toolchain/risc-v embedded gcc/bin/../lib/gcc/riscv-none-embed/8.2.0/../../../../riscv-none-embed/lib/rv32imafc/ilp32f\libnosys.a
END GROUP
                0x0000000000000800                __stack_size = 0x800
                [!provide]                        PROVIDE (_stack_size = __stack_size)

.init           0x0000000000000000       0x38
                0x0000000000000000                _sinit = .
                0x0000000000000000                . = ALIGN (0x4)
 *(SORT_NONE(.init))
 .init          0x0000000000000000       0x38 ./sdk/Startup/startup_ch32v30x_D8C.o
                0x0000000000000000                _start
                0x0000000000000038                . = ALIGN (0x4)
                0x0000000000000038                _einit = .

.vector         0x0000000000000038      0x1c8
 *(.vector)
 .vector        0x0000000000000038      0x1a0 ./sdk/Startup/startup_ch32v30x_D8C.o
                0x0000000000000200                . = ALIGN (0x40)
 *fill*         0x00000000000001d8       0x28 

.text           0x0000000000000200    0x121e8
                0x0000000000000200                . = ALIGN (0x4)
 *(.text)
 .text          0x0000000000000200       0xa8 c:/mounriver/mounriver_studio/toolchain/risc-v embedded gcc/bin/../lib/gcc/riscv-none-embed/8.2.0/../../../../riscv-none-embed/lib/rv32imafc/ilp32f\libg_nano.a(lib_a-memset.o)
                0x0000000000000200                memset
 *(.text.*)
 .text.system_delay_ms
                0x00000000000002a8       0xa2 ./zf_driver/zf_driver_delay.o
                0x00000000000002a8                system_delay_ms
 .text.exti_enable
                0x000000000000034a       0x36 ./zf_driver/zf_driver_exti.o
                0x000000000000034a                exti_enable
 .text.exti_init
                0x0000000000000380      0x108 ./zf_driver/zf_driver_exti.o
                0x0000000000000380                exti_init
 .text.gpio_set_level
                0x0000000000000488       0x78 ./zf_driver/zf_driver_gpio.o
                0x0000000000000488                gpio_set_level
 .text.gpio_get_level
                0x0000000000000500       0x42 ./zf_driver/zf_driver_gpio.o
                0x0000000000000500                gpio_get_level
 .text.gpio_init
                0x0000000000000542      0x15c ./zf_driver/zf_driver_gpio.o
                0x0000000000000542                gpio_init
 .text.pit_init
                0x000000000000069e      0x218 ./zf_driver/zf_driver_pit.o
                0x000000000000069e                pit_init
 .text.pwm_set_freq
                0x00000000000008b6      0x18c ./zf_driver/zf_driver_pwm.o
                0x00000000000008b6                pwm_set_freq
 .text.pwm_init
                0x0000000000000a42      0x414 ./zf_driver/zf_driver_pwm.o
                0x0000000000000a42                pwm_init
 .text.spi_write_8bit
                0x0000000000000e56       0x56 ./zf_driver/zf_driver_spi.o
                0x0000000000000e56                spi_write_8bit
 .text.spi_init
                0x0000000000000eac      0x2d4 ./zf_driver/zf_driver_spi.o
                0x0000000000000eac                spi_init
 .text.timer_funciton_check
                0x0000000000001180       0x66 ./zf_driver/zf_driver_timer.o
                0x0000000000001180                timer_funciton_check
 .text.timer_clock_enable
                0x00000000000011e6       0xe2 ./zf_driver/zf_driver_timer.o
                0x00000000000011e6                timer_clock_enable
 .text.timer_get
                0x00000000000012c8       0xfe ./zf_driver/zf_driver_timer.o
                0x00000000000012c8                timer_get
 .text.timer_clear
                0x00000000000013c6       0xc4 ./zf_driver/zf_driver_timer.o
                0x00000000000013c6                timer_clear
 .text.uart_write_byte
                0x000000000000148a       0x56 ./zf_driver/zf_driver_uart.o
                0x000000000000148a                uart_write_byte
 .text.uart_write_string
                0x00000000000014e0       0x60 ./zf_driver/zf_driver_uart.o
                0x00000000000014e0                uart_write_string
 .text.uart_rx_interrupt
                0x0000000000001540       0x84 ./zf_driver/zf_driver_uart.o
                0x0000000000001540                uart_rx_interrupt
 .text.uart_query_byte
                0x00000000000015c4       0x5e ./zf_driver/zf_driver_uart.o
                0x00000000000015c4                uart_query_byte
 .text.uart_init
                0x0000000000001622      0x5aa ./zf_driver/zf_driver_uart.o
                0x0000000000001622                uart_init
 .text.dm1xa_sound_callback
                0x0000000000001bcc       0xf6 ./zf_device/zf_device_dm1xa.o
                0x0000000000001bcc                dm1xa_sound_callback
 .text.dm1xa_light_callback
                0x0000000000001cc2       0x32 ./zf_device/zf_device_dm1xa.o
                0x0000000000001cc2                dm1xa_light_callback
 .text.gnss_uart_callback
                0x0000000000001cf4      0x15c ./zf_device/zf_device_gnss.o
                0x0000000000001cf4                gnss_uart_callback
 .text.key_scanner
                0x0000000000001e50      0x100 ./zf_device/zf_device_key.o
                0x0000000000001e50                key_scanner
 .text.key_get_state
                0x0000000000001f50       0x20 ./zf_device/zf_device_key.o
                0x0000000000001f50                key_get_state
 .text.key_init
                0x0000000000001f70       0x88 ./zf_device/zf_device_key.o
                0x0000000000001f70                key_init
 .text.oled_write_data
                0x0000000000001ff8       0x34 ./zf_device/zf_device_oled.o
 .text.oled_write_command
                0x000000000000202c       0x34 ./zf_device/zf_device_oled.o
 .text.oled_set_coordinate
                0x0000000000002060       0x96 ./zf_device/zf_device_oled.o
 .text.oled_debug_init
                0x00000000000020f6       0x7e ./zf_device/zf_device_oled.o
 .text.oled_clear
                0x0000000000002174       0x84 ./zf_device/zf_device_oled.o
                0x0000000000002174                oled_clear
 .text.oled_set_dir
                0x00000000000021f8       0x1a ./zf_device/zf_device_oled.o
                0x00000000000021f8                oled_set_dir
 .text.oled_set_font
                0x0000000000002212       0x1a ./zf_device/zf_device_oled.o
                0x0000000000002212                oled_set_font
 .text.oled_show_string
                0x000000000000222c      0x234 ./zf_device/zf_device_oled.o
                0x000000000000222c                oled_show_string
 .text.oled_show_int
                0x0000000000002460      0x134 ./zf_device/zf_device_oled.o
                0x0000000000002460                oled_show_int
 .text.oled_init
                0x0000000000002594      0x1a8 ./zf_device/zf_device_oled.o
                0x0000000000002594                oled_init
 .text.type_default_callback
                0x000000000000273c        0xe ./zf_device/zf_device_type.o
 .text.clock_reset
                0x000000000000274a       0x76 ./zf_common/zf_common_clock.o
                0x000000000000274a                clock_reset
 .text.clock_set_freq
                0x00000000000027c0      0x1de ./zf_common/zf_common_clock.o
                0x00000000000027c0                clock_set_freq
 .text.clock_init
                0x000000000000299e       0x2a ./zf_common/zf_common_clock.o
                0x000000000000299e                clock_init
 .text.__NOP    0x00000000000029c8       0x10 ./zf_common/zf_common_debug.o
 .text.debug_delay
                0x00000000000029d8       0x52 ./zf_common/zf_common_debug.o
 .text.debug_protective_handler
                0x0000000000002a2a        0xe ./zf_common/zf_common_debug.o
 .text.debug_uart_str_output
                0x0000000000002a38       0x20 ./zf_common/zf_common_debug.o
 .text.debug_output
                0x0000000000002a58      0x52c ./zf_common/zf_common_debug.o
 .text._write   0x0000000000002f84       0x7c ./zf_common/zf_common_debug.o
                0x0000000000002f84                _write
 .text.debug_assert_handler
                0x0000000000003000       0x68 ./zf_common/zf_common_debug.o
                0x0000000000003000                debug_assert_handler
 .text.debug_output_struct_init
                0x0000000000003068       0x5a ./zf_common/zf_common_debug.o
                0x0000000000003068                debug_output_struct_init
 .text.debug_output_init
                0x00000000000030c2       0x88 ./zf_common/zf_common_debug.o
                0x00000000000030c2                debug_output_init
 .text.debug_init
                0x000000000000314a       0x46 ./zf_common/zf_common_debug.o
                0x000000000000314a                debug_init
 .text.fifo_head_offset
                0x0000000000003190      0x184 ./zf_common/zf_common_fifo.o
 .text.fifo_end_offset
                0x0000000000003314      0x184 ./zf_common/zf_common_fifo.o
 .text.fifo_clear
                0x0000000000003498      0x24a ./zf_common/zf_common_fifo.o
                0x0000000000003498                fifo_clear
 .text.fifo_used
                0x00000000000036e2       0x7a ./zf_common/zf_common_fifo.o
                0x00000000000036e2                fifo_used
 .text.fifo_write_buffer
                0x000000000000375c      0x5ea ./zf_common/zf_common_fifo.o
                0x000000000000375c                fifo_write_buffer
 .text.fifo_read_buffer
                0x0000000000003d46      0x5a4 ./zf_common/zf_common_fifo.o
                0x0000000000003d46                fifo_read_buffer
 .text.func_int_to_str
                0x00000000000042ea      0x116 ./zf_common/zf_common_function.o
                0x00000000000042ea                func_int_to_str
 .text.__enable_irq
                0x0000000000004400       0x18 ./zf_common/zf_common_interrupt.o
 .text.__disable_irq
                0x0000000000004418       0x14 ./zf_common/zf_common_interrupt.o
 .text.NVIC_EnableIRQ
                0x000000000000442c       0x32 ./zf_common/zf_common_interrupt.o
 .text.NVIC_DisableIRQ
                0x000000000000445e       0x32 ./zf_common/zf_common_interrupt.o
 .text.NVIC_SetPriority
                0x0000000000004490       0x2a ./zf_common/zf_common_interrupt.o
 .text.interrupt_enable
                0x00000000000044ba       0x1c ./zf_common/zf_common_interrupt.o
                0x00000000000044ba                interrupt_enable
 .text.interrupt_disable
                0x00000000000044d6       0x1c ./zf_common/zf_common_interrupt.o
                0x00000000000044d6                interrupt_disable
 .text.interrupt_set_priority
                0x00000000000044f2       0x28 ./zf_common/zf_common_interrupt.o
                0x00000000000044f2                interrupt_set_priority
 .text.interrupt_global_enable
                0x000000000000451a       0x30 ./zf_common/zf_common_interrupt.o
                0x000000000000451a                interrupt_global_enable
 .text.interrupt_global_disable
                0x000000000000454a       0x2a ./zf_common/zf_common_interrupt.o
                0x000000000000454a                interrupt_global_disable
 .text.interrupt_init
                0x0000000000004574       0x16 ./zf_common/zf_common_interrupt.o
                0x0000000000004574                interrupt_init
 .text.USART1_IRQHandler
                0x000000000000458a       0xc4 ./user_c/isr.o
                0x000000000000458a                USART1_IRQHandler
 .text.USART2_IRQHandler
                0x000000000000464e       0xc4 ./user_c/isr.o
                0x000000000000464e                USART2_IRQHandler
 .text.USART3_IRQHandler
                0x0000000000004712       0xc4 ./user_c/isr.o
                0x0000000000004712                USART3_IRQHandler
 .text.UART4_IRQHandler
                0x00000000000047d6       0xc4 ./user_c/isr.o
                0x00000000000047d6                UART4_IRQHandler
 .text.UART5_IRQHandler
                0x000000000000489a       0xc6 ./user_c/isr.o
                0x000000000000489a                UART5_IRQHandler
 .text.UART6_IRQHandler
                0x0000000000004960       0xc4 ./user_c/isr.o
                0x0000000000004960                UART6_IRQHandler
 .text.UART7_IRQHandler
                0x0000000000004a24       0xca ./user_c/isr.o
                0x0000000000004a24                UART7_IRQHandler
 .text.UART8_IRQHandler
                0x0000000000004aee       0xc4 ./user_c/isr.o
                0x0000000000004aee                UART8_IRQHandler
 .text.DVP_IRQHandler
                0x0000000000004bb2       0xd0 ./user_c/isr.o
                0x0000000000004bb2                DVP_IRQHandler
 .text.EXTI0_IRQHandler
                0x0000000000004c82       0xb4 ./user_c/isr.o
                0x0000000000004c82                EXTI0_IRQHandler
 .text.EXTI1_IRQHandler
                0x0000000000004d36       0xb4 ./user_c/isr.o
                0x0000000000004d36                EXTI1_IRQHandler
 .text.EXTI2_IRQHandler
                0x0000000000004dea       0xb8 ./user_c/isr.o
                0x0000000000004dea                EXTI2_IRQHandler
 .text.EXTI3_IRQHandler
                0x0000000000004ea2       0xb4 ./user_c/isr.o
                0x0000000000004ea2                EXTI3_IRQHandler
 .text.EXTI4_IRQHandler
                0x0000000000004f56       0xb4 ./user_c/isr.o
                0x0000000000004f56                EXTI4_IRQHandler
 .text.EXTI9_5_IRQHandler
                0x000000000000500a      0x118 ./user_c/isr.o
                0x000000000000500a                EXTI9_5_IRQHandler
 .text.EXTI15_10_IRQHandler
                0x0000000000005122      0x132 ./user_c/isr.o
                0x0000000000005122                EXTI15_10_IRQHandler
 .text.TIM1_UP_IRQHandler
                0x0000000000005254       0xc0 ./user_c/isr.o
                0x0000000000005254                TIM1_UP_IRQHandler
 .text.TIM2_IRQHandler
                0x0000000000005314       0xb8 ./user_c/isr.o
                0x0000000000005314                TIM2_IRQHandler
 .text.TIM3_IRQHandler
                0x00000000000053cc       0xc0 ./user_c/isr.o
                0x00000000000053cc                TIM3_IRQHandler
 .text.TIM4_IRQHandler
                0x000000000000548c       0xc0 ./user_c/isr.o
                0x000000000000548c                TIM4_IRQHandler
 .text.TIM5_IRQHandler
                0x000000000000554c       0xc0 ./user_c/isr.o
                0x000000000000554c                TIM5_IRQHandler
 .text.TIM6_IRQHandler
                0x000000000000560c       0xbc ./user_c/isr.o
                0x000000000000560c                TIM6_IRQHandler
 .text.TIM7_IRQHandler
                0x00000000000056c8       0xc0 ./user_c/isr.o
                0x00000000000056c8                TIM7_IRQHandler
 .text.TIM8_UP_IRQHandler
                0x0000000000005788       0xc0 ./user_c/isr.o
                0x0000000000005788                TIM8_UP_IRQHandler
 .text.TIM9_UP_IRQHandler
                0x0000000000005848       0xc0 ./user_c/isr.o
                0x0000000000005848                TIM9_UP_IRQHandler
 .text.TIM10_UP_IRQHandler
                0x0000000000005908       0xb8 ./user_c/isr.o
                0x0000000000005908                TIM10_UP_IRQHandler
 .text.NMI_Handler
                0x00000000000059c0       0x10 ./user_c/isr.o
                0x00000000000059c0                NMI_Handler
 .text.HardFault_Handler
                0x00000000000059d0        0x8 ./user_c/isr.o
                0x00000000000059d0                HardFault_Handler
 .text.main     0x00000000000059d8       0x7c ./user_c/main.o
                0x00000000000059d8                main
 .text.vector_handler
                0x0000000000005a54       0xbe ./sdk/Startup/startup_ch32v30x_D8C.o
                0x0000000000005a58                Ecall_M_Mode_Handler
                0x0000000000005a5a                Ecall_U_Mode_Handler
                0x0000000000005a5c                Break_Point_Handler
                0x0000000000005a5e                SysTick_Handler
                0x0000000000005a60                SW_Handler
                0x0000000000005a62                WWDG_IRQHandler
                0x0000000000005a64                PVD_IRQHandler
                0x0000000000005a66                TAMPER_IRQHandler
                0x0000000000005a68                RTC_IRQHandler
                0x0000000000005a6a                FLASH_IRQHandler
                0x0000000000005a6c                RCC_IRQHandler
                0x0000000000005a78                DMA1_Channel1_IRQHandler
                0x0000000000005a7a                DMA1_Channel2_IRQHandler
                0x0000000000005a7c                DMA1_Channel3_IRQHandler
                0x0000000000005a7e                DMA1_Channel4_IRQHandler
                0x0000000000005a80                DMA1_Channel5_IRQHandler
                0x0000000000005a82                DMA1_Channel6_IRQHandler
                0x0000000000005a84                DMA1_Channel7_IRQHandler
                0x0000000000005a86                ADC1_2_IRQHandler
                0x0000000000005a88                USB_HP_CAN1_TX_IRQHandler
                0x0000000000005a8a                USB_LP_CAN1_RX0_IRQHandler
                0x0000000000005a8c                CAN1_RX1_IRQHandler
                0x0000000000005a8e                CAN1_SCE_IRQHandler
                0x0000000000005a92                TIM1_BRK_IRQHandler
                0x0000000000005a96                TIM1_TRG_COM_IRQHandler
                0x0000000000005a98                TIM1_CC_IRQHandler
                0x0000000000005aa0                I2C1_EV_IRQHandler
                0x0000000000005aa2                I2C1_ER_IRQHandler
                0x0000000000005aa4                I2C2_EV_IRQHandler
                0x0000000000005aa6                I2C2_ER_IRQHandler
                0x0000000000005aa8                SPI1_IRQHandler
                0x0000000000005aaa                SPI2_IRQHandler
                0x0000000000005ab4                RTCAlarm_IRQHandler
                0x0000000000005ab6                USBWakeUp_IRQHandler
                0x0000000000005ab8                TIM8_BRK_IRQHandler
                0x0000000000005abc                TIM8_TRG_COM_IRQHandler
                0x0000000000005abe                TIM8_CC_IRQHandler
                0x0000000000005ac0                RNG_IRQHandler
                0x0000000000005ac2                FSMC_IRQHandler
                0x0000000000005ac4                SDIO_IRQHandler
                0x0000000000005ac8                SPI3_IRQHandler
                0x0000000000005ad2                DMA2_Channel1_IRQHandler
                0x0000000000005ad4                DMA2_Channel2_IRQHandler
                0x0000000000005ad6                DMA2_Channel3_IRQHandler
                0x0000000000005ad8                DMA2_Channel4_IRQHandler
                0x0000000000005ada                DMA2_Channel5_IRQHandler
                0x0000000000005adc                ETH_IRQHandler
                0x0000000000005ade                ETH_WKUP_IRQHandler
                0x0000000000005ae0                CAN2_TX_IRQHandler
                0x0000000000005ae2                CAN2_RX0_IRQHandler
                0x0000000000005ae4                CAN2_RX1_IRQHandler
                0x0000000000005ae6                CAN2_SCE_IRQHandler
                0x0000000000005aea                USBHSWakeup_IRQHandler
                0x0000000000005aec                USBHS_IRQHandler
                0x0000000000005af6                TIM9_BRK_IRQHandler
                0x0000000000005afa                TIM9_TRG_COM_IRQHandler
                0x0000000000005afc                TIM9_CC_IRQHandler
                0x0000000000005afe                TIM10_BRK_IRQHandler
                0x0000000000005b02                TIM10_TRG_COM_IRQHandler
                0x0000000000005b04                TIM10_CC_IRQHandler
                0x0000000000005b06                DMA2_Channel6_IRQHandler
                0x0000000000005b08                DMA2_Channel7_IRQHandler
                0x0000000000005b0a                DMA2_Channel8_IRQHandler
                0x0000000000005b0c                DMA2_Channel9_IRQHandler
                0x0000000000005b0e                DMA2_Channel10_IRQHandler
                0x0000000000005b10                DMA2_Channel11_IRQHandler
 .text.handle_reset
                0x0000000000005b12       0x86 ./sdk/Startup/startup_ch32v30x_D8C.o
                0x0000000000005b12                handle_reset
 .text.EXTI_Init
                0x0000000000005b98      0x170 ./sdk/Peripheral/ch32v30x_exti.o
                0x0000000000005b98                EXTI_Init
 .text.EXTI_GetITStatus
                0x0000000000005d08       0x56 ./sdk/Peripheral/ch32v30x_exti.o
                0x0000000000005d08                EXTI_GetITStatus
 .text.EXTI_ClearITPendingBit
                0x0000000000005d5e       0x20 ./sdk/Peripheral/ch32v30x_exti.o
                0x0000000000005d5e                EXTI_ClearITPendingBit
 .text.GPIO_Init
                0x0000000000005d7e      0x22a ./sdk/Peripheral/ch32v30x_gpio.o
                0x0000000000005d7e                GPIO_Init
 .text.GPIO_WriteBit
                0x0000000000005fa8       0x38 ./sdk/Peripheral/ch32v30x_gpio.o
                0x0000000000005fa8                GPIO_WriteBit
 .text.GPIO_PinRemapConfig
                0x0000000000005fe0      0x1c8 ./sdk/Peripheral/ch32v30x_gpio.o
                0x0000000000005fe0                GPIO_PinRemapConfig
 .text.GPIO_EXTILineConfig
                0x00000000000061a8       0xa2 ./sdk/Peripheral/ch32v30x_gpio.o
                0x00000000000061a8                GPIO_EXTILineConfig
 .text.RCC_GetClocksFreq
                0x000000000000624a      0x2c6 ./sdk/Peripheral/ch32v30x_rcc.o
                0x000000000000624a                RCC_GetClocksFreq
 .text.RCC_APB2PeriphClockCmd
                0x0000000000006510       0x46 ./sdk/Peripheral/ch32v30x_rcc.o
                0x0000000000006510                RCC_APB2PeriphClockCmd
 .text.RCC_APB1PeriphClockCmd
                0x0000000000006556       0x46 ./sdk/Peripheral/ch32v30x_rcc.o
                0x0000000000006556                RCC_APB1PeriphClockCmd
 .text.RCC_APB2PeriphResetCmd
                0x000000000000659c       0x46 ./sdk/Peripheral/ch32v30x_rcc.o
                0x000000000000659c                RCC_APB2PeriphResetCmd
 .text.RCC_APB1PeriphResetCmd
                0x00000000000065e2       0x46 ./sdk/Peripheral/ch32v30x_rcc.o
                0x00000000000065e2                RCC_APB1PeriphResetCmd
 .text.SPI_I2S_DeInit
                0x0000000000006628       0x76 ./sdk/Peripheral/ch32v30x_spi.o
                0x0000000000006628                SPI_I2S_DeInit
 .text.SPI_Init
                0x000000000000669e       0xf8 ./sdk/Peripheral/ch32v30x_spi.o
                0x000000000000669e                SPI_Init
 .text.SPI_Cmd  0x0000000000006796       0x5a ./sdk/Peripheral/ch32v30x_spi.o
                0x0000000000006796                SPI_Cmd
 .text.TIM_TimeBaseInit
                0x00000000000067f0      0x17e ./sdk/Peripheral/ch32v30x_tim.o
                0x00000000000067f0                TIM_TimeBaseInit
 .text.TIM_OC1Init
                0x000000000000696e      0x19c ./sdk/Peripheral/ch32v30x_tim.o
                0x000000000000696e                TIM_OC1Init
 .text.TIM_OC2Init
                0x0000000000006b0a      0x1e2 ./sdk/Peripheral/ch32v30x_tim.o
                0x0000000000006b0a                TIM_OC2Init
 .text.TIM_OC3Init
                0x0000000000006cec      0x1dc ./sdk/Peripheral/ch32v30x_tim.o
                0x0000000000006cec                TIM_OC3Init
 .text.TIM_OC4Init
                0x0000000000006ec8      0x176 ./sdk/Peripheral/ch32v30x_tim.o
                0x0000000000006ec8                TIM_OC4Init
 .text.TIM_Cmd  0x000000000000703e       0x58 ./sdk/Peripheral/ch32v30x_tim.o
                0x000000000000703e                TIM_Cmd
 .text.TIM_CtrlPWMOutputs
                0x0000000000007096       0x60 ./sdk/Peripheral/ch32v30x_tim.o
                0x0000000000007096                TIM_CtrlPWMOutputs
 .text.TIM_ITConfig
                0x00000000000070f6       0x70 ./sdk/Peripheral/ch32v30x_tim.o
                0x00000000000070f6                TIM_ITConfig
 .text.TIM_OC1PreloadConfig
                0x0000000000007166       0x4c ./sdk/Peripheral/ch32v30x_tim.o
                0x0000000000007166                TIM_OC1PreloadConfig
 .text.TIM_OC2PreloadConfig
                0x00000000000071b2       0x5a ./sdk/Peripheral/ch32v30x_tim.o
                0x00000000000071b2                TIM_OC2PreloadConfig
 .text.TIM_OC3PreloadConfig
                0x000000000000720c       0x4c ./sdk/Peripheral/ch32v30x_tim.o
                0x000000000000720c                TIM_OC3PreloadConfig
 .text.TIM_OC4PreloadConfig
                0x0000000000007258       0x5a ./sdk/Peripheral/ch32v30x_tim.o
                0x0000000000007258                TIM_OC4PreloadConfig
 .text.TIM_OC1FastConfig
                0x00000000000072b2       0x4c ./sdk/Peripheral/ch32v30x_tim.o
                0x00000000000072b2                TIM_OC1FastConfig
 .text.TIM_OC2FastConfig
                0x00000000000072fe       0x56 ./sdk/Peripheral/ch32v30x_tim.o
                0x00000000000072fe                TIM_OC2FastConfig
 .text.TIM_OC3FastConfig
                0x0000000000007354       0x4c ./sdk/Peripheral/ch32v30x_tim.o
                0x0000000000007354                TIM_OC3FastConfig
 .text.TIM_OC4FastConfig
                0x00000000000073a0       0x56 ./sdk/Peripheral/ch32v30x_tim.o
                0x00000000000073a0                TIM_OC4FastConfig
 .text.TIM_GetITStatus
                0x00000000000073f6       0x70 ./sdk/Peripheral/ch32v30x_tim.o
                0x00000000000073f6                TIM_GetITStatus
 .text.TIM_ClearITPendingBit
                0x0000000000007466       0x2e ./sdk/Peripheral/ch32v30x_tim.o
                0x0000000000007466                TIM_ClearITPendingBit
 .text.USART_Init
                0x0000000000007494      0x234 ./sdk/Peripheral/ch32v30x_usart.o
                0x0000000000007494                USART_Init
 .text.USART_Cmd
                0x00000000000076c8       0x60 ./sdk/Peripheral/ch32v30x_usart.o
                0x00000000000076c8                USART_Cmd
 .text.USART_ITConfig
                0x0000000000007728       0xc4 ./sdk/Peripheral/ch32v30x_usart.o
                0x0000000000007728                USART_ITConfig
 .text.USART_SendData
                0x00000000000077ec       0x2e ./sdk/Peripheral/ch32v30x_usart.o
                0x00000000000077ec                USART_SendData
 .text.USART_GetFlagStatus
                0x000000000000781a       0x46 ./sdk/Peripheral/ch32v30x_usart.o
                0x000000000000781a                USART_GetFlagStatus
 .text.USART_GetITStatus
                0x0000000000007860      0x102 ./sdk/Peripheral/ch32v30x_usart.o
                0x0000000000007860                USART_GetITStatus
 .text.USART_ClearITPendingBit
                0x0000000000007962       0x4e ./sdk/Peripheral/ch32v30x_usart.o
                0x0000000000007962                USART_ClearITPendingBit
 .text.DevEP1_IN_Deal
                0x00000000000079b0       0x3e ./sdk/Peripheral/ch32v30x_usbotg_device.o
                0x00000000000079b0                DevEP1_IN_Deal
 .text.DevEP2_IN_Deal
                0x00000000000079ee       0x3e ./sdk/Peripheral/ch32v30x_usbotg_device.o
                0x00000000000079ee                DevEP2_IN_Deal
 .text.DevEP1_OUT_Deal
                0x0000000000007a2c       0x66 ./sdk/Peripheral/ch32v30x_usbotg_device.o
                0x0000000000007a2c                DevEP1_OUT_Deal
 .text.DevEP2_OUT_Deal
                0x0000000000007a92       0x66 ./sdk/Peripheral/ch32v30x_usbotg_device.o
                0x0000000000007a92                DevEP2_OUT_Deal
 .text.OTG_FS_IRQHandler
                0x0000000000007af8      0xd16 ./sdk/Peripheral/ch32v30x_usbotg_device.o
                0x0000000000007af8                OTG_FS_IRQHandler
 .text.ring_buffer_is_empty
                0x000000000000880e       0x2a ./code/Ring_Buffer.o
                0x000000000000880e                ring_buffer_is_empty
 .text.ring_buffer_is_full
                0x0000000000008838       0x3a ./code/Ring_Buffer.o
                0x0000000000008838                ring_buffer_is_full
 .text.ring_buffer_init
                0x0000000000008872       0x6e ./code/Ring_Buffer.o
                0x0000000000008872                ring_buffer_init
 .text.ring_buffer_queue
                0x00000000000088e0       0x6e ./code/Ring_Buffer.o
                0x00000000000088e0                ring_buffer_queue
 .text.ring_buffer_dequeue
                0x000000000000894e       0x5e ./code/Ring_Buffer.o
                0x000000000000894e                ring_buffer_dequeue
 .text.PeripheraAll_Init
                0x00000000000089ac      0x110 ./code/Task_Manager.o
                0x00000000000089ac                PeripheraAll_Init
 .text.update_speed
                0x0000000000008abc       0xac ./code/Task_Manager.o
                0x0000000000008abc                update_speed
 .text.While_Task
                0x0000000000008b68        0xe ./code/Task_Manager.o
                0x0000000000008b68                While_Task
 .text.UART_packet_TASKhandler
                0x0000000000008b76       0x5a ./code/Task_Manager.o
                0x0000000000008b76                UART_packet_TASKhandler
 .text.control_Speed
                0x0000000000008bd0       0x2e ./code/Task_Manager.o
                0x0000000000008bd0                control_Speed
 .text.key_Processing
                0x0000000000008bfe       0xaa ./code/Task_Manager.o
                0x0000000000008bfe                key_Processing
 .text.EXTI_Handler
                0x0000000000008ca8       0x64 ./code/Task_Manager.o
                0x0000000000008ca8                EXTI_Handler
 .text.PacketTag_Analysis
                0x0000000000008d0c       0xba ./code/UART_Data_Unpacker.o
                0x0000000000008d0c                PacketTag_Analysis
 .text.UnpackData_Handle_Float_FireWater
                0x0000000000008dc6       0x3c ./code/UART_Data_Unpacker.o
                0x0000000000008dc6                UnpackData_Handle_Float_FireWater
 .text.UnpackData_Handle_Int_FireWater
                0x0000000000008e02       0x2e ./code/UART_Data_Unpacker.o
                0x0000000000008e02                UnpackData_Handle_Int_FireWater
 .text.printf_USART_DEBUG
                0x0000000000008e30       0x52 ./code/UART_Data_Unpacker.o
                0x0000000000008e30                printf_USART_DEBUG
 .text.DebugPrint
                0x0000000000008e82       0x5e ./code/UART_Data_Unpacker.o
                0x0000000000008e82                DebugPrint
 .text.USART_DEBUG_IRQ_Function
                0x0000000000008ee0       0x38 ./code/UART_Data_Unpacker.o
                0x0000000000008ee0                USART_DEBUG_IRQ_Function
 .text.UART_DEBUG_Ringbuffer_Processer
                0x0000000000008f18      0x138 ./code/UART_Data_Unpacker.o
                0x0000000000008f18                UART_DEBUG_Ringbuffer_Processer
 .text.XxxTimeSliceOffset_Register
                0x0000000000009050       0xb4 ./code/XxxTimeSliceOffset.o
                0x0000000000009050                XxxTimeSliceOffset_Register
 .text.XxxTimeSliceOffset_Start
                0x0000000000009104       0x4c ./code/XxxTimeSliceOffset.o
                0x0000000000009104                XxxTimeSliceOffset_Start
 .text.XxxTimeSliceOffset_Produce
                0x0000000000009150       0x76 ./code/XxxTimeSliceOffset.o
                0x0000000000009150                XxxTimeSliceOffset_Produce
 .text.__adddf3
                0x00000000000091c6      0xa0e c:/mounriver/mounriver_studio/toolchain/risc-v embedded gcc/bin/../lib/gcc/riscv-none-embed/8.2.0/rv32imafc/ilp32f\libgcc.a(adddf3.o)
                0x00000000000091c6                __adddf3
 .text.__divdf3
                0x0000000000009bd4      0x7ea c:/mounriver/mounriver_studio/toolchain/risc-v embedded gcc/bin/../lib/gcc/riscv-none-embed/8.2.0/rv32imafc/ilp32f\libgcc.a(divdf3.o)
                0x0000000000009bd4                __divdf3
 .text.__eqdf2  0x000000000000a3be       0x98 c:/mounriver/mounriver_studio/toolchain/risc-v embedded gcc/bin/../lib/gcc/riscv-none-embed/8.2.0/rv32imafc/ilp32f\libgcc.a(eqdf2.o)
                0x000000000000a3be                __nedf2
                0x000000000000a3be                __eqdf2
 .text.__gedf2  0x000000000000a456       0xb6 c:/mounriver/mounriver_studio/toolchain/risc-v embedded gcc/bin/../lib/gcc/riscv-none-embed/8.2.0/rv32imafc/ilp32f\libgcc.a(gedf2.o)
                0x000000000000a456                __gedf2
                0x000000000000a456                __gtdf2
 .text.__ledf2  0x000000000000a50c       0xb6 c:/mounriver/mounriver_studio/toolchain/risc-v embedded gcc/bin/../lib/gcc/riscv-none-embed/8.2.0/rv32imafc/ilp32f\libgcc.a(ledf2.o)
                0x000000000000a50c                __ledf2
                0x000000000000a50c                __ltdf2
 .text.__muldf3
                0x000000000000a5c2      0x656 c:/mounriver/mounriver_studio/toolchain/risc-v embedded gcc/bin/../lib/gcc/riscv-none-embed/8.2.0/rv32imafc/ilp32f\libgcc.a(muldf3.o)
                0x000000000000a5c2                __muldf3
 .text.__subdf3
                0x000000000000ac18      0xa8c c:/mounriver/mounriver_studio/toolchain/risc-v embedded gcc/bin/../lib/gcc/riscv-none-embed/8.2.0/rv32imafc/ilp32f\libgcc.a(subdf3.o)
                0x000000000000ac18                __subdf3
 .text.__unorddf2
                0x000000000000b6a4       0x7c c:/mounriver/mounriver_studio/toolchain/risc-v embedded gcc/bin/../lib/gcc/riscv-none-embed/8.2.0/rv32imafc/ilp32f\libgcc.a(unorddf2.o)
                0x000000000000b6a4                __unorddf2
 .text.__fixdfsi
                0x000000000000b720       0xd8 c:/mounriver/mounriver_studio/toolchain/risc-v embedded gcc/bin/../lib/gcc/riscv-none-embed/8.2.0/rv32imafc/ilp32f\libgcc.a(fixdfsi.o)
                0x000000000000b720                __fixdfsi
 .text.__fixunsdfsi
                0x000000000000b7f8       0x9e c:/mounriver/mounriver_studio/toolchain/risc-v embedded gcc/bin/../lib/gcc/riscv-none-embed/8.2.0/rv32imafc/ilp32f\libgcc.a(fixunsdfsi.o)
                0x000000000000b7f8                __fixunsdfsi
 .text.__floatsidf
                0x000000000000b896       0x70 c:/mounriver/mounriver_studio/toolchain/risc-v embedded gcc/bin/../lib/gcc/riscv-none-embed/8.2.0/rv32imafc/ilp32f\libgcc.a(floatsidf.o)
                0x000000000000b896                __floatsidf
 .text.__floatunsidf
                0x000000000000b906       0x66 c:/mounriver/mounriver_studio/toolchain/risc-v embedded gcc/bin/../lib/gcc/riscv-none-embed/8.2.0/rv32imafc/ilp32f\libgcc.a(floatunsidf.o)
                0x000000000000b906                __floatunsidf
 .text.__extendsfdf2
                0x000000000000b96c       0xe8 c:/mounriver/mounriver_studio/toolchain/risc-v embedded gcc/bin/../lib/gcc/riscv-none-embed/8.2.0/rv32imafc/ilp32f\libgcc.a(extendsfdf2.o)
                0x000000000000b96c                __extendsfdf2
 .text.__truncdfsf2
                0x000000000000ba54      0x31e c:/mounriver/mounriver_studio/toolchain/risc-v embedded gcc/bin/../lib/gcc/riscv-none-embed/8.2.0/rv32imafc/ilp32f\libgcc.a(truncdfsf2.o)
                0x000000000000ba54                __truncdfsf2
 .text.__clzsi2
                0x000000000000bd72       0x76 c:/mounriver/mounriver_studio/toolchain/risc-v embedded gcc/bin/../lib/gcc/riscv-none-embed/8.2.0/rv32imafc/ilp32f\libgcc.a(_clzsi2.o)
                0x000000000000bd72                __clzsi2
 .text.__assert_func
                0x000000000000bde8       0x3a c:/mounriver/mounriver_studio/toolchain/risc-v embedded gcc/bin/../lib/gcc/riscv-none-embed/8.2.0/../../../../riscv-none-embed/lib/rv32imafc/ilp32f\libg_nano.a(lib_a-assert.o)
                0x000000000000bde8                __assert_func
 .text.atof     0x000000000000be22        0x6 c:/mounriver/mounriver_studio/toolchain/risc-v embedded gcc/bin/../lib/gcc/riscv-none-embed/8.2.0/../../../../riscv-none-embed/lib/rv32imafc/ilp32f\libg_nano.a(lib_a-atof.o)
                0x000000000000be22                atof
 .text.atoi     0x000000000000be28        0x8 c:/mounriver/mounriver_studio/toolchain/risc-v embedded gcc/bin/../lib/gcc/riscv-none-embed/8.2.0/../../../../riscv-none-embed/lib/rv32imafc/ilp32f\libg_nano.a(lib_a-atoi.o)
                0x000000000000be28                atoi
 .text.fprintf  0x000000000000be30       0x26 c:/mounriver/mounriver_studio/toolchain/risc-v embedded gcc/bin/../lib/gcc/riscv-none-embed/8.2.0/../../../../riscv-none-embed/lib/rv32imafc/ilp32f\libg_nano.a(lib_a-fprintf.o)
                0x000000000000be30                fiprintf
                0x000000000000be30                fprintf
 .text.malloc   0x000000000000be56        0xa c:/mounriver/mounriver_studio/toolchain/risc-v embedded gcc/bin/../lib/gcc/riscv-none-embed/8.2.0/../../../../riscv-none-embed/lib/rv32imafc/ilp32f\libg_nano.a(lib_a-malloc.o)
                0x000000000000be56                malloc
 .text.memcpy   0x000000000000be60       0xb6 c:/mounriver/mounriver_studio/toolchain/risc-v embedded gcc/bin/../lib/gcc/riscv-none-embed/8.2.0/../../../../riscv-none-embed/lib/rv32imafc/ilp32f\libg_nano.a(lib_a-memcpy.o)
                0x000000000000be60                memcpy
 .text._free_r  0x000000000000bf16       0xa8 c:/mounriver/mounriver_studio/toolchain/risc-v embedded gcc/bin/../lib/gcc/riscv-none-embed/8.2.0/../../../../riscv-none-embed/lib/rv32imafc/ilp32f\libg_nano.a(lib_a-nano-freer.o)
                0x000000000000bf16                _free_r
 .text._malloc_r
                0x000000000000bfbe       0xda c:/mounriver/mounriver_studio/toolchain/risc-v embedded gcc/bin/../lib/gcc/riscv-none-embed/8.2.0/../../../../riscv-none-embed/lib/rv32imafc/ilp32f\libg_nano.a(lib_a-nano-mallocr.o)
                0x000000000000bfbe                _malloc_r
 .text.__sfputc_r
                0x000000000000c098       0x2a c:/mounriver/mounriver_studio/toolchain/risc-v embedded gcc/bin/../lib/gcc/riscv-none-embed/8.2.0/../../../../riscv-none-embed/lib/rv32imafc/ilp32f\libg_nano.a(lib_a-nano-vfprintf.o)
 .text.__sfputs_r
                0x000000000000c0c2       0x44 c:/mounriver/mounriver_studio/toolchain/risc-v embedded gcc/bin/../lib/gcc/riscv-none-embed/8.2.0/../../../../riscv-none-embed/lib/rv32imafc/ilp32f\libg_nano.a(lib_a-nano-vfprintf.o)
                0x000000000000c0c2                __sfputs_r
 .text._vfprintf_r
                0x000000000000c106      0x29c c:/mounriver/mounriver_studio/toolchain/risc-v embedded gcc/bin/../lib/gcc/riscv-none-embed/8.2.0/../../../../riscv-none-embed/lib/rv32imafc/ilp32f\libg_nano.a(lib_a-nano-vfprintf.o)
                0x000000000000c106                _vfprintf_r
                0x000000000000c106                _vfiprintf_r
 .text.__cvt    0x000000000000c3a2       0xee c:/mounriver/mounriver_studio/toolchain/risc-v embedded gcc/bin/../lib/gcc/riscv-none-embed/8.2.0/../../../../riscv-none-embed/lib/rv32imafc/ilp32f\libg_nano.a(lib_a-nano-vfprintf_float.o)
                0x000000000000c3a2                __cvt
 .text.__exponent
                0x000000000000c490       0x8c c:/mounriver/mounriver_studio/toolchain/risc-v embedded gcc/bin/../lib/gcc/riscv-none-embed/8.2.0/../../../../riscv-none-embed/lib/rv32imafc/ilp32f\libg_nano.a(lib_a-nano-vfprintf_float.o)
                0x000000000000c490                __exponent
 .text._printf_float
                0x000000000000c51c      0x4c4 c:/mounriver/mounriver_studio/toolchain/risc-v embedded gcc/bin/../lib/gcc/riscv-none-embed/8.2.0/../../../../riscv-none-embed/lib/rv32imafc/ilp32f\libg_nano.a(lib_a-nano-vfprintf_float.o)
                0x000000000000c51c                _printf_float
 .text._printf_common
                0x000000000000c9e0      0x10c c:/mounriver/mounriver_studio/toolchain/risc-v embedded gcc/bin/../lib/gcc/riscv-none-embed/8.2.0/../../../../riscv-none-embed/lib/rv32imafc/ilp32f\libg_nano.a(lib_a-nano-vfprintf_i.o)
                0x000000000000c9e0                _printf_common
 .text._printf_i
                0x000000000000caec      0x2ac c:/mounriver/mounriver_studio/toolchain/risc-v embedded gcc/bin/../lib/gcc/riscv-none-embed/8.2.0/../../../../riscv-none-embed/lib/rv32imafc/ilp32f\libg_nano.a(lib_a-nano-vfprintf_i.o)
                0x000000000000caec                _printf_i
 .text.printf   0x000000000000cd98       0x42 c:/mounriver/mounriver_studio/toolchain/risc-v embedded gcc/bin/../lib/gcc/riscv-none-embed/8.2.0/../../../../riscv-none-embed/lib/rv32imafc/ilp32f\libg_nano.a(lib_a-printf.o)
                0x000000000000cd98                iprintf
                0x000000000000cd98                printf
 .text._sbrk_r  0x000000000000cdda       0x2a c:/mounriver/mounriver_studio/toolchain/risc-v embedded gcc/bin/../lib/gcc/riscv-none-embed/8.2.0/../../../../riscv-none-embed/lib/rv32imafc/ilp32f\libg_nano.a(lib_a-sbrkr.o)
                0x000000000000cdda                _sbrk_r
 .text.sprintf  0x000000000000ce04       0x46 c:/mounriver/mounriver_studio/toolchain/risc-v embedded gcc/bin/../lib/gcc/riscv-none-embed/8.2.0/../../../../riscv-none-embed/lib/rv32imafc/ilp32f\libg_nano.a(lib_a-sprintf.o)
                0x000000000000ce04                siprintf
                0x000000000000ce04                sprintf
 .text.strlen   0x000000000000ce4a       0x12 c:/mounriver/mounriver_studio/toolchain/risc-v embedded gcc/bin/../lib/gcc/riscv-none-embed/8.2.0/../../../../riscv-none-embed/lib/rv32imafc/ilp32f\libg_nano.a(lib_a-strlen.o)
                0x000000000000ce4a                strlen
 .text.strncmp  0x000000000000ce5c       0x2c c:/mounriver/mounriver_studio/toolchain/risc-v embedded gcc/bin/../lib/gcc/riscv-none-embed/8.2.0/../../../../riscv-none-embed/lib/rv32imafc/ilp32f\libg_nano.a(lib_a-strncmp.o)
                0x000000000000ce5c                strncmp
 .text.strncpy  0x000000000000ce88       0x24 c:/mounriver/mounriver_studio/toolchain/risc-v embedded gcc/bin/../lib/gcc/riscv-none-embed/8.2.0/../../../../riscv-none-embed/lib/rv32imafc/ilp32f\libg_nano.a(lib_a-strncpy.o)
                0x000000000000ce88                strncpy
 .text.sulp     0x000000000000ceac       0x4e c:/mounriver/mounriver_studio/toolchain/risc-v embedded gcc/bin/../lib/gcc/riscv-none-embed/8.2.0/../../../../riscv-none-embed/lib/rv32imafc/ilp32f\libg_nano.a(lib_a-strtod.o)
 .text._strtod_l
                0x000000000000cefa      0xc9c c:/mounriver/mounriver_studio/toolchain/risc-v embedded gcc/bin/../lib/gcc/riscv-none-embed/8.2.0/../../../../riscv-none-embed/lib/rv32imafc/ilp32f\libg_nano.a(lib_a-strtod.o)
                0x000000000000cefa                _strtod_l
 .text.strtod   0x000000000000db96       0x1c c:/mounriver/mounriver_studio/toolchain/risc-v embedded gcc/bin/../lib/gcc/riscv-none-embed/8.2.0/../../../../riscv-none-embed/lib/rv32imafc/ilp32f\libg_nano.a(lib_a-strtod.o)
                0x000000000000db96                strtod
 .text._strtol_l.isra.0
                0x000000000000dbb2      0x144 c:/mounriver/mounriver_studio/toolchain/risc-v embedded gcc/bin/../lib/gcc/riscv-none-embed/8.2.0/../../../../riscv-none-embed/lib/rv32imafc/ilp32f\libg_nano.a(lib_a-strtol.o)
 .text.strtol   0x000000000000dcf6       0x1e c:/mounriver/mounriver_studio/toolchain/risc-v embedded gcc/bin/../lib/gcc/riscv-none-embed/8.2.0/../../../../riscv-none-embed/lib/rv32imafc/ilp32f\libg_nano.a(lib_a-strtol.o)
                0x000000000000dcf6                strtol
 .text._vsprintf_r
                0x000000000000dd14       0x2e c:/mounriver/mounriver_studio/toolchain/risc-v embedded gcc/bin/../lib/gcc/riscv-none-embed/8.2.0/../../../../riscv-none-embed/lib/rv32imafc/ilp32f\libg_nano.a(lib_a-vsprintf.o)
                0x000000000000dd14                _vsprintf_r
                0x000000000000dd14                _vsiprintf_r
 .text.vsprintf
                0x000000000000dd42       0x10 c:/mounriver/mounriver_studio/toolchain/risc-v embedded gcc/bin/../lib/gcc/riscv-none-embed/8.2.0/../../../../riscv-none-embed/lib/rv32imafc/ilp32f\libg_nano.a(lib_a-vsprintf.o)
                0x000000000000dd42                vsiprintf
                0x000000000000dd42                vsprintf
 .text.__swbuf_r
                0x000000000000dd52       0xc6 c:/mounriver/mounriver_studio/toolchain/risc-v embedded gcc/bin/../lib/gcc/riscv-none-embed/8.2.0/../../../../riscv-none-embed/lib/rv32imafc/ilp32f\libg_nano.a(lib_a-wbuf.o)
                0x000000000000dd52                __swbuf_r
 .text.__swsetup_r
                0x000000000000de18      0x112 c:/mounriver/mounriver_studio/toolchain/risc-v embedded gcc/bin/../lib/gcc/riscv-none-embed/8.2.0/../../../../riscv-none-embed/lib/rv32imafc/ilp32f\libg_nano.a(lib_a-wsetup.o)
                0x000000000000de18                __swsetup_r
 .text.abort    0x000000000000df2a       0x10 c:/mounriver/mounriver_studio/toolchain/risc-v embedded gcc/bin/../lib/gcc/riscv-none-embed/8.2.0/../../../../riscv-none-embed/lib/rv32imafc/ilp32f\libg_nano.a(lib_a-abort.o)
                0x000000000000df2a                abort
 .text.quorem   0x000000000000df3a      0x13a c:/mounriver/mounriver_studio/toolchain/risc-v embedded gcc/bin/../lib/gcc/riscv-none-embed/8.2.0/../../../../riscv-none-embed/lib/rv32imafc/ilp32f\libg_nano.a(lib_a-dtoa.o)
 .text._dtoa_r  0x000000000000e074      0xc04 c:/mounriver/mounriver_studio/toolchain/risc-v embedded gcc/bin/../lib/gcc/riscv-none-embed/8.2.0/../../../../riscv-none-embed/lib/rv32imafc/ilp32f\libg_nano.a(lib_a-dtoa.o)
                0x000000000000e074                _dtoa_r
 .text.__sflush_r
                0x000000000000ec78      0x13e c:/mounriver/mounriver_studio/toolchain/risc-v embedded gcc/bin/../lib/gcc/riscv-none-embed/8.2.0/../../../../riscv-none-embed/lib/rv32imafc/ilp32f\libg_nano.a(lib_a-fflush.o)
                0x000000000000ec78                __sflush_r
 .text._fflush_r
                0x000000000000edb6       0x66 c:/mounriver/mounriver_studio/toolchain/risc-v embedded gcc/bin/../lib/gcc/riscv-none-embed/8.2.0/../../../../riscv-none-embed/lib/rv32imafc/ilp32f\libg_nano.a(lib_a-fflush.o)
                0x000000000000edb6                _fflush_r
 .text.std      0x000000000000ee1c       0x6a c:/mounriver/mounriver_studio/toolchain/risc-v embedded gcc/bin/../lib/gcc/riscv-none-embed/8.2.0/../../../../riscv-none-embed/lib/rv32imafc/ilp32f\libg_nano.a(lib_a-findfp.o)
 .text._cleanup_r
                0x000000000000ee86        0xa c:/mounriver/mounriver_studio/toolchain/risc-v embedded gcc/bin/../lib/gcc/riscv-none-embed/8.2.0/../../../../riscv-none-embed/lib/rv32imafc/ilp32f\libg_nano.a(lib_a-findfp.o)
                0x000000000000ee86                _cleanup_r
 .text.__sfmoreglue
                0x000000000000ee90       0x48 c:/mounriver/mounriver_studio/toolchain/risc-v embedded gcc/bin/../lib/gcc/riscv-none-embed/8.2.0/../../../../riscv-none-embed/lib/rv32imafc/ilp32f\libg_nano.a(lib_a-findfp.o)
                0x000000000000ee90                __sfmoreglue
 .text.__sinit  0x000000000000eed8       0x6c c:/mounriver/mounriver_studio/toolchain/risc-v embedded gcc/bin/../lib/gcc/riscv-none-embed/8.2.0/../../../../riscv-none-embed/lib/rv32imafc/ilp32f\libg_nano.a(lib_a-findfp.o)
                0x000000000000eed8                __sinit
 .text.__sfp    0x000000000000ef44       0xa0 c:/mounriver/mounriver_studio/toolchain/risc-v embedded gcc/bin/../lib/gcc/riscv-none-embed/8.2.0/../../../../riscv-none-embed/lib/rv32imafc/ilp32f\libg_nano.a(lib_a-findfp.o)
                0x000000000000ef44                __sfp
 .text._fwalk_reent
                0x000000000000efe4       0x6c c:/mounriver/mounriver_studio/toolchain/risc-v embedded gcc/bin/../lib/gcc/riscv-none-embed/8.2.0/../../../../riscv-none-embed/lib/rv32imafc/ilp32f\libg_nano.a(lib_a-fwalk.o)
                0x000000000000efe4                _fwalk_reent
 .text.rshift   0x000000000000f050       0x76 c:/mounriver/mounriver_studio/toolchain/risc-v embedded gcc/bin/../lib/gcc/riscv-none-embed/8.2.0/../../../../riscv-none-embed/lib/rv32imafc/ilp32f\libg_nano.a(lib_a-gdtoa-gethex.o)
 .text.__hexdig_fun
                0x000000000000f0c6       0x40 c:/mounriver/mounriver_studio/toolchain/risc-v embedded gcc/bin/../lib/gcc/riscv-none-embed/8.2.0/../../../../riscv-none-embed/lib/rv32imafc/ilp32f\libg_nano.a(lib_a-gdtoa-gethex.o)
                0x000000000000f0c6                __hexdig_fun
 .text.__gethex
                0x000000000000f106      0x4ce c:/mounriver/mounriver_studio/toolchain/risc-v embedded gcc/bin/../lib/gcc/riscv-none-embed/8.2.0/../../../../riscv-none-embed/lib/rv32imafc/ilp32f\libg_nano.a(lib_a-gdtoa-gethex.o)
                0x000000000000f106                __gethex
 .text.L_shift  0x000000000000f5d4       0x2c c:/mounriver/mounriver_studio/toolchain/risc-v embedded gcc/bin/../lib/gcc/riscv-none-embed/8.2.0/../../../../riscv-none-embed/lib/rv32imafc/ilp32f\libg_nano.a(lib_a-gdtoa-hexnan.o)
 .text.__match  0x000000000000f600       0x30 c:/mounriver/mounriver_studio/toolchain/risc-v embedded gcc/bin/../lib/gcc/riscv-none-embed/8.2.0/../../../../riscv-none-embed/lib/rv32imafc/ilp32f\libg_nano.a(lib_a-gdtoa-hexnan.o)
                0x000000000000f600                __match
 .text.__hexnan
                0x000000000000f630      0x160 c:/mounriver/mounriver_studio/toolchain/risc-v embedded gcc/bin/../lib/gcc/riscv-none-embed/8.2.0/../../../../riscv-none-embed/lib/rv32imafc/ilp32f\libg_nano.a(lib_a-gdtoa-hexnan.o)
                0x000000000000f630                __hexnan
 .text.__locale_ctype_ptr_l
                0x000000000000f790        0x6 c:/mounriver/mounriver_studio/toolchain/risc-v embedded gcc/bin/../lib/gcc/riscv-none-embed/8.2.0/../../../../riscv-none-embed/lib/rv32imafc/ilp32f\libg_nano.a(lib_a-locale.o)
                0x000000000000f790                __locale_ctype_ptr_l
 .text.__localeconv_l
                0x000000000000f796        0x6 c:/mounriver/mounriver_studio/toolchain/risc-v embedded gcc/bin/../lib/gcc/riscv-none-embed/8.2.0/../../../../riscv-none-embed/lib/rv32imafc/ilp32f\libg_nano.a(lib_a-localeconv.o)
                0x000000000000f796                __localeconv_l
 .text._localeconv_r
                0x000000000000f79c       0x18 c:/mounriver/mounriver_studio/toolchain/risc-v embedded gcc/bin/../lib/gcc/riscv-none-embed/8.2.0/../../../../riscv-none-embed/lib/rv32imafc/ilp32f\libg_nano.a(lib_a-localeconv.o)
                0x000000000000f79c                _localeconv_r
 .text.__swhatbuf_r
                0x000000000000f7b4       0x5a c:/mounriver/mounriver_studio/toolchain/risc-v embedded gcc/bin/../lib/gcc/riscv-none-embed/8.2.0/../../../../riscv-none-embed/lib/rv32imafc/ilp32f\libg_nano.a(lib_a-makebuf.o)
                0x000000000000f7b4                __swhatbuf_r
 .text.__smakebuf_r
                0x000000000000f80e       0xa2 c:/mounriver/mounriver_studio/toolchain/risc-v embedded gcc/bin/../lib/gcc/riscv-none-embed/8.2.0/../../../../riscv-none-embed/lib/rv32imafc/ilp32f\libg_nano.a(lib_a-makebuf.o)
                0x000000000000f80e                __smakebuf_r
 .text.__ascii_mbtowc
                0x000000000000f8b0       0x3a c:/mounriver/mounriver_studio/toolchain/risc-v embedded gcc/bin/../lib/gcc/riscv-none-embed/8.2.0/../../../../riscv-none-embed/lib/rv32imafc/ilp32f\libg_nano.a(lib_a-mbtowc_r.o)
                0x000000000000f8b0                __ascii_mbtowc
 .text.memchr   0x000000000000f8ea       0x1a c:/mounriver/mounriver_studio/toolchain/risc-v embedded gcc/bin/../lib/gcc/riscv-none-embed/8.2.0/../../../../riscv-none-embed/lib/rv32imafc/ilp32f\libg_nano.a(lib_a-memchr.o)
                0x000000000000f8ea                memchr
 .text.memmove  0x000000000000f904       0x4a c:/mounriver/mounriver_studio/toolchain/risc-v embedded gcc/bin/../lib/gcc/riscv-none-embed/8.2.0/../../../../riscv-none-embed/lib/rv32imafc/ilp32f\libg_nano.a(lib_a-memmove.o)
                0x000000000000f904                memmove
 .text.__malloc_lock
                0x000000000000f94e        0x2 c:/mounriver/mounriver_studio/toolchain/risc-v embedded gcc/bin/../lib/gcc/riscv-none-embed/8.2.0/../../../../riscv-none-embed/lib/rv32imafc/ilp32f\libg_nano.a(lib_a-mlock.o)
                0x000000000000f94e                __malloc_lock
 .text.__malloc_unlock
                0x000000000000f950        0x2 c:/mounriver/mounriver_studio/toolchain/risc-v embedded gcc/bin/../lib/gcc/riscv-none-embed/8.2.0/../../../../riscv-none-embed/lib/rv32imafc/ilp32f\libg_nano.a(lib_a-mlock.o)
                0x000000000000f950                __malloc_unlock
 .text._Balloc  0x000000000000f952       0x8c c:/mounriver/mounriver_studio/toolchain/risc-v embedded gcc/bin/../lib/gcc/riscv-none-embed/8.2.0/../../../../riscv-none-embed/lib/rv32imafc/ilp32f\libg_nano.a(lib_a-mprec.o)
                0x000000000000f952                _Balloc
 .text._Bfree   0x000000000000f9de       0x44 c:/mounriver/mounriver_studio/toolchain/risc-v embedded gcc/bin/../lib/gcc/riscv-none-embed/8.2.0/../../../../riscv-none-embed/lib/rv32imafc/ilp32f\libg_nano.a(lib_a-mprec.o)
                0x000000000000f9de                _Bfree
 .text.__multadd
                0x000000000000fa22       0x98 c:/mounriver/mounriver_studio/toolchain/risc-v embedded gcc/bin/../lib/gcc/riscv-none-embed/8.2.0/../../../../riscv-none-embed/lib/rv32imafc/ilp32f\libg_nano.a(lib_a-mprec.o)
                0x000000000000fa22                __multadd
 .text.__s2b    0x000000000000faba       0xa6 c:/mounriver/mounriver_studio/toolchain/risc-v embedded gcc/bin/../lib/gcc/riscv-none-embed/8.2.0/../../../../riscv-none-embed/lib/rv32imafc/ilp32f\libg_nano.a(lib_a-mprec.o)
                0x000000000000faba                __s2b
 .text.__hi0bits
                0x000000000000fb60       0x46 c:/mounriver/mounriver_studio/toolchain/risc-v embedded gcc/bin/../lib/gcc/riscv-none-embed/8.2.0/../../../../riscv-none-embed/lib/rv32imafc/ilp32f\libg_nano.a(lib_a-mprec.o)
                0x000000000000fb60                __hi0bits
 .text.__lo0bits
                0x000000000000fba6       0x6a c:/mounriver/mounriver_studio/toolchain/risc-v embedded gcc/bin/../lib/gcc/riscv-none-embed/8.2.0/../../../../riscv-none-embed/lib/rv32imafc/ilp32f\libg_nano.a(lib_a-mprec.o)
                0x000000000000fba6                __lo0bits
 .text.__i2b    0x000000000000fc10       0x1c c:/mounriver/mounriver_studio/toolchain/risc-v embedded gcc/bin/../lib/gcc/riscv-none-embed/8.2.0/../../../../riscv-none-embed/lib/rv32imafc/ilp32f\libg_nano.a(lib_a-mprec.o)
                0x000000000000fc10                __i2b
 .text.__multiply
                0x000000000000fc2c      0x144 c:/mounriver/mounriver_studio/toolchain/risc-v embedded gcc/bin/../lib/gcc/riscv-none-embed/8.2.0/../../../../riscv-none-embed/lib/rv32imafc/ilp32f\libg_nano.a(lib_a-mprec.o)
                0x000000000000fc2c                __multiply
 .text.__pow5mult
                0x000000000000fd70       0xbe c:/mounriver/mounriver_studio/toolchain/risc-v embedded gcc/bin/../lib/gcc/riscv-none-embed/8.2.0/../../../../riscv-none-embed/lib/rv32imafc/ilp32f\libg_nano.a(lib_a-mprec.o)
                0x000000000000fd70                __pow5mult
 .text.__lshift
                0x000000000000fe2e       0xce c:/mounriver/mounriver_studio/toolchain/risc-v embedded gcc/bin/../lib/gcc/riscv-none-embed/8.2.0/../../../../riscv-none-embed/lib/rv32imafc/ilp32f\libg_nano.a(lib_a-mprec.o)
                0x000000000000fe2e                __lshift
 .text.__mcmp   0x000000000000fefc       0x32 c:/mounriver/mounriver_studio/toolchain/risc-v embedded gcc/bin/../lib/gcc/riscv-none-embed/8.2.0/../../../../riscv-none-embed/lib/rv32imafc/ilp32f\libg_nano.a(lib_a-mprec.o)
                0x000000000000fefc                __mcmp
 .text.__mdiff  0x000000000000ff2e       0xf2 c:/mounriver/mounriver_studio/toolchain/risc-v embedded gcc/bin/../lib/gcc/riscv-none-embed/8.2.0/../../../../riscv-none-embed/lib/rv32imafc/ilp32f\libg_nano.a(lib_a-mprec.o)
                0x000000000000ff2e                __mdiff
 .text.__ulp    0x0000000000010020       0x46 c:/mounriver/mounriver_studio/toolchain/risc-v embedded gcc/bin/../lib/gcc/riscv-none-embed/8.2.0/../../../../riscv-none-embed/lib/rv32imafc/ilp32f\libg_nano.a(lib_a-mprec.o)
                0x0000000000010020                __ulp
 .text.__b2d    0x0000000000010066       0xb4 c:/mounriver/mounriver_studio/toolchain/risc-v embedded gcc/bin/../lib/gcc/riscv-none-embed/8.2.0/../../../../riscv-none-embed/lib/rv32imafc/ilp32f\libg_nano.a(lib_a-mprec.o)
                0x0000000000010066                __b2d
 .text.__d2b    0x000000000001011a       0xd4 c:/mounriver/mounriver_studio/toolchain/risc-v embedded gcc/bin/../lib/gcc/riscv-none-embed/8.2.0/../../../../riscv-none-embed/lib/rv32imafc/ilp32f\libg_nano.a(lib_a-mprec.o)
                0x000000000001011a                __d2b
 .text.__ratio  0x00000000000101ee       0x74 c:/mounriver/mounriver_studio/toolchain/risc-v embedded gcc/bin/../lib/gcc/riscv-none-embed/8.2.0/../../../../riscv-none-embed/lib/rv32imafc/ilp32f\libg_nano.a(lib_a-mprec.o)
                0x00000000000101ee                __ratio
 .text.__copybits
                0x0000000000010262       0x36 c:/mounriver/mounriver_studio/toolchain/risc-v embedded gcc/bin/../lib/gcc/riscv-none-embed/8.2.0/../../../../riscv-none-embed/lib/rv32imafc/ilp32f\libg_nano.a(lib_a-mprec.o)
                0x0000000000010262                __copybits
 .text.__any_on
                0x0000000000010298       0x46 c:/mounriver/mounriver_studio/toolchain/risc-v embedded gcc/bin/../lib/gcc/riscv-none-embed/8.2.0/../../../../riscv-none-embed/lib/rv32imafc/ilp32f\libg_nano.a(lib_a-mprec.o)
                0x0000000000010298                __any_on
 .text._calloc_r
                0x00000000000102de       0x28 c:/mounriver/mounriver_studio/toolchain/risc-v embedded gcc/bin/../lib/gcc/riscv-none-embed/8.2.0/../../../../riscv-none-embed/lib/rv32imafc/ilp32f\libg_nano.a(lib_a-nano-callocr.o)
                0x00000000000102de                _calloc_r
 .text._realloc_r
                0x0000000000010306       0x58 c:/mounriver/mounriver_studio/toolchain/risc-v embedded gcc/bin/../lib/gcc/riscv-none-embed/8.2.0/../../../../riscv-none-embed/lib/rv32imafc/ilp32f\libg_nano.a(lib_a-nano-reallocr.o)
                0x0000000000010306                _realloc_r
 .text.__ssputs_r
                0x000000000001035e       0xee c:/mounriver/mounriver_studio/toolchain/risc-v embedded gcc/bin/../lib/gcc/riscv-none-embed/8.2.0/../../../../riscv-none-embed/lib/rv32imafc/ilp32f\libg_nano.a(lib_a-nano-svfprintf.o)
                0x000000000001035e                __ssputs_r
 .text._svfprintf_r
                0x000000000001044c      0x27e c:/mounriver/mounriver_studio/toolchain/risc-v embedded gcc/bin/../lib/gcc/riscv-none-embed/8.2.0/../../../../riscv-none-embed/lib/rv32imafc/ilp32f\libg_nano.a(lib_a-nano-svfprintf.o)
                0x000000000001044c                _svfiprintf_r
                0x000000000001044c                _svfprintf_r
 .text._raise_r
                0x00000000000106ca       0x62 c:/mounriver/mounriver_studio/toolchain/risc-v embedded gcc/bin/../lib/gcc/riscv-none-embed/8.2.0/../../../../riscv-none-embed/lib/rv32imafc/ilp32f\libg_nano.a(lib_a-signal.o)
                0x00000000000106ca                _raise_r
 .text.raise    0x000000000001072c        0xc c:/mounriver/mounriver_studio/toolchain/risc-v embedded gcc/bin/../lib/gcc/riscv-none-embed/8.2.0/../../../../riscv-none-embed/lib/rv32imafc/ilp32f\libg_nano.a(lib_a-signal.o)
                0x000000000001072c                raise
 .text._kill_r  0x0000000000010738       0x2a c:/mounriver/mounriver_studio/toolchain/risc-v embedded gcc/bin/../lib/gcc/riscv-none-embed/8.2.0/../../../../riscv-none-embed/lib/rv32imafc/ilp32f\libg_nano.a(lib_a-signalr.o)
                0x0000000000010738                _kill_r
 .text._getpid_r
                0x0000000000010762        0x2 c:/mounriver/mounriver_studio/toolchain/risc-v embedded gcc/bin/../lib/gcc/riscv-none-embed/8.2.0/../../../../riscv-none-embed/lib/rv32imafc/ilp32f\libg_nano.a(lib_a-signalr.o)
                0x0000000000010762                _getpid_r
 .text.__sread  0x0000000000010764       0x30 c:/mounriver/mounriver_studio/toolchain/risc-v embedded gcc/bin/../lib/gcc/riscv-none-embed/8.2.0/../../../../riscv-none-embed/lib/rv32imafc/ilp32f\libg_nano.a(lib_a-stdio.o)
                0x0000000000010764                __sread
 .text.__swrite
                0x0000000000010794       0x4e c:/mounriver/mounriver_studio/toolchain/risc-v embedded gcc/bin/../lib/gcc/riscv-none-embed/8.2.0/../../../../riscv-none-embed/lib/rv32imafc/ilp32f\libg_nano.a(lib_a-stdio.o)
                0x0000000000010794                __swrite
 .text.__sseek  0x00000000000107e2       0x36 c:/mounriver/mounriver_studio/toolchain/risc-v embedded gcc/bin/../lib/gcc/riscv-none-embed/8.2.0/../../../../riscv-none-embed/lib/rv32imafc/ilp32f\libg_nano.a(lib_a-stdio.o)
                0x00000000000107e2                __sseek
 .text.__sclose
                0x0000000000010818        0x6 c:/mounriver/mounriver_studio/toolchain/risc-v embedded gcc/bin/../lib/gcc/riscv-none-embed/8.2.0/../../../../riscv-none-embed/lib/rv32imafc/ilp32f\libg_nano.a(lib_a-stdio.o)
                0x0000000000010818                __sclose
 .text.__ascii_wctomb
                0x000000000001081e       0x20 c:/mounriver/mounriver_studio/toolchain/risc-v embedded gcc/bin/../lib/gcc/riscv-none-embed/8.2.0/../../../../riscv-none-embed/lib/rv32imafc/ilp32f\libg_nano.a(lib_a-wctomb_r.o)
                0x000000000001081e                __ascii_wctomb
 .text._write_r
                0x000000000001083e       0x2e c:/mounriver/mounriver_studio/toolchain/risc-v embedded gcc/bin/../lib/gcc/riscv-none-embed/8.2.0/../../../../riscv-none-embed/lib/rv32imafc/ilp32f\libg_nano.a(lib_a-writer.o)
                0x000000000001083e                _write_r
 .text._close_r
                0x000000000001086c       0x28 c:/mounriver/mounriver_studio/toolchain/risc-v embedded gcc/bin/../lib/gcc/riscv-none-embed/8.2.0/../../../../riscv-none-embed/lib/rv32imafc/ilp32f\libg_nano.a(lib_a-closer.o)
                0x000000000001086c                _close_r
 .text._fstat_r
                0x0000000000010894       0x2a c:/mounriver/mounriver_studio/toolchain/risc-v embedded gcc/bin/../lib/gcc/riscv-none-embed/8.2.0/../../../../riscv-none-embed/lib/rv32imafc/ilp32f\libg_nano.a(lib_a-fstatr.o)
                0x0000000000010894                _fstat_r
 .text._isatty_r
                0x00000000000108be       0x28 c:/mounriver/mounriver_studio/toolchain/risc-v embedded gcc/bin/../lib/gcc/riscv-none-embed/8.2.0/../../../../riscv-none-embed/lib/rv32imafc/ilp32f\libg_nano.a(lib_a-isattyr.o)
                0x00000000000108be                _isatty_r
 .text._lseek_r
                0x00000000000108e6       0x2c c:/mounriver/mounriver_studio/toolchain/risc-v embedded gcc/bin/../lib/gcc/riscv-none-embed/8.2.0/../../../../riscv-none-embed/lib/rv32imafc/ilp32f\libg_nano.a(lib_a-lseekr.o)
                0x00000000000108e6                _lseek_r
 .text._malloc_usable_size_r
                0x0000000000010912       0x14 c:/mounriver/mounriver_studio/toolchain/risc-v embedded gcc/bin/../lib/gcc/riscv-none-embed/8.2.0/../../../../riscv-none-embed/lib/rv32imafc/ilp32f\libg_nano.a(lib_a-nano-msizer.o)
                0x0000000000010912                _malloc_usable_size_r
 .text._read_r  0x0000000000010926       0x2c c:/mounriver/mounriver_studio/toolchain/risc-v embedded gcc/bin/../lib/gcc/riscv-none-embed/8.2.0/../../../../riscv-none-embed/lib/rv32imafc/ilp32f\libg_nano.a(lib_a-readr.o)
                0x0000000000010926                _read_r
 .text.__trunctfdf2
                0x0000000000010952      0x3d0 c:/mounriver/mounriver_studio/toolchain/risc-v embedded gcc/bin/../lib/gcc/riscv-none-embed/8.2.0/rv32imafc/ilp32f\libgcc.a(trunctfdf2.o)
                0x0000000000010952                __trunctfdf2
 .text._close   0x0000000000010d22        0xc c:/mounriver/mounriver_studio/toolchain/risc-v embedded gcc/bin/../lib/gcc/riscv-none-embed/8.2.0/../../../../riscv-none-embed/lib/rv32imafc/ilp32f\libnosys.a(close.o)
                0x0000000000010d22                _close
 .text._fstat   0x0000000000010d2e        0xc c:/mounriver/mounriver_studio/toolchain/risc-v embedded gcc/bin/../lib/gcc/riscv-none-embed/8.2.0/../../../../riscv-none-embed/lib/rv32imafc/ilp32f\libnosys.a(fstat.o)
                0x0000000000010d2e                _fstat
 .text._getpid  0x0000000000010d3a        0xc c:/mounriver/mounriver_studio/toolchain/risc-v embedded gcc/bin/../lib/gcc/riscv-none-embed/8.2.0/../../../../riscv-none-embed/lib/rv32imafc/ilp32f\libnosys.a(getpid.o)
                0x0000000000010d3a                _getpid
 .text._isatty  0x0000000000010d46        0xc c:/mounriver/mounriver_studio/toolchain/risc-v embedded gcc/bin/../lib/gcc/riscv-none-embed/8.2.0/../../../../riscv-none-embed/lib/rv32imafc/ilp32f\libnosys.a(isatty.o)
                0x0000000000010d46                _isatty
 .text._kill    0x0000000000010d52        0xc c:/mounriver/mounriver_studio/toolchain/risc-v embedded gcc/bin/../lib/gcc/riscv-none-embed/8.2.0/../../../../riscv-none-embed/lib/rv32imafc/ilp32f\libnosys.a(kill.o)
                0x0000000000010d52                _kill
 .text._lseek   0x0000000000010d5e        0xc c:/mounriver/mounriver_studio/toolchain/risc-v embedded gcc/bin/../lib/gcc/riscv-none-embed/8.2.0/../../../../riscv-none-embed/lib/rv32imafc/ilp32f\libnosys.a(lseek.o)
                0x0000000000010d5e                _lseek
 .text._read    0x0000000000010d6a        0xc c:/mounriver/mounriver_studio/toolchain/risc-v embedded gcc/bin/../lib/gcc/riscv-none-embed/8.2.0/../../../../riscv-none-embed/lib/rv32imafc/ilp32f\libnosys.a(read.o)
                0x0000000000010d6a                _read
 .text._sbrk    0x0000000000010d76       0x20 c:/mounriver/mounriver_studio/toolchain/risc-v embedded gcc/bin/../lib/gcc/riscv-none-embed/8.2.0/../../../../riscv-none-embed/lib/rv32imafc/ilp32f\libnosys.a(sbrk.o)
                0x0000000000010d76                _sbrk
 .text._exit    0x0000000000010d96        0x2 c:/mounriver/mounriver_studio/toolchain/risc-v embedded gcc/bin/../lib/gcc/riscv-none-embed/8.2.0/../../../../riscv-none-embed/lib/rv32imafc/ilp32f\libnosys.a(_exit.o)
                0x0000000000010d96                _exit
 *(.rodata)
 *fill*         0x0000000000010d98        0x0 
 .rodata        0x0000000000010d98       0x82 ./zf_driver/zf_driver_pit.o
 *fill*         0x0000000000010e1a        0x2 
 .rodata        0x0000000000010e1c       0x5a ./zf_driver/zf_driver_pwm.o
 *fill*         0x0000000000010e76        0x2 
 .rodata        0x0000000000010e78       0x5a ./zf_driver/zf_driver_spi.o
 *fill*         0x0000000000010ed2        0x2 
 .rodata        0x0000000000010ed4       0x5b ./zf_driver/zf_driver_uart.o
 *fill*         0x0000000000010f2f        0x1 
 .rodata        0x0000000000010f30        0x8 ./zf_device/zf_device_dm1xa.o
 .rodata        0x0000000000010f38       0xf0 ./zf_device/zf_device_gnss.o
 .rodata        0x0000000000011028       0x5a ./zf_device/zf_device_key.o
 *fill*         0x0000000000011082        0x6 
 .rodata        0x0000000000011088       0x70 ./zf_device/zf_device_oled.o
 .rodata        0x00000000000110f8       0x78 ./zf_common/zf_common_debug.o
 .rodata        0x0000000000011170       0x5b ./zf_common/zf_common_fifo.o
 *fill*         0x00000000000111cb        0x5 
 .rodata        0x00000000000111d0       0xa0 ./zf_common/zf_common_function.o
 .rodata        0x0000000000011270       0x41 ./sdk/Peripheral/ch32v30x_usbotg_device.o
 *fill*         0x00000000000112b1        0x3 
 .rodata        0x00000000000112b4       0x79 ./code/Ring_Buffer.o
 *fill*         0x000000000001132d        0x3 
 .rodata        0x0000000000011330       0x50 ./code/Task_Manager.o
 .rodata        0x0000000000011380       0x53 ./code/UART_Data_Unpacker.o
 *(.rodata*)
 *fill*         0x00000000000113d3        0x1 
 .rodata.pit_init
                0x00000000000113d4       0x28 ./zf_driver/zf_driver_pit.o
 .rodata.pwm_set_freq
                0x00000000000113fc       0x28 ./zf_driver/zf_driver_pwm.o
 .rodata.pwm_init
                0x0000000000011424       0x28 ./zf_driver/zf_driver_pwm.o
 .rodata.spi_index
                0x000000000001144c        0xc ./zf_driver/zf_driver_spi.o
                0x000000000001144c                spi_index
 .rodata.timer_get
                0x0000000000011458       0x28 ./zf_driver/zf_driver_timer.o
 .rodata.timer_clear
                0x0000000000011480       0x28 ./zf_driver/zf_driver_timer.o
 .rodata.uart_index
                0x00000000000114a8       0x20 ./zf_driver/zf_driver_uart.o
                0x00000000000114a8                uart_index
 .rodata.key_index
                0x00000000000114c8       0x10 ./zf_device/zf_device_key.o
 .rodata.ascii_font_8x16
                0x00000000000114d8      0x5f0 ./zf_common/zf_common_font.o
                0x00000000000114d8                ascii_font_8x16
 .rodata.ascii_font_6x8
                0x0000000000011ac8      0x228 ./zf_common/zf_common_font.o
                0x0000000000011ac8                ascii_font_6x8
 .rodata.MyDevDescrHD
                0x0000000000011cf0       0x12 ./sdk/Peripheral/ch32v30x_usbotg_device.o
                0x0000000000011cf0                MyDevDescrHD
 *fill*         0x0000000000011d02        0x2 
 .rodata.MyCfgDescrHD
                0x0000000000011d04       0x43 ./sdk/Peripheral/ch32v30x_usbotg_device.o
                0x0000000000011d04                MyCfgDescrHD
 *fill*         0x0000000000011d47        0x1 
 .rodata.MyReportDescHD
                0x0000000000011d48       0x14 ./sdk/Peripheral/ch32v30x_usbotg_device.o
                0x0000000000011d48                MyReportDescHD
 .rodata.MyManuInfoHD
                0x0000000000011d5c        0xe ./sdk/Peripheral/ch32v30x_usbotg_device.o
                0x0000000000011d5c                MyManuInfoHD
 *fill*         0x0000000000011d6a        0x2 
 .rodata.MyProdInfoHD
                0x0000000000011d6c        0xc ./sdk/Peripheral/ch32v30x_usbotg_device.o
                0x0000000000011d6c                MyProdInfoHD
 .rodata.MySerNumInfoHD
                0x0000000000011d78       0x16 ./sdk/Peripheral/ch32v30x_usbotg_device.o
                0x0000000000011d78                MySerNumInfoHD
 *fill*         0x0000000000011d8e        0x2 
 .rodata.MyUSBQUADescHD
                0x0000000000011d90        0xa ./sdk/Peripheral/ch32v30x_usbotg_device.o
                0x0000000000011d90                MyUSBQUADescHD
 *fill*         0x0000000000011d9a        0x2 
 .rodata.OTG_FS_IRQHandler
                0x0000000000011d9c       0xbc ./sdk/Peripheral/ch32v30x_usbotg_device.o
 .rodata.__func__.1691
                0x0000000000011e58       0x11 ./code/Ring_Buffer.o
 *fill*         0x0000000000011e69        0x3 
 .rodata.__divdf3
                0x0000000000011e6c       0x40 c:/mounriver/mounriver_studio/toolchain/risc-v embedded gcc/bin/../lib/gcc/riscv-none-embed/8.2.0/rv32imafc/ilp32f\libgcc.a(divdf3.o)
 .rodata.__muldf3
                0x0000000000011eac       0x40 c:/mounriver/mounriver_studio/toolchain/risc-v embedded gcc/bin/../lib/gcc/riscv-none-embed/8.2.0/rv32imafc/ilp32f\libgcc.a(muldf3.o)
 .rodata.__clz_tab
                0x0000000000011eec      0x100 c:/mounriver/mounriver_studio/toolchain/risc-v embedded gcc/bin/../lib/gcc/riscv-none-embed/8.2.0/rv32imafc/ilp32f\libgcc.a(_clz.o)
                0x0000000000011eec                __clz_tab
 .rodata.__assert_func.str1.4
                0x0000000000011fec       0x3f c:/mounriver/mounriver_studio/toolchain/risc-v embedded gcc/bin/../lib/gcc/riscv-none-embed/8.2.0/../../../../riscv-none-embed/lib/rv32imafc/ilp32f\libg_nano.a(lib_a-assert.o)
                                         0x43 (size before relaxing)
 *fill*         0x000000000001202b        0x1 
 .rodata._vfprintf_r.str1.4
                0x000000000001202c       0x13 c:/mounriver/mounriver_studio/toolchain/risc-v embedded gcc/bin/../lib/gcc/riscv-none-embed/8.2.0/../../../../riscv-none-embed/lib/rv32imafc/ilp32f\libg_nano.a(lib_a-nano-vfprintf.o)
 *fill*         0x000000000001203f        0x1 
 .rodata._printf_float.cst8
                0x0000000000012040        0x8 c:/mounriver/mounriver_studio/toolchain/risc-v embedded gcc/bin/../lib/gcc/riscv-none-embed/8.2.0/../../../../riscv-none-embed/lib/rv32imafc/ilp32f\libg_nano.a(lib_a-nano-vfprintf_float.o)
 .rodata._printf_float.str1.4
                0x0000000000012048       0x12 c:/mounriver/mounriver_studio/toolchain/risc-v embedded gcc/bin/../lib/gcc/riscv-none-embed/8.2.0/../../../../riscv-none-embed/lib/rv32imafc/ilp32f\libg_nano.a(lib_a-nano-vfprintf_float.o)
 *fill*         0x000000000001205a        0x2 
 .rodata._printf_i.str1.4
                0x000000000001205c       0x25 c:/mounriver/mounriver_studio/toolchain/risc-v embedded gcc/bin/../lib/gcc/riscv-none-embed/8.2.0/../../../../riscv-none-embed/lib/rv32imafc/ilp32f\libg_nano.a(lib_a-nano-vfprintf_i.o)
 *fill*         0x0000000000012081        0x3 
 .rodata._strtod_l
                0x0000000000012084       0x14 c:/mounriver/mounriver_studio/toolchain/risc-v embedded gcc/bin/../lib/gcc/riscv-none-embed/8.2.0/../../../../riscv-none-embed/lib/rv32imafc/ilp32f\libg_nano.a(lib_a-strtod.o)
 .rodata._strtod_l.cst8
                0x0000000000012098       0x38 c:/mounriver/mounriver_studio/toolchain/risc-v embedded gcc/bin/../lib/gcc/riscv-none-embed/8.2.0/../../../../riscv-none-embed/lib/rv32imafc/ilp32f\libg_nano.a(lib_a-strtod.o)
 .rodata._strtod_l.str1.4
                0x00000000000120d0        0xf c:/mounriver/mounriver_studio/toolchain/risc-v embedded gcc/bin/../lib/gcc/riscv-none-embed/8.2.0/../../../../riscv-none-embed/lib/rv32imafc/ilp32f\libg_nano.a(lib_a-strtod.o)
 *fill*         0x00000000000120df        0x1 
 .rodata.fpi.3397
                0x00000000000120e0       0x14 c:/mounriver/mounriver_studio/toolchain/risc-v embedded gcc/bin/../lib/gcc/riscv-none-embed/8.2.0/../../../../riscv-none-embed/lib/rv32imafc/ilp32f\libg_nano.a(lib_a-strtod.o)
 .rodata.fpinan.3433
                0x00000000000120f4       0x14 c:/mounriver/mounriver_studio/toolchain/risc-v embedded gcc/bin/../lib/gcc/riscv-none-embed/8.2.0/../../../../riscv-none-embed/lib/rv32imafc/ilp32f\libg_nano.a(lib_a-strtod.o)
 .rodata.tinytens
                0x0000000000012108       0x28 c:/mounriver/mounriver_studio/toolchain/risc-v embedded gcc/bin/../lib/gcc/riscv-none-embed/8.2.0/../../../../riscv-none-embed/lib/rv32imafc/ilp32f\libg_nano.a(lib_a-strtod.o)
 .rodata._dtoa_r.cst8
                0x0000000000012130       0x38 c:/mounriver/mounriver_studio/toolchain/risc-v embedded gcc/bin/../lib/gcc/riscv-none-embed/8.2.0/../../../../riscv-none-embed/lib/rv32imafc/ilp32f\libg_nano.a(lib_a-dtoa.o)
                                         0x48 (size before relaxing)
 .rodata._dtoa_r.str1.4
                0x0000000000012168       0x10 c:/mounriver/mounriver_studio/toolchain/risc-v embedded gcc/bin/../lib/gcc/riscv-none-embed/8.2.0/../../../../riscv-none-embed/lib/rv32imafc/ilp32f\libg_nano.a(lib_a-dtoa.o)
                                         0x12 (size before relaxing)
 .rodata.__sf_fake_stderr
                0x0000000000012178       0x20 c:/mounriver/mounriver_studio/toolchain/risc-v embedded gcc/bin/../lib/gcc/riscv-none-embed/8.2.0/../../../../riscv-none-embed/lib/rv32imafc/ilp32f\libg_nano.a(lib_a-findfp.o)
                0x0000000000012178                __sf_fake_stderr
 .rodata.__sf_fake_stdin
                0x0000000000012198       0x20 c:/mounriver/mounriver_studio/toolchain/risc-v embedded gcc/bin/../lib/gcc/riscv-none-embed/8.2.0/../../../../riscv-none-embed/lib/rv32imafc/ilp32f\libg_nano.a(lib_a-findfp.o)
                0x0000000000012198                __sf_fake_stdin
 .rodata.__sf_fake_stdout
                0x00000000000121b8       0x20 c:/mounriver/mounriver_studio/toolchain/risc-v embedded gcc/bin/../lib/gcc/riscv-none-embed/8.2.0/../../../../riscv-none-embed/lib/rv32imafc/ilp32f\libg_nano.a(lib_a-findfp.o)
                0x00000000000121b8                __sf_fake_stdout
 .rodata._setlocale_r.str1.4
                0x00000000000121d8        0xa c:/mounriver/mounriver_studio/toolchain/risc-v embedded gcc/bin/../lib/gcc/riscv-none-embed/8.2.0/../../../../riscv-none-embed/lib/rv32imafc/ilp32f\libg_nano.a(lib_a-locale.o)
                                          0xd (size before relaxing)
 *fill*         0x00000000000121e2        0x2 
 .rodata.str1.4
                0x00000000000121e4        0x4 c:/mounriver/mounriver_studio/toolchain/risc-v embedded gcc/bin/../lib/gcc/riscv-none-embed/8.2.0/../../../../riscv-none-embed/lib/rv32imafc/ilp32f\libg_nano.a(lib_a-locale.o)
                                          0x2 (size before relaxing)
 .rodata.__mprec_bigtens
                0x00000000000121e8       0x28 c:/mounriver/mounriver_studio/toolchain/risc-v embedded gcc/bin/../lib/gcc/riscv-none-embed/8.2.0/../../../../riscv-none-embed/lib/rv32imafc/ilp32f\libg_nano.a(lib_a-mprec.o)
                0x00000000000121e8                __mprec_bigtens
 .rodata.__mprec_tens
                0x0000000000012210       0xc8 c:/mounriver/mounriver_studio/toolchain/risc-v embedded gcc/bin/../lib/gcc/riscv-none-embed/8.2.0/../../../../riscv-none-embed/lib/rv32imafc/ilp32f\libg_nano.a(lib_a-mprec.o)
                0x0000000000012210                __mprec_tens
 .rodata.p05.3321
                0x00000000000122d8        0xc c:/mounriver/mounriver_studio/toolchain/risc-v embedded gcc/bin/../lib/gcc/riscv-none-embed/8.2.0/../../../../riscv-none-embed/lib/rv32imafc/ilp32f\libg_nano.a(lib_a-mprec.o)
 .rodata._svfprintf_r.str1.4
                0x00000000000122e4       0x13 c:/mounriver/mounriver_studio/toolchain/risc-v embedded gcc/bin/../lib/gcc/riscv-none-embed/8.2.0/../../../../riscv-none-embed/lib/rv32imafc/ilp32f\libg_nano.a(lib_a-nano-svfprintf.o)
 .rodata._ctype_
                0x00000000000122e4      0x101 c:/mounriver/mounriver_studio/toolchain/risc-v embedded gcc/bin/../lib/gcc/riscv-none-embed/8.2.0/../../../../riscv-none-embed/lib/rv32imafc/ilp32f\libg_nano.a(lib_a-ctype_.o)
                0x00000000000122e4                _ctype_
 *(.glue_7)
 *(.glue_7t)
 *(.gnu.linkonce.t.*)
                0x00000000000123e8                . = ALIGN (0x4)
 *fill*         0x00000000000123e5        0x3 

.rela.dyn       0x00000000000123e8        0x0
 .rela.init     0x00000000000123e8        0x0 ./zf_driver/zf_driver_delay.o
 .rela.vector   0x00000000000123e8        0x0 ./zf_driver/zf_driver_delay.o
 .rela.text.handle_reset
                0x00000000000123e8        0x0 ./zf_driver/zf_driver_delay.o
 .rela.text._vfprintf_r
                0x00000000000123e8        0x0 ./zf_driver/zf_driver_delay.o
 .rela.text._sbrk_r
                0x00000000000123e8        0x0 ./zf_driver/zf_driver_delay.o
 .rela.text._svfprintf_r
                0x00000000000123e8        0x0 ./zf_driver/zf_driver_delay.o
 .rela.text._kill_r
                0x00000000000123e8        0x0 ./zf_driver/zf_driver_delay.o
 .rela.text._write_r
                0x00000000000123e8        0x0 ./zf_driver/zf_driver_delay.o
 .rela.text._close_r
                0x00000000000123e8        0x0 ./zf_driver/zf_driver_delay.o
 .rela.text._fstat_r
                0x00000000000123e8        0x0 ./zf_driver/zf_driver_delay.o
 .rela.text._isatty_r
                0x00000000000123e8        0x0 ./zf_driver/zf_driver_delay.o
 .rela.text._lseek_r
                0x00000000000123e8        0x0 ./zf_driver/zf_driver_delay.o
 .rela.text._read_r
                0x00000000000123e8        0x0 ./zf_driver/zf_driver_delay.o
 .rela.text._close
                0x00000000000123e8        0x0 ./zf_driver/zf_driver_delay.o
 .rela.text._fstat
                0x00000000000123e8        0x0 ./zf_driver/zf_driver_delay.o
 .rela.text._getpid
                0x00000000000123e8        0x0 ./zf_driver/zf_driver_delay.o
 .rela.text._isatty
                0x00000000000123e8        0x0 ./zf_driver/zf_driver_delay.o
 .rela.text._kill
                0x00000000000123e8        0x0 ./zf_driver/zf_driver_delay.o
 .rela.text._lseek
                0x00000000000123e8        0x0 ./zf_driver/zf_driver_delay.o
 .rela.text._read
                0x00000000000123e8        0x0 ./zf_driver/zf_driver_delay.o
 .rela.text._sbrk
                0x00000000000123e8        0x0 ./zf_driver/zf_driver_delay.o

.fini           0x00000000000123e8        0x0
 *(SORT_NONE(.fini))
                0x00000000000123e8                . = ALIGN (0x4)
                [!provide]                        PROVIDE (_etext = .)
                [!provide]                        PROVIDE (_eitcm = .)

.preinit_array  0x00000000000123e8        0x0
                [!provide]                        PROVIDE (__preinit_array_start = .)
 *(.preinit_array)
                [!provide]                        PROVIDE (__preinit_array_end = .)

.init_array     0x00000000000123e8        0x0
                [!provide]                        PROVIDE (__init_array_start = .)
 *(SORT_BY_INIT_PRIORITY(.init_array.*) SORT_BY_INIT_PRIORITY(.ctors.*))
 *(.init_array EXCLUDE_FILE(*crtend?.o *crtend.o *crtbegin?.o *crtbegin.o) .ctors)
                [!provide]                        PROVIDE (__init_array_end = .)

.fini_array     0x00000000000123e8        0x0
                [!provide]                        PROVIDE (__fini_array_start = .)
 *(SORT_BY_INIT_PRIORITY(.fini_array.*) SORT_BY_INIT_PRIORITY(.dtors.*))
 *(.fini_array EXCLUDE_FILE(*crtend?.o *crtend.o *crtbegin?.o *crtbegin.o) .dtors)
                [!provide]                        PROVIDE (__fini_array_end = .)

.ctors
 *crtbegin.o(.ctors)
 *crtbegin?.o(.ctors)
 *(EXCLUDE_FILE(*crtend?.o *crtend.o) .ctors)
 *(SORT_BY_NAME(.ctors.*))
 *(.ctors)

.dtors
 *crtbegin.o(.dtors)
 *crtbegin?.o(.dtors)
 *(EXCLUDE_FILE(*crtend?.o *crtend.o) .dtors)
 *(SORT_BY_NAME(.dtors.*))
 *(.dtors)

.dalign         0x0000000020000040        0x0 load address 0x00000000000123e8
                0x0000000020000040                . = ALIGN (0x4)
                0x0000000020000040                PROVIDE (_data_vma = .)

.dlalign        0x00000000000123e8        0x0
                0x00000000000123e8                . = ALIGN (0x4)
                0x00000000000123e8                PROVIDE (_data_lma = .)

.data           0x0000000020000040      0x290 load address 0x00000000000123e8
 *(.gnu.linkonce.r.*)
 *(.data .data.*)
 .data.gpio_group
                0x0000000020000040       0x14 ./zf_driver/zf_driver_gpio.o
                0x0000000020000040                gpio_group
 .data.APBAHBPrescTable
                0x0000000020000054       0x10 ./sdk/Peripheral/ch32v30x_rcc.o
 .data.TAB_USB_FS_OSC_DESC
                0x0000000020000064       0x43 ./sdk/Peripheral/ch32v30x_usbotg_device.o
                0x0000000020000064                TAB_USB_FS_OSC_DESC
 *fill*         0x00000000200000a7        0x1 
 .data.Test_packet
                0x00000000200000a8       0x18 ./code/Task_Manager.o
                0x00000000200000a8                Test_packet
 .data.impure_data
                0x00000000200000c0       0x60 c:/mounriver/mounriver_studio/toolchain/risc-v embedded gcc/bin/../lib/gcc/riscv-none-embed/8.2.0/../../../../riscv-none-embed/lib/rv32imafc/ilp32f\libg_nano.a(lib_a-impure.o)
 .data.__global_locale
                0x0000000020000120      0x16c c:/mounriver/mounriver_studio/toolchain/risc-v embedded gcc/bin/../lib/gcc/riscv-none-embed/8.2.0/../../../../riscv-none-embed/lib/rv32imafc/ilp32f\libg_nano.a(lib_a-locale.o)
                0x0000000020000120                __global_locale
 *(.gnu.linkonce.d.*)
                0x0000000020000290                . = ALIGN (0x8)
 *fill*         0x000000002000028c        0x4 
                0x0000000020000a90                PROVIDE (__global_pointer$ = (. + 0x800))
 *(.sdata .sdata.*)
 .sdata.dm1xa_distance_mm
                0x0000000020000290        0x2 ./zf_device/zf_device_dm1xa.o
 *fill*         0x0000000020000292        0x2 
 .sdata.camera_uart_handler
                0x0000000020000294        0x4 ./zf_device/zf_device_type.o
                0x0000000020000294                camera_uart_handler
 .sdata.camera_dvp_handler
                0x0000000020000298        0x4 ./zf_device/zf_device_type.o
                0x0000000020000298                camera_dvp_handler
 .sdata.wireless_module_uart_handler
                0x000000002000029c        0x4 ./zf_device/zf_device_type.o
                0x000000002000029c                wireless_module_uart_handler
 .sdata.tof_module_exti_handler
                0x00000000200002a0        0x4 ./zf_device/zf_device_type.o
                0x00000000200002a0                tof_module_exti_handler
 .sdata.system_clock
                0x00000000200002a4        0x4 ./zf_common/zf_common_clock.o
                0x00000000200002a4                system_clock
 .sdata.zf_debug_assert_enable
                0x00000000200002a8        0x1 ./zf_common/zf_common_debug.o
 *fill*         0x00000000200002a9        0x3 
 .sdata.ADCPrescTable
                0x00000000200002ac        0x4 ./sdk/Peripheral/ch32v30x_rcc.o
 .sdata.USBHD_Dev_Speed
                0x00000000200002b0        0x1 ./sdk/Peripheral/ch32v30x_usbotg_device.o
                0x00000000200002b0                USBHD_Dev_Speed
 *fill*         0x00000000200002b1        0x3 
 .sdata.LineCoding
                0x00000000200002b4        0x7 ./sdk/Peripheral/ch32v30x_usbotg_device.o
                0x00000000200002b4                LineCoding
 *fill*         0x00000000200002bb        0x1 
 .sdata._impure_ptr
                0x00000000200002bc        0x4 c:/mounriver/mounriver_studio/toolchain/risc-v embedded gcc/bin/../lib/gcc/riscv-none-embed/8.2.0/../../../../riscv-none-embed/lib/rv32imafc/ilp32f\libg_nano.a(lib_a-impure.o)
                0x00000000200002bc                _impure_ptr
 *(.sdata2.*)
 .sdata2.uart_irq
                0x00000000200002c0        0x8 ./zf_driver/zf_driver_uart.o
                0x00000000200002c0                uart_irq
 .sdata2.MyLangDescrHD
                0x00000000200002c8        0x4 ./sdk/Peripheral/ch32v30x_usbotg_device.o
                0x00000000200002c8                MyLangDescrHD
 .sdata2._global_impure_ptr
                0x00000000200002cc        0x4 c:/mounriver/mounriver_studio/toolchain/risc-v embedded gcc/bin/../lib/gcc/riscv-none-embed/8.2.0/../../../../riscv-none-embed/lib/rv32imafc/ilp32f\libg_nano.a(lib_a-impure.o)
                0x00000000200002cc                _global_impure_ptr
 *(.gnu.linkonce.s.*)
                0x00000000200002d0                . = ALIGN (0x8)
 *(.srodata.cst16)
 *(.srodata.cst8)
 *(.srodata.cst4)
 *(.srodata.cst2)
 *(.srodata .srodata.*)
                0x00000000200002d0                . = ALIGN (0x4)
                0x00000000200002d0                PROVIDE (_edata = .)

.bss            0x00000000200002d0      0x330 load address 0x0000000000012678
                0x00000000200002d0                . = ALIGN (0x4)
                0x00000000200002d0                PROVIDE (_sbss = .)
 *(.sbss*)
 .sbss.dm1xa_plus_count
                0x00000000200002d0        0x4 ./zf_device/zf_device_dm1xa.o
 .sbss.dm1xa_type
                0x00000000200002d4        0x4 ./zf_device/zf_device_dm1xa.o
 .sbss.dm1xa_ranging_state
                0x00000000200002d8        0x4 ./zf_device/zf_device_dm1xa.o
 .sbss.gnss_flag
                0x00000000200002dc        0x1 ./zf_device/zf_device_gnss.o
                0x00000000200002dc                gnss_flag
 .sbss.gnss_state
                0x00000000200002dd        0x1 ./zf_device/zf_device_gnss.o
 *fill*         0x00000000200002de        0x2 
 .sbss.gnss_gga_state
                0x00000000200002e0        0x4 ./zf_device/zf_device_gnss.o
 .sbss.gnss_rmc_state
                0x00000000200002e4        0x4 ./zf_device/zf_device_gnss.o
 .sbss.gnss_ths_state
                0x00000000200002e8        0x4 ./zf_device/zf_device_gnss.o
 .sbss.scanner_period
                0x00000000200002ec        0x4 ./zf_device/zf_device_key.o
 .sbss.oled_display_dir
                0x00000000200002f0        0x4 ./zf_device/zf_device_oled.o
 .sbss.oled_display_font
                0x00000000200002f4        0x4 ./zf_device/zf_device_oled.o
 .sbss.zf_debug_init_flag
                0x00000000200002f8        0x1 ./zf_common/zf_common_debug.o
 .sbss.assert_nest_index.5035
                0x00000000200002f9        0x1 ./zf_common/zf_common_debug.o
 *fill*         0x00000000200002fa        0x2 
 .sbss.interrupt_nest_count
                0x00000000200002fc        0x4 ./zf_common/zf_common_interrupt.o
 .sbss.EP0_DatabufHD
                0x0000000020000300        0x8 ./sdk/Peripheral/ch32v30x_usbotg_device.o
                0x0000000020000300                EP0_DatabufHD
 .sbss.pEP0_RAM_Addr
                0x0000000020000308        0x4 ./sdk/Peripheral/ch32v30x_usbotg_device.o
                0x0000000020000308                pEP0_RAM_Addr
 .sbss.pEP1_RAM_Addr
                0x000000002000030c        0x4 ./sdk/Peripheral/ch32v30x_usbotg_device.o
                0x000000002000030c                pEP1_RAM_Addr
 .sbss.pEP2_RAM_Addr