Archive member included to satisfy reference by file (symbol)

c:/mounriver/mounriver_studio/toolchain/risc-v embedded gcc/bin/../lib/gcc/riscv-none-embed/8.2.0/../../../../riscv-none-embed/lib/rv32imafc/ilp32f\libm.a(lib_a-s_cos.o)
                              ./zf_device/zf_device_gnss.o (cos)
c:/mounriver/mounriver_studio/toolchain/risc-v embedded gcc/bin/../lib/gcc/riscv-none-embed/8.2.0/../../../../riscv-none-embed/lib/rv32imafc/ilp32f\libm.a(lib_a-s_sin.o)
                              ./zf_device/zf_device_gnss.o (sin)
c:/mounriver/mounriver_studio/toolchain/risc-v embedded gcc/bin/../lib/gcc/riscv-none-embed/8.2.0/../../../../riscv-none-embed/lib/rv32imafc/ilp32f\libm.a(lib_a-w_asin.o)
                              ./zf_device/zf_device_gnss.o (asin)
c:/mounriver/mounriver_studio/toolchain/risc-v embedded gcc/bin/../lib/gcc/riscv-none-embed/8.2.0/../../../../riscv-none-embed/lib/rv32imafc/ilp32f\libm.a(lib_a-w_atan2.o)
                              ./zf_device/zf_device_gnss.o (atan2)
c:/mounriver/mounriver_studio/toolchain/risc-v embedded gcc/bin/../lib/gcc/riscv-none-embed/8.2.0/../../../../riscv-none-embed/lib/rv32imafc/ilp32f\libm.a(lib_a-w_pow.o)
                              ./zf_device/zf_device_gnss.o (pow)
c:/mounriver/mounriver_studio/toolchain/risc-v embedded gcc/bin/../lib/gcc/riscv-none-embed/8.2.0/../../../../riscv-none-embed/lib/rv32imafc/ilp32f\libm.a(lib_a-w_sqrt.o)
                              ./zf_device/zf_device_gnss.o (sqrt)
c:/mounriver/mounriver_studio/toolchain/risc-v embedded gcc/bin/../lib/gcc/riscv-none-embed/8.2.0/../../../../riscv-none-embed/lib/rv32imafc/ilp32f\libm.a(lib_a-e_asin.o)
                              c:/mounriver/mounriver_studio/toolchain/risc-v embedded gcc/bin/../lib/gcc/riscv-none-embed/8.2.0/../../../../riscv-none-embed/lib/rv32imafc/ilp32f\libm.a(lib_a-w_asin.o) (__ieee754_asin)
c:/mounriver/mounriver_studio/toolchain/risc-v embedded gcc/bin/../lib/gcc/riscv-none-embed/8.2.0/../../../../riscv-none-embed/lib/rv32imafc/ilp32f\libm.a(lib_a-e_atan2.o)
                              c:/mounriver/mounriver_studio/toolchain/risc-v embedded gcc/bin/../lib/gcc/riscv-none-embed/8.2.0/../../../../riscv-none-embed/lib/rv32imafc/ilp32f\libm.a(lib_a-w_atan2.o) (__ieee754_atan2)
c:/mounriver/mounriver_studio/toolchain/risc-v embedded gcc/bin/../lib/gcc/riscv-none-embed/8.2.0/../../../../riscv-none-embed/lib/rv32imafc/ilp32f\libm.a(lib_a-e_pow.o)
                              c:/mounriver/mounriver_studio/toolchain/risc-v embedded gcc/bin/../lib/gcc/riscv-none-embed/8.2.0/../../../../riscv-none-embed/lib/rv32imafc/ilp32f\libm.a(lib_a-w_pow.o) (__ieee754_pow)
c:/mounriver/mounriver_studio/toolchain/risc-v embedded gcc/bin/../lib/gcc/riscv-none-embed/8.2.0/../../../../riscv-none-embed/lib/rv32imafc/ilp32f\libm.a(lib_a-e_rem_pio2.o)
                              c:/mounriver/mounriver_studio/toolchain/risc-v embedded gcc/bin/../lib/gcc/riscv-none-embed/8.2.0/../../../../riscv-none-embed/lib/rv32imafc/ilp32f\libm.a(lib_a-s_cos.o) (__ieee754_rem_pio2)
c:/mounriver/mounriver_studio/toolchain/risc-v embedded gcc/bin/../lib/gcc/riscv-none-embed/8.2.0/../../../../riscv-none-embed/lib/rv32imafc/ilp32f\libm.a(lib_a-e_sqrt.o)
                              c:/mounriver/mounriver_studio/toolchain/risc-v embedded gcc/bin/../lib/gcc/riscv-none-embed/8.2.0/../../../../riscv-none-embed/lib/rv32imafc/ilp32f\libm.a(lib_a-w_sqrt.o) (__ieee754_sqrt)
c:/mounriver/mounriver_studio/toolchain/risc-v embedded gcc/bin/../lib/gcc/riscv-none-embed/8.2.0/../../../../riscv-none-embed/lib/rv32imafc/ilp32f\libm.a(lib_a-k_cos.o)
                              c:/mounriver/mounriver_studio/toolchain/risc-v embedded gcc/bin/../lib/gcc/riscv-none-embed/8.2.0/../../../../riscv-none-embed/lib/rv32imafc/ilp32f\libm.a(lib_a-s_cos.o) (__kernel_cos)
c:/mounriver/mounriver_studio/toolchain/risc-v embedded gcc/bin/../lib/gcc/riscv-none-embed/8.2.0/../../../../riscv-none-embed/lib/rv32imafc/ilp32f\libm.a(lib_a-k_rem_pio2.o)
                              c:/mounriver/mounriver_studio/toolchain/risc-v embedded gcc/bin/../lib/gcc/riscv-none-embed/8.2.0/../../../../riscv-none-embed/lib/rv32imafc/ilp32f\libm.a(lib_a-e_rem_pio2.o) (__kernel_rem_pio2)
c:/mounriver/mounriver_studio/toolchain/risc-v embedded gcc/bin/../lib/gcc/riscv-none-embed/8.2.0/../../../../riscv-none-embed/lib/rv32imafc/ilp32f\libm.a(lib_a-k_sin.o)
                              c:/mounriver/mounriver_studio/toolchain/risc-v embedded gcc/bin/../lib/gcc/riscv-none-embed/8.2.0/../../../../riscv-none-embed/lib/rv32imafc/ilp32f\libm.a(lib_a-s_cos.o) (__kernel_sin)
c:/mounriver/mounriver_studio/toolchain/risc-v embedded gcc/bin/../lib/gcc/riscv-none-embed/8.2.0/../../../../riscv-none-embed/lib/rv32imafc/ilp32f\libm.a(lib_a-s_atan.o)
                              c:/mounriver/mounriver_studio/toolchain/risc-v embedded gcc/bin/../lib/gcc/riscv-none-embed/8.2.0/../../../../riscv-none-embed/lib/rv32imafc/ilp32f\libm.a(lib_a-e_atan2.o) (atan)
[...]
Memory Configuration

Name             Origin             Length             Attributes
RAM              0x0000000020000040 0x000000000000fc00 xrw
FLASH            0x0000000000000000 0x0000000000040000 xr
*default*        0x0000000000000000 0xffffffffffffffff

Linker script and memory map

LOAD ./zf_driver/zf_driver_adc.o
LOAD ./zf_driver/zf_driver_delay.o
LOAD ./zf_driver/zf_driver_dvp.o
LOAD ./zf_driver/zf_driver_encoder.o
LOAD ./zf_driver/zf_driver_exti.o
LOAD ./zf_driver/zf_driver_flash.o
LOAD ./zf_driver/zf_driver_gpio.o
LOAD ./zf_driver/zf_driver_iic.o
LOAD ./zf_driver/zf_driver_pit.o
LOAD ./zf_driver/zf_driver_pwm.o
LOAD ./zf_driver/zf_driver_soft_iic.o
LOAD ./zf_driver/zf_driver_soft_spi.o
LOAD ./zf_driver/zf_driver_spi.o
LOAD ./zf_driver/zf_driver_timer.o
LOAD ./zf_driver/zf_driver_uart.o
LOAD ./zf_driver/zf_driver_usb_cdc.o
LOAD ./zf_device/zf_device_absolute_encoder.o
LOAD ./zf_device/zf_device_aht20.o
LOAD ./zf_device/zf_device_bluetooth_ch9141.o
LOAD ./zf_device/zf_device_camera.o
LOAD ./zf_device/zf_device_dl1a.o
LOAD ./zf_device/zf_device_dl1b.o
LOAD ./zf_device/zf_device_dm1xa.o
LOAD ./zf_device/zf_device_gnss.o
LOAD ./zf_device/zf_device_icm20602.o
LOAD ./zf_device/zf_device_imu660ra.o
LOAD ./zf_device/zf_device_imu963ra.o
LOAD ./zf_device/zf_device_ips114.o
LOAD ./zf_device/zf_device_ips200.o
LOAD ./zf_device/zf_device_k24c02.o
LOAD ./zf_device/zf_device_key.o
LOAD ./zf_device/zf_device_mpu6050.o
LOAD ./zf_device/zf_device_mt9v03x_dvp.o
LOAD ./zf_device/zf_device_oled.o
LOAD ./zf_device/zf_device_scc8660_dvp.o
LOAD ./zf_device/zf_device_tft180.o
LOAD ./zf_device/zf_device_type.o
LOAD ./zf_device/zf_device_virtual_oscilloscope.o
LOAD ./zf_device/zf_device_w25q32.o
LOAD ./zf_device/zf_device_wifi_spi.o
LOAD ./zf_device/zf_device_wifi_uart.o
LOAD ./zf_device/zf_device_wireless_ch573.o
LOAD ./zf_device/zf_device_wireless_uart.o
LOAD ./zf_components/seekfree_assistant.o
LOAD ./zf_components/seekfree_assistant_interface.o
LOAD ./zf_common/zf_common_clock.o
LOAD ./zf_common/zf_common_debug.o
LOAD ./zf_common/zf_common_fifo.o
LOAD ./zf_common/zf_common_font.o
LOAD ./zf_common/zf_common_function.o
LOAD ./zf_common/zf_common_interrupt.o
LOAD ./user_c/isr.o
LOAD ./user_c/main.o
LOAD ./sdk/Startup/startup_ch32v30x_D8C.o
LOAD ./sdk/Peripheral/ch32v30x_adc.o
LOAD ./sdk/Peripheral/ch32v30x_bkp.o
LOAD ./sdk/Peripheral/ch32v30x_can.o
LOAD ./sdk/Peripheral/ch32v30x_crc.o
LOAD ./sdk/Peripheral/ch32v30x_dac.o
LOAD ./sdk/Peripheral/ch32v30x_dbgmcu.o
LOAD ./sdk/Peripheral/ch32v30x_dma.o
LOAD ./sdk/Peripheral/ch32v30x_dvp.o
LOAD ./sdk/Peripheral/ch32v30x_eth.o
LOAD ./sdk/Peripheral/ch32v30x_exti.o
LOAD ./sdk/Peripheral/ch32v30x_flash.o
LOAD ./sdk/Peripheral/ch32v30x_fsmc.o
LOAD ./sdk/Peripheral/ch32v30x_gpio.o
LOAD ./sdk/Peripheral/ch32v30x_i2c.o
LOAD ./sdk/Peripheral/ch32v30x_iwdg.o
LOAD ./sdk/Peripheral/ch32v30x_opa.o
LOAD ./sdk/Peripheral/ch32v30x_pwr.o
LOAD ./sdk/Peripheral/ch32v30x_rcc.o
LOAD ./sdk/Peripheral/ch32v30x_rng.o
LOAD ./sdk/Peripheral/ch32v30x_rtc.o
LOAD ./sdk/Peripheral/ch32v30x_sdio.o
LOAD ./sdk/Peripheral/ch32v30x_spi.o
LOAD ./sdk/Peripheral/ch32v30x_tim.o
LOAD ./sdk/Peripheral/ch32v30x_usart.o
LOAD ./sdk/Peripheral/ch32v30x_usbotg_device.o
LOAD ./sdk/Peripheral/ch32v30x_wwdg.o
LOAD ./sdk/Core/core_riscv.o
LOAD ./code/Ring_Buffer.o
LOAD ./code/Task_Manager.o
LOAD ./code/UART_Data_Unpacker.o
LOAD ./code/XxxTimeSliceOffset.o
LOAD ./code/ZDT_X42_V2.o
LOAD c:/mounriver/mounriver_studio/toolchain/risc-v embedded gcc/bin/../lib/gcc/riscv-none-embed/8.2.0/../../../../riscv-none-embed/lib/rv32imafc/ilp32f\libm.a
LOAD X:\200-计算机科学\1嵌入式系统\100-MCU嵌入式系统\6WCH-CH32V307VCT6\1.项目集\8. 张大头力矩反馈_2025-04-10\libraries\zf_device\libzf_device_config.a
LOAD c:/mounriver/mounriver_studio/toolchain/risc-v embedded gcc/bin/../lib/gcc/riscv-none-embed/8.2.0/rv32imafc/ilp32f\libgcc.a
LOAD c:/mounriver/mounriver_studio/toolchain/risc-v embedded gcc/bin/../lib/gcc/riscv-none-embed/8.2.0/../../../../riscv-none-embed/lib/rv32imafc/ilp32f\libg_nano.a
LOAD c:/mounriver/mounriver_studio/toolchain/risc-v embedded gcc/bin/../lib/gcc/riscv-none-embed/8.2.0/../../../../riscv-none-embed/lib/rv32imafc/ilp32f\libc_nano.a
LOAD c:/mounriver/mounriver_studio/toolchain/risc-v embedded gcc/bin/../lib/gcc/riscv-none-embed/8.2.0/rv32imafc/ilp32f\libgcc.a
START GROUP
LOAD c:/mounriver/mounriver_studio/toolchain/risc-v embedded gcc/bin/../lib/gcc/riscv-none-embed/8.2.0/rv32imafc/ilp32f\libgcc.a
LOAD c:/mounriver/mounriver_studio/toolchain/risc-v embedded gcc/bin/../lib/gcc/riscv-none-embed/8.2.0/../../../../riscv-none-embed/lib/rv32imafc/ilp32f\libc_nano.a
LOAD c:/mounriver/mounriver_studio/toolchain/risc-v embedded gcc/bin/../lib/gcc/riscv-none-embed/8.2.0/../../../../riscv-none-embed/lib/rv32imafc/ilp32f\libnosys.a
END GROUP
START GROUP
LOAD c:/mounriver/mounriver_studio/toolchain/risc-v embedded gcc/bin/../lib/gcc/riscv-none-embed/8.2.0/rv32imafc/ilp32f\libgcc.a
LOAD c:/mounriver/mounriver_studio/toolchain/risc-v embedded gcc/bin/../lib/gcc/riscv-none-embed/8.2.0/../../../../riscv-none-embed/lib/rv32imafc/ilp32f\libc_nano.a
LOAD c:/mounriver/mounriver_studio/toolchain/risc-v embedded gcc/bin/../lib/gcc/riscv-none-embed/8.2.0/../../../../riscv-none-embed/lib/rv32imafc/ilp32f\libnosys.a
END GROUP
                0x0000000000000800                __stack_size = 0x800
                [!provide]                        PROVIDE (_stack_size = __stack_size)

.init           0x0000000000000000       0x38
                0x0000000000000000                _sinit = .
                0x0000000000000000                . = ALIGN (0x4)
 *(SORT_NONE(.init))
 .init          0x0000000000000000       0x38 ./sdk/Startup/startup_ch32v30x_D8C.o
                0x0000000000000000                _start
                0x0000000000000038                . = ALIGN (0x4)
                0x0000000000000038                _einit = .

.vector         0x0000000000000038      0x1c8
 *(.vector)
 .vector        0x0000000000000038      0x1a0 ./sdk/Startup/startup_ch32v30x_D8C.o
                0x0000000000000200                . = ALIGN (0x40)
 *fill*         0x00000000000001d8       0x28 

.text           0x0000000000000200     0xf248
                0x0000000000000200                . = ALIGN (0x4)
 *(.text)
 .text          0x0000000000000200       0xa8 c:/mounriver/mounriver_studio/toolchain/risc-v embedded gcc/bin/../lib/gcc/riscv-none-embed/8.2.0/../../../../riscv-none-embed/lib/rv32imafc/ilp32f\libg_nano.a(lib_a-memset.o)
                0x0000000000000200                memset
 *(.text.*)
 .text.gpio_get_level
                0x00000000000002a8       0x42 ./zf_driver/zf_driver_gpio.o
                0x00000000000002a8                gpio_get_level
 .text.gpio_init
                0x00000000000002ea      0x15c ./zf_driver/zf_driver_gpio.o
                0x00000000000002ea                gpio_init
 .text.pit_init
                0x0000000000000446      0x214 ./zf_driver/zf_driver_pit.o
                0x0000000000000446                pit_init
 .text.timer_funciton_check
                0x000000000000065a       0x66 ./zf_driver/zf_driver_timer.o
                0x000000000000065a                timer_funciton_check
 .text.timer_clock_enable
                0x00000000000006c0       0xe2 ./zf_driver/zf_driver_timer.o
                0x00000000000006c0                timer_clock_enable
 .text.timer_get
                0x00000000000007a2       0xfe ./zf_driver/zf_driver_timer.o
                0x00000000000007a2                timer_get
 .text.timer_clear
                0x00000000000008a0       0xc4 ./zf_driver/zf_driver_timer.o
                0x00000000000008a0                timer_clear
 .text.uart_write_byte
                0x0000000000000964       0x56 ./zf_driver/zf_driver_uart.o
                0x0000000000000964                uart_write_byte
 .text.uart_write_buffer
                0x00000000000009ba       0x64 ./zf_driver/zf_driver_uart.o
                0x00000000000009ba                uart_write_buffer
 .text.uart_write_string
                0x0000000000000a1e       0x60 ./zf_driver/zf_driver_uart.o
                0x0000000000000a1e                uart_write_string
 .text.uart_rx_interrupt
                0x0000000000000a7e       0x84 ./zf_driver/zf_driver_uart.o
                0x0000000000000a7e                uart_rx_interrupt
 .text.uart_query_byte
                0x0000000000000b02       0x5e ./zf_driver/zf_driver_uart.o
                0x0000000000000b02                uart_query_byte
 .text.uart_init
                0x0000000000000b60      0x5aa ./zf_driver/zf_driver_uart.o
                0x0000000000000b60                uart_init
 .text.dm1xa_sound_callback
                0x000000000000110a       0xf6 ./zf_device/zf_device_dm1xa.o
                0x000000000000110a                dm1xa_sound_callback
 .text.dm1xa_light_callback
                0x0000000000001200       0x32 ./zf_device/zf_device_dm1xa.o
                0x0000000000001200                dm1xa_light_callback
 .text.gnss_uart_callback
                0x0000000000001232      0x15c ./zf_device/zf_device_gnss.o
                0x0000000000001232                gnss_uart_callback
 .text.type_default_callback
                0x000000000000138e        0xe ./zf_device/zf_device_type.o
 .text.clock_reset
                0x000000000000139c       0x76 ./zf_common/zf_common_clock.o
                0x000000000000139c                clock_reset
 .text.clock_set_freq
                0x0000000000001412      0x1de ./zf_common/zf_common_clock.o
                0x0000000000001412                clock_set_freq
 .text.clock_init
                0x00000000000015f0       0x2a ./zf_common/zf_common_clock.o
                0x00000000000015f0                clock_init
 .text.__NOP    0x000000000000161a       0x10 ./zf_common/zf_common_debug.o
 .text.debug_delay
                0x000000000000162a       0x52 ./zf_common/zf_common_debug.o
 .text.debug_protective_handler
                0x000000000000167c        0xe ./zf_common/zf_common_debug.o
 .text.debug_uart_str_output
                0x000000000000168a       0x20 ./zf_common/zf_common_debug.o
 .text.debug_output
                0x00000000000016aa      0x52c ./zf_common/zf_common_debug.o
 .text._write   0x0000000000001bd6       0x7c ./zf_common/zf_common_debug.o
                0x0000000000001bd6                _write
 .text.debug_assert_handler
                0x0000000000001c52       0x68 ./zf_common/zf_common_debug.o
                0x0000000000001c52                debug_assert_handler
 .text.debug_output_struct_init
                0x0000000000001cba       0x5a ./zf_common/zf_common_debug.o
                0x0000000000001cba                debug_output_struct_init
 .text.debug_output_init
                0x0000000000001d14       0x88 ./zf_common/zf_common_debug.o
                0x0000000000001d14                debug_output_init
 .text.debug_init
                0x0000000000001d9c       0x46 ./zf_common/zf_common_debug.o
                0x0000000000001d9c                debug_init
 .text.fifo_head_offset
                0x0000000000001de2      0x184 ./zf_common/zf_common_fifo.o
 .text.fifo_end_offset
                0x0000000000001f66      0x184 ./zf_common/zf_common_fifo.o
 .text.fifo_clear
                0x00000000000020ea      0x248 ./zf_common/zf_common_fifo.o
                0x00000000000020ea                fifo_clear
 .text.fifo_used
                0x0000000000002332       0x7a ./zf_common/zf_common_fifo.o
                0x0000000000002332                fifo_used
 .text.fifo_write_buffer
                0x00000000000023ac      0x5ea ./zf_common/zf_common_fifo.o
                0x00000000000023ac                fifo_write_buffer
 .text.fifo_read_buffer
                0x0000000000002996      0x5a4 ./zf_common/zf_common_fifo.o
                0x0000000000002996                fifo_read_buffer
 .text.__enable_irq
                0x0000000000002f3a       0x18 ./zf_common/zf_common_interrupt.o
 .text.__disable_irq
                0x0000000000002f52       0x14 ./zf_common/zf_common_interrupt.o
 .text.NVIC_EnableIRQ
                0x0000000000002f66       0x32 ./zf_common/zf_common_interrupt.o
 .text.NVIC_DisableIRQ
                0x0000000000002f98       0x32 ./zf_common/zf_common_interrupt.o
 .text.NVIC_SetPriority
                0x0000000000002fca       0x2a ./zf_common/zf_common_interrupt.o
 .text.interrupt_enable
                0x0000000000002ff4       0x1c ./zf_common/zf_common_interrupt.o
                0x0000000000002ff4                interrupt_enable
 .text.interrupt_disable
                0x0000000000003010       0x1c ./zf_common/zf_common_interrupt.o
                0x0000000000003010                interrupt_disable
 .text.interrupt_set_priority
                0x000000000000302c       0x28 ./zf_common/zf_common_interrupt.o
                0x000000000000302c                interrupt_set_priority
 .text.interrupt_global_enable
                0x0000000000003054       0x30 ./zf_common/zf_common_interrupt.o
                0x0000000000003054                interrupt_global_enable
 .text.interrupt_global_disable
                0x0000000000003084       0x2a ./zf_common/zf_common_interrupt.o
                0x0000000000003084                interrupt_global_disable
 .text.interrupt_init
                0x00000000000030ae       0x16 ./zf_common/zf_common_interrupt.o
                0x00000000000030ae                interrupt_init
 .text.USART1_IRQHandler
                0x00000000000030c4       0xc4 ./user_c/isr.o
                0x00000000000030c4                USART1_IRQHandler
 .text.USART2_IRQHandler
                0x0000000000003188       0xc4 ./user_c/isr.o
                0x0000000000003188                USART2_IRQHandler
 .text.USART3_IRQHandler
                0x000000000000324c       0xc4 ./user_c/isr.o
                0x000000000000324c                USART3_IRQHandler
 .text.UART4_IRQHandler
                0x0000000000003310       0xc4 ./user_c/isr.o
                0x0000000000003310                UART4_IRQHandler
 .text.UART5_IRQHandler
                0x00000000000033d4       0xc6 ./user_c/isr.o
                0x00000000000033d4                UART5_IRQHandler
 .text.UART6_IRQHandler
                0x000000000000349a       0xc4 ./user_c/isr.o
                0x000000000000349a                UART6_IRQHandler
 .text.UART7_IRQHandler
                0x000000000000355e       0xca ./user_c/isr.o
                0x000000000000355e                UART7_IRQHandler
 .text.UART8_IRQHandler
                0x0000000000003628       0xc4 ./user_c/isr.o
                0x0000000000003628                UART8_IRQHandler
 .text.DVP_IRQHandler
                0x00000000000036ec       0xd0 ./user_c/isr.o
                0x00000000000036ec                DVP_IRQHandler
 .text.EXTI0_IRQHandler
                0x00000000000037bc       0xb4 ./user_c/isr.o
                0x00000000000037bc                EXTI0_IRQHandler
 .text.EXTI1_IRQHandler
                0x0000000000003870       0xb4 ./user_c/isr.o
                0x0000000000003870                EXTI1_IRQHandler
 .text.EXTI2_IRQHandler
                0x0000000000003924       0xb4 ./user_c/isr.o
                0x0000000000003924                EXTI2_IRQHandler
 .text.EXTI3_IRQHandler
                0x00000000000039d8       0xb4 ./user_c/isr.o
                0x00000000000039d8                EXTI3_IRQHandler
 .text.EXTI4_IRQHandler
                0x0000000000003a8c       0xb4 ./user_c/isr.o
                0x0000000000003a8c                EXTI4_IRQHandler
 .text.EXTI9_5_IRQHandler
                0x0000000000003b40      0x118 ./user_c/isr.o
                0x0000000000003b40                EXTI9_5_IRQHandler
 .text.EXTI15_10_IRQHandler
                0x0000000000003c58      0x132 ./user_c/isr.o
                0x0000000000003c58                EXTI15_10_IRQHandler
 .text.TIM1_UP_IRQHandler
                0x0000000000003d8a       0xc0 ./user_c/isr.o
                0x0000000000003d8a                TIM1_UP_IRQHandler
 .text.TIM2_IRQHandler
                0x0000000000003e4a       0xb8 ./user_c/isr.o
                0x0000000000003e4a                TIM2_IRQHandler
 .text.TIM3_IRQHandler
                0x0000000000003f02       0xc0 ./user_c/isr.o
                0x0000000000003f02                TIM3_IRQHandler
 .text.TIM4_IRQHandler
                0x0000000000003fc2       0xc0 ./user_c/isr.o
                0x0000000000003fc2                TIM4_IRQHandler
 .text.TIM5_IRQHandler
                0x0000000000004082       0xc0 ./user_c/isr.o
                0x0000000000004082                TIM5_IRQHandler
 .text.TIM6_IRQHandler
                0x0000000000004142       0xbc ./user_c/isr.o
                0x0000000000004142                TIM6_IRQHandler
 .text.TIM7_IRQHandler
                0x00000000000041fe       0xc4 ./user_c/isr.o
                0x00000000000041fe                TIM7_IRQHandler
 .text.TIM8_UP_IRQHandler
                0x00000000000042c2       0xc0 ./user_c/isr.o
                0x00000000000042c2                TIM8_UP_IRQHandler
 .text.TIM9_UP_IRQHandler
                0x0000000000004382       0xc0 ./user_c/isr.o
                0x0000000000004382                TIM9_UP_IRQHandler
 .text.TIM10_UP_IRQHandler
                0x0000000000004442       0xb8 ./user_c/isr.o
                0x0000000000004442                TIM10_UP_IRQHandler
 .text.NMI_Handler
                0x00000000000044fa       0x10 ./user_c/isr.o
                0x00000000000044fa                NMI_Handler
 .text.HardFault_Handler
                0x000000000000450a        0x8 ./user_c/isr.o
                0x000000000000450a                HardFault_Handler
 .text.main     0x0000000000004512       0x30 ./user_c/main.o
                0x0000000000004512                main
 .text.vector_handler
                0x0000000000004542       0xbe ./sdk/Startup/startup_ch32v30x_D8C.o
                0x0000000000004546                Ecall_M_Mode_Handler
                0x0000000000004548                Ecall_U_Mode_Handler
                0x000000000000454a                Break_Point_Handler
                0x000000000000454c                SysTick_Handler
                0x000000000000454e                SW_Handler
                0x0000000000004550                WWDG_IRQHandler
                0x0000000000004552                PVD_IRQHandler
                0x0000000000004554                TAMPER_IRQHandler
                0x0000000000004556                RTC_IRQHandler
                0x0000000000004558                FLASH_IRQHandler
                0x000000000000455a                RCC_IRQHandler
                0x0000000000004566                DMA1_Channel1_IRQHandler
                0x0000000000004568                DMA1_Channel2_IRQHandler
                0x000000000000456a                DMA1_Channel3_IRQHandler
                0x000000000000456c                DMA1_Channel4_IRQHandler
                0x000000000000456e                DMA1_Channel5_IRQHandler
                0x0000000000004570                DMA1_Channel6_IRQHandler
                0x0000000000004572                DMA1_Channel7_IRQHandler
                0x0000000000004574                ADC1_2_IRQHandler
                0x0000000000004576                USB_HP_CAN1_TX_IRQHandler
                0x0000000000004578                USB_LP_CAN1_RX0_IRQHandler
                0x000000000000457a                CAN1_RX1_IRQHandler
                0x000000000000457c                CAN1_SCE_IRQHandler
                0x0000000000004580                TIM1_BRK_IRQHandler
                0x0000000000004584                TIM1_TRG_COM_IRQHandler
                0x0000000000004586                TIM1_CC_IRQHandler
                0x000000000000458e                I2C1_EV_IRQHandler
                0x0000000000004590                I2C1_ER_IRQHandler
                0x0000000000004592                I2C2_EV_IRQHandler
                0x0000000000004594                I2C2_ER_IRQHandler
                0x0000000000004596                SPI1_IRQHandler
                0x0000000000004598                SPI2_IRQHandler
                0x00000000000045a2                RTCAlarm_IRQHandler
                0x00000000000045a4                USBWakeUp_IRQHandler
                0x00000000000045a6                TIM8_BRK_IRQHandler
                0x00000000000045aa                TIM8_TRG_COM_IRQHandler
                0x00000000000045ac                TIM8_CC_IRQHandler
                0x00000000000045ae                RNG_IRQHandler
                0x00000000000045b0                FSMC_IRQHandler
                0x00000000000045b2                SDIO_IRQHandler
                0x00000000000045b6                SPI3_IRQHandler
                0x00000000000045c0                DMA2_Channel1_IRQHandler
                0x00000000000045c2                DMA2_Channel2_IRQHandler
                0x00000000000045c4                DMA2_Channel3_IRQHandler
                0x00000000000045c6                DMA2_Channel4_IRQHandler
                0x00000000000045c8                DMA2_Channel5_IRQHandler
                0x00000000000045ca                ETH_IRQHandler
                0x00000000000045cc                ETH_WKUP_IRQHandler
                0x00000000000045ce                CAN2_TX_IRQHandler
                0x00000000000045d0                CAN2_RX0_IRQHandler
                0x00000000000045d2                CAN2_RX1_IRQHandler
                0x00000000000045d4                CAN2_SCE_IRQHandler
                0x00000000000045d8                USBHSWakeup_IRQHandler
                0x00000000000045da                USBHS_IRQHandler
                0x00000000000045e4                TIM9_BRK_IRQHandler
                0x00000000000045e8                TIM9_TRG_COM_IRQHandler
                0x00000000000045ea                TIM9_CC_IRQHandler
                0x00000000000045ec                TIM10_BRK_IRQHandler
                0x00000000000045f0                TIM10_TRG_COM_IRQHandler
                0x00000000000045f2                TIM10_CC_IRQHandler
                0x00000000000045f4                DMA2_Channel6_IRQHandler
                0x00000000000045f6                DMA2_Channel7_IRQHandler
                0x00000000000045f8                DMA2_Channel8_IRQHandler
                0x00000000000045fa                DMA2_Channel9_IRQHandler
                0x00000000000045fc                DMA2_Channel10_IRQHandler
                0x00000000000045fe                DMA2_Channel11_IRQHandler
 .text.handle_reset
                0x0000000000004600       0x86 ./sdk/Startup/startup_ch32v30x_D8C.o
                0x0000000000004600                handle_reset
 .text.EXTI_GetITStatus
                0x0000000000004686       0x56 ./sdk/Peripheral/ch32v30x_exti.o
                0x0000000000004686                EXTI_GetITStatus
 .text.EXTI_ClearITPendingBit
                0x00000000000046dc       0x20 ./sdk/Peripheral/ch32v30x_exti.o
                0x00000000000046dc                EXTI_ClearITPendingBit
 .text.GPIO_Init
                0x00000000000046fc      0x22a ./sdk/Peripheral/ch32v30x_gpio.o
                0x00000000000046fc                GPIO_Init
 .text.GPIO_WriteBit
                0x0000000000004926       0x38 ./sdk/Peripheral/ch32v30x_gpio.o
                0x0000000000004926                GPIO_WriteBit
 .text.RCC_GetClocksFreq
                0x000000000000495e      0x2c6 ./sdk/Peripheral/ch32v30x_rcc.o
                0x000000000000495e                RCC_GetClocksFreq
 .text.RCC_APB2PeriphClockCmd
                0x0000000000004c24       0x46 ./sdk/Peripheral/ch32v30x_rcc.o
                0x0000000000004c24                RCC_APB2PeriphClockCmd
 .text.RCC_APB1PeriphClockCmd
                0x0000000000004c6a       0x46 ./sdk/Peripheral/ch32v30x_rcc.o
                0x0000000000004c6a                RCC_APB1PeriphClockCmd
 .text.TIM_TimeBaseInit
                0x0000000000004cb0      0x17e ./sdk/Peripheral/ch32v30x_tim.o
                0x0000000000004cb0                TIM_TimeBaseInit
 .text.TIM_Cmd  0x0000000000004e2e       0x58 ./sdk/Peripheral/ch32v30x_tim.o
                0x0000000000004e2e                TIM_Cmd
 .text.TIM_ITConfig
                0x0000000000004e86       0x70 ./sdk/Peripheral/ch32v30x_tim.o
                0x0000000000004e86                TIM_ITConfig
 .text.TIM_GetITStatus
                0x0000000000004ef6       0x70 ./sdk/Peripheral/ch32v30x_tim.o
                0x0000000000004ef6                TIM_GetITStatus
 .text.TIM_ClearITPendingBit
                0x0000000000004f66       0x2e ./sdk/Peripheral/ch32v30x_tim.o
                0x0000000000004f66                TIM_ClearITPendingBit
 .text.USART_Init
                0x0000000000004f94      0x234 ./sdk/Peripheral/ch32v30x_usart.o
                0x0000000000004f94                USART_Init
 .text.USART_Cmd
                0x00000000000051c8       0x60 ./sdk/Peripheral/ch32v30x_usart.o
                0x00000000000051c8                USART_Cmd
 .text.USART_ITConfig
                0x0000000000005228       0xc4 ./sdk/Peripheral/ch32v30x_usart.o
                0x0000000000005228                USART_ITConfig
 .text.USART_SendData
                0x00000000000052ec       0x2e ./sdk/Peripheral/ch32v30x_usart.o
                0x00000000000052ec                USART_SendData
 .text.USART_GetFlagStatus
                0x000000000000531a       0x46 ./sdk/Peripheral/ch32v30x_usart.o
                0x000000000000531a                USART_GetFlagStatus
 .text.USART_GetITStatus
                0x0000000000005360      0x102 ./sdk/Peripheral/ch32v30x_usart.o
                0x0000000000005360                USART_GetITStatus
 .text.USART_ClearITPendingBit
                0x0000000000005462       0x4e ./sdk/Peripheral/ch32v30x_usart.o
                0x0000000000005462                USART_ClearITPendingBit
 .text.DevEP1_IN_Deal
                0x00000000000054b0       0x3e ./sdk/Peripheral/ch32v30x_usbotg_device.o
                0x00000000000054b0                DevEP1_IN_Deal
 .text.DevEP2_IN_Deal
                0x00000000000054ee       0x3e ./sdk/Peripheral/ch32v30x_usbotg_device.o
                0x00000000000054ee                DevEP2_IN_Deal
 .text.DevEP1_OUT_Deal
                0x000000000000552c       0x64 ./sdk/Peripheral/ch32v30x_usbotg_device.o
                0x000000000000552c                DevEP1_OUT_Deal
 .text.DevEP2_OUT_Deal
                0x0000000000005590       0x64 ./sdk/Peripheral/ch32v30x_usbotg_device.o
                0x0000000000005590                DevEP2_OUT_Deal
 .text.OTG_FS_IRQHandler
                0x00000000000055f4      0xd16 ./sdk/Peripheral/ch32v30x_usbotg_device.o
                0x00000000000055f4                OTG_FS_IRQHandler
 .text.ring_buffer_is_empty
                0x000000000000630a       0x2a ./code/Ring_Buffer.o
                0x000000000000630a                ring_buffer_is_empty
 .text.ring_buffer_is_full
                0x0000000000006334       0x3a ./code/Ring_Buffer.o
                0x0000000000006334                ring_buffer_is_full
 .text.ring_buffer_init
                0x000000000000636e       0x6e ./code/Ring_Buffer.o
                0x000000000000636e                ring_buffer_init
 .text.ring_buffer_queue
                0x00000000000063dc       0x6c ./code/Ring_Buffer.o
                0x00000000000063dc                ring_buffer_queue
 .text.ring_buffer_dequeue
                0x0000000000006448       0x5e ./code/Ring_Buffer.o
                0x0000000000006448                ring_buffer_dequeue
 .text.Time_Slice_Offset_Register
                0x00000000000064a6       0x36 ./code/Task_Manager.o
                0x00000000000064a6                Time_Slice_Offset_Register
 .text.PeripheraAll_Init
                0x00000000000064dc       0x46 ./code/Task_Manager.o
                0x00000000000064dc                PeripheraAll_Init
 .text.While_Task
                0x0000000000006522       0x2a ./code/Task_Manager.o
                0x0000000000006522                While_Task
 .text.UART_packet_TASKhandler
                0x000000000000654c       0x5a ./code/Task_Manager.o
                0x000000000000654c                UART_packet_TASKhandler
 .text.Hard_Real_Time_Processing
                0x00000000000065a6        0xe ./code/Task_Manager.o
                0x00000000000065a6                Hard_Real_Time_Processing
 .text.UART_DEBUG_Init
                0x00000000000065b4       0x4c ./code/UART_Data_Unpacker.o
                0x00000000000065b4                UART_DEBUG_Init
 .text.PacketTag_Analysis
                0x0000000000006600       0xba ./code/UART_Data_Unpacker.o
                0x0000000000006600                PacketTag_Analysis
 .text.UnpackData_Handle_Float_FireWater
                0x00000000000066ba       0x3c ./code/UART_Data_Unpacker.o
                0x00000000000066ba                UnpackData_Handle_Float_FireWater
 .text.UnpackData_Handle_Int_FireWater
                0x00000000000066f6       0x2e ./code/UART_Data_Unpacker.o
                0x00000000000066f6                UnpackData_Handle_Int_FireWater
 .text.printf_USART_debug
                0x0000000000006724       0x52 ./code/UART_Data_Unpacker.o
                0x0000000000006724                printf_USART_debug
 .text.DebugPrint
                0x0000000000006776       0x5e ./code/UART_Data_Unpacker.o
                0x0000000000006776                DebugPrint
 .text.USART_DEBUG_IRQ_Function
                0x00000000000067d4       0x38 ./code/UART_Data_Unpacker.o
                0x00000000000067d4                USART_DEBUG_IRQ_Function
 .text.UART_DEBUG_Ringbuffer_Processer
                0x000000000000680c      0x138 ./code/UART_Data_Unpacker.o
                0x000000000000680c                UART_DEBUG_Ringbuffer_Processer
 .text.XxxTimeSliceOffset_Register
                0x0000000000006944       0xb4 ./code/XxxTimeSliceOffset.o
                0x0000000000006944                XxxTimeSliceOffset_Register
 .text.XxxTimeSliceOffset_Start
                0x00000000000069f8       0x4c ./code/XxxTimeSliceOffset.o
                0x00000000000069f8                XxxTimeSliceOffset_Start
 .text.XxxTimeSliceOffset_Produce
                0x0000000000006a44       0x76 ./code/XxxTimeSliceOffset.o
                0x0000000000006a44                XxxTimeSliceOffset_Produce
 .text.ZDT_X42_V2_Velocity_Control
                0x0000000000006aba       0xfe ./code/ZDT_X42_V2.o
                0x0000000000006aba                ZDT_X42_V2_Velocity_Control
 .text.ZDT_Uart_Init
                0x0000000000006bb8       0x3c ./code/ZDT_X42_V2.o
                0x0000000000006bb8                ZDT_Uart_Init
 .text.ZDT_uart_send_data
                0x0000000000006bf4       0x2c ./code/ZDT_X42_V2.o
                0x0000000000006bf4                ZDT_uart_send_data
 .text.__adddf3
                0x0000000000006c20      0xa0e c:/mounriver/mounriver_studio/toolchain/risc-v embedded gcc/bin/../lib/gcc/riscv-none-embed/8.2.0/rv32imafc/ilp32f\libgcc.a(adddf3.o)
                0x0000000000006c20                __adddf3
 .text.__divdf3
                0x000000000000762e      0x7ea c:/mounriver/mounriver_studio/toolchain/risc-v embedded gcc/bin/../lib/gcc/riscv-none-embed/8.2.0/rv32imafc/ilp32f\libgcc.a(divdf3.o)
                0x000000000000762e                __divdf3
 .text.__eqdf2  0x0000000000007e18       0x98 c:/mounriver/mounriver_studio/toolchain/risc-v embedded gcc/bin/../lib/gcc/riscv-none-embed/8.2.0/rv32imafc/ilp32f\libgcc.a(eqdf2.o)
                0x0000000000007e18                __nedf2
                0x0000000000007e18                __eqdf2
 .text.__gedf2  0x0000000000007eb0       0xb6 c:/mounriver/mounriver_studio/toolchain/risc-v embedded gcc/bin/../lib/gcc/riscv-none-embed/8.2.0/rv32imafc/ilp32f\libgcc.a(gedf2.o)
                0x0000000000007eb0                __gedf2
                0x0000000000007eb0                __gtdf2
 .text.__ledf2  0x0000000000007f66       0xb6 c:/mounriver/mounriver_studio/toolchain/risc-v embedded gcc/bin/../lib/gcc/riscv-none-embed/8.2.0/rv32imafc/ilp32f\libgcc.a(ledf2.o)
                0x0000000000007f66                __ledf2
                0x0000000000007f66                __ltdf2
 .text.__muldf3
                0x000000000000801c      0x656 c:/mounriver/mounriver_studio/toolchain/risc-v embedded gcc/bin/../lib/gcc/riscv-none-embed/8.2.0/rv32imafc/ilp32f\libgcc.a(muldf3.o)
                0x000000000000801c                __muldf3
 .text.__subdf3
                0x0000000000008672      0xa8c c:/mounriver/mounriver_studio/toolchain/risc-v embedded gcc/bin/../lib/gcc/riscv-none-embed/8.2.0/rv32imafc/ilp32f\libgcc.a(subdf3.o)
                0x0000000000008672                __subdf3
 .text.__unorddf2
                0x00000000000090fe       0x7c c:/mounriver/mounriver_studio/toolchain/risc-v embedded gcc/bin/../lib/gcc/riscv-none-embed/8.2.0/rv32imafc/ilp32f\libgcc.a(unorddf2.o)
                0x00000000000090fe                __unorddf2
 .text.__fixdfsi
                0x000000000000917a       0xd8 c:/mounriver/mounriver_studio/toolchain/risc-v embedded gcc/bin/../lib/gcc/riscv-none-embed/8.2.0/rv32imafc/ilp32f\libgcc.a(fixdfsi.o)
                0x000000000000917a                __fixdfsi
 .text.__fixunsdfsi
                0x0000000000009252       0x9e c:/mounriver/mounriver_studio/toolchain/risc-v embedded gcc/bin/../lib/gcc/riscv-none-embed/8.2.0/rv32imafc/ilp32f\libgcc.a(fixunsdfsi.o)
                0x0000000000009252                __fixunsdfsi
 .text.__floatsidf
                0x00000000000092f0       0x70 c:/mounriver/mounriver_studio/toolchain/risc-v embedded gcc/bin/../lib/gcc/riscv-none-embed/8.2.0/rv32imafc/ilp32f\libgcc.a(floatsidf.o)
                0x00000000000092f0                __floatsidf
 .text.__floatunsidf
                0x0000000000009360       0x66 c:/mounriver/mounriver_studio/toolchain/risc-v embedded gcc/bin/../lib/gcc/riscv-none-embed/8.2.0/rv32imafc/ilp32f\libgcc.a(floatunsidf.o)
                0x0000000000009360                __floatunsidf
 .text.__extendsfdf2
                0x00000000000093c6       0xe8 c:/mounriver/mounriver_studio/toolchain/risc-v embedded gcc/bin/../lib/gcc/riscv-none-embed/8.2.0/rv32imafc/ilp32f\libgcc.a(extendsfdf2.o)
                0x00000000000093c6                __extendsfdf2
 .text.__truncdfsf2
                0x00000000000094ae      0x31e c:/mounriver/mounriver_studio/toolchain/risc-v embedded gcc/bin/../lib/gcc/riscv-none-embed/8.2.0/rv32imafc/ilp32f\libgcc.a(truncdfsf2.o)
                0x00000000000094ae                __truncdfsf2
 .text.__clzsi2
                0x00000000000097cc       0x76 c:/mounriver/mounriver_studio/toolchain/risc-v embedded gcc/bin/../lib/gcc/riscv-none-embed/8.2.0/rv32imafc/ilp32f\libgcc.a(_clzsi2.o)
                0x00000000000097cc                __clzsi2
 .text.__assert_func
                0x0000000000009842       0x3a c:/mounriver/mounriver_studio/toolchain/risc-v embedded gcc/bin/../lib/gcc/riscv-none-embed/8.2.0/../../../../riscv-none-embed/lib/rv32imafc/ilp32f\libg_nano.a(lib_a-assert.o)
                0x0000000000009842                __assert_func
 .text.atof     0x000000000000987c        0x6 c:/mounriver/mounriver_studio/toolchain/risc-v embedded gcc/bin/../lib/gcc/riscv-none-embed/8.2.0/../../../../riscv-none-embed/lib/rv32imafc/ilp32f\libg_nano.a(lib_a-atof.o)
                0x000000000000987c                atof
 .text.atoi     0x0000000000009882        0x8 c:/mounriver/mounriver_studio/toolchain/risc-v embedded gcc/bin/../lib/gcc/riscv-none-embed/8.2.0/../../../../riscv-none-embed/lib/rv32imafc/ilp32f\libg_nano.a(lib_a-atoi.o)
                0x0000000000009882                atoi
 .text.fprintf  0x000000000000988a       0x26 c:/mounriver/mounriver_studio/toolchain/risc-v embedded gcc/bin/../lib/gcc/riscv-none-embed/8.2.0/../../../../riscv-none-embed/lib/rv32imafc/ilp32f\libg_nano.a(lib_a-fprintf.o)
                0x000000000000988a                fiprintf
                0x000000000000988a                fprintf
 .text.malloc   0x00000000000098b0        0xa c:/mounriver/mounriver_studio/toolchain/risc-v embedded gcc/bin/../lib/gcc/riscv-none-embed/8.2.0/../../../../riscv-none-embed/lib/rv32imafc/ilp32f\libg_nano.a(lib_a-malloc.o)
                0x00000000000098b0                malloc
 .text.memcpy   0x00000000000098ba       0xb6 c:/mounriver/mounriver_studio/toolchain/risc-v embedded gcc/bin/../lib/gcc/riscv-none-embed/8.2.0/../../../../riscv-none-embed/lib/rv32imafc/ilp32f\libg_nano.a(lib_a-memcpy.o)
                0x00000000000098ba                memcpy
 .text._free_r  0x0000000000009970       0xa8 c:/mounriver/mounriver_studio/toolchain/risc-v embedded gcc/bin/../lib/gcc/riscv-none-embed/8.2.0/../../../../riscv-none-embed/lib/rv32imafc/ilp32f\libg_nano.a(lib_a-nano-freer.o)
                0x0000000000009970                _free_r
 .text._malloc_r
                0x0000000000009a18       0xda c:/mounriver/mounriver_studio/toolchain/risc-v embedded gcc/bin/../lib/gcc/riscv-none-embed/8.2.0/../../../../riscv-none-embed/lib/rv32imafc/ilp32f\libg_nano.a(lib_a-nano-mallocr.o)
                0x0000000000009a18                _malloc_r
 .text.__sfputc_r
                0x0000000000009af2       0x2a c:/mounriver/mounriver_studio/toolchain/risc-v embedded gcc/bin/../lib/gcc/riscv-none-embed/8.2.0/../../../../riscv-none-embed/lib/rv32imafc/ilp32f\libg_nano.a(lib_a-nano-vfprintf.o)
 .text.__sfputs_r
                0x0000000000009b1c       0x44 c:/mounriver/mounriver_studio/toolchain/risc-v embedded gcc/bin/../lib/gcc/riscv-none-embed/8.2.0/../../../../riscv-none-embed/lib/rv32imafc/ilp32f\libg_nano.a(lib_a-nano-vfprintf.o)
                0x0000000000009b1c                __sfputs_r
 .text._vfprintf_r
                0x0000000000009b60      0x29c c:/mounriver/mounriver_studio/toolchain/risc-v embedded gcc/bin/../lib/gcc/riscv-none-embed/8.2.0/../../../../riscv-none-embed/lib/rv32imafc/ilp32f\libg_nano.a(lib_a-nano-vfprintf.o)
                0x0000000000009b60                _vfprintf_r
                0x0000000000009b60                _vfiprintf_r
 .text.__cvt    0x0000000000009dfc       0xee c:/mounriver/mounriver_studio/toolchain/risc-v embedded gcc/bin/../lib/gcc/riscv-none-embed/8.2.0/../../../../riscv-none-embed/lib/rv32imafc/ilp32f\libg_nano.a(lib_a-nano-vfprintf_float.o)
                0x0000000000009dfc                __cvt
 .text.__exponent
                0x0000000000009eea       0x8c c:/mounriver/mounriver_studio/toolchain/risc-v embedded gcc/bin/../lib/gcc/riscv-none-embed/8.2.0/../../../../riscv-none-embed/lib/rv32imafc/ilp32f\libg_nano.a(lib_a-nano-vfprintf_float.o)
                0x0000000000009eea                __exponent
 .text._printf_float
                0x0000000000009f76      0x4c4 c:/mounriver/mounriver_studio/toolchain/risc-v embedded gcc/bin/../lib/gcc/riscv-none-embed/8.2.0/../../../../riscv-none-embed/lib/rv32imafc/ilp32f\libg_nano.a(lib_a-nano-vfprintf_float.o)
                0x0000000000009f76                _printf_float
 .text._printf_common
                0x000000000000a43a      0x10c c:/mounriver/mounriver_studio/toolchain/risc-v embedded gcc/bin/../lib/gcc/riscv-none-embed/8.2.0/../../../../riscv-none-embed/lib/rv32imafc/ilp32f\libg_nano.a(lib_a-nano-vfprintf_i.o)
                0x000000000000a43a                _printf_common
 .text._printf_i
                0x000000000000a546      0x2ac c:/mounriver/mounriver_studio/toolchain/risc-v embedded gcc/bin/../lib/gcc/riscv-none-embed/8.2.0/../../../../riscv-none-embed/lib/rv32imafc/ilp32f\libg_nano.a(lib_a-nano-vfprintf_i.o)
                0x000000000000a546                _printf_i
 .text.printf   0x000000000000a7f2       0x42 c:/mounriver/mounriver_studio/toolchain/risc-v embedded gcc/bin/../lib/gcc/riscv-none-embed/8.2.0/../../../../riscv-none-embed/lib/rv32imafc/ilp32f\libg_nano.a(lib_a-printf.o)
                0x000000000000a7f2                iprintf
                0x000000000000a7f2                printf
 .text._sbrk_r  0x000000000000a834       0x2a c:/mounriver/mounriver_studio/toolchain/risc-v embedded gcc/bin/../lib/gcc/riscv-none-embed/8.2.0/../../../../riscv-none-embed/lib/rv32imafc/ilp32f\libg_nano.a(lib_a-sbrkr.o)
                0x000000000000a834                _sbrk_r
 .text.sprintf  0x000000000000a85e       0x46 c:/mounriver/mounriver_studio/toolchain/risc-v embedded gcc/bin/../lib/gcc/riscv-none-embed/8.2.0/../../../../riscv-none-embed/lib/rv32imafc/ilp32f\libg_nano.a(lib_a-sprintf.o)
                0x000000000000a85e                siprintf
                0x000000000000a85e                sprintf
 .text.strlen   0x000000000000a8a4       0x12 c:/mounriver/mounriver_studio/toolchain/risc-v embedded gcc/bin/../lib/gcc/riscv-none-embed/8.2.0/../../../../riscv-none-embed/lib/rv32imafc/ilp32f\libg_nano.a(lib_a-strlen.o)
                0x000000000000a8a4                strlen
 .text.strncmp  0x000000000000a8b6       0x2c c:/mounriver/mounriver_studio/toolchain/risc-v embedded gcc/bin/../lib/gcc/riscv-none-embed/8.2.0/../../../../riscv-none-embed/lib/rv32imafc/ilp32f\libg_nano.a(lib_a-strncmp.o)
                0x000000000000a8b6                strncmp
 .text.strncpy  0x000000000000a8e2       0x24 c:/mounriver/mounriver_studio/toolchain/risc-v embedded gcc/bin/../lib/gcc/riscv-none-embed/8.2.0/../../../../riscv-none-embed/lib/rv32imafc/ilp32f\libg_nano.a(lib_a-strncpy.o)
                0x000000000000a8e2                strncpy
 .text.sulp     0x000000000000a906       0x4e c:/mounriver/mounriver_studio/toolchain/risc-v embedded gcc/bin/../lib/gcc/riscv-none-embed/8.2.0/../../../../riscv-none-embed/lib/rv32imafc/ilp32f\libg_nano.a(lib_a-strtod.o)
 .text._strtod_l
                0x000000000000a954      0xc9c c:/mounriver/mounriver_studio/toolchain/risc-v embedded gcc/bin/../lib/gcc/riscv-none-embed/8.2.0/../../../../riscv-none-embed/lib/rv32imafc/ilp32f\libg_nano.a(lib_a-strtod.o)
                0x000000000000a954                _strtod_l
 .text.strtod   0x000000000000b5f0       0x1c c:/mounriver/mounriver_studio/toolchain/risc-v embedded gcc/bin/../lib/gcc/riscv-none-embed/8.2.0/../../../../riscv-none-embed/lib/rv32imafc/ilp32f\libg_nano.a(lib_a-strtod.o)
                0x000000000000b5f0                strtod
 .text._strtol_l.isra.0
                0x000000000000b60c      0x144 c:/mounriver/mounriver_studio/toolchain/risc-v embedded gcc/bin/../lib/gcc/riscv-none-embed/8.2.0/../../../../riscv-none-embed/lib/rv32imafc/ilp32f\libg_nano.a(lib_a-strtol.o)
 .text.strtol   0x000000000000b750       0x1e c:/mounriver/mounriver_studio/toolchain/risc-v embedded gcc/bin/../lib/gcc/riscv-none-embed/8.2.0/../../../../riscv-none-embed/lib/rv32imafc/ilp32f\libg_nano.a(lib_a-strtol.o)
                0x000000000000b750                strtol
 .text._vsprintf_r
                0x000000000000b76e       0x2e c:/mounriver/mounriver_studio/toolchain/risc-v embedded gcc/bin/../lib/gcc/riscv-none-embed/8.2.0/../../../../riscv-none-embed/lib/rv32imafc/ilp32f\libg_nano.a(lib_a-vsprintf.o)
                0x000000000000b76e                _vsprintf_r
                0x000000000000b76e                _vsiprintf_r
 .text.vsprintf
                0x000000000000b79c       0x10 c:/mounriver/mounriver_studio/toolchain/risc-v embedded gcc/bin/../lib/gcc/riscv-none-embed/8.2.0/../../../../riscv-none-embed/lib/rv32imafc/ilp32f\libg_nano.a(lib_a-vsprintf.o)
                0x000000000000b79c                vsiprintf
                0x000000000000b79c                vsprintf
 .text.__swbuf_r
                0x000000000000b7ac       0xc6 c:/mounriver/mounriver_studio/toolchain/risc-v embedded gcc/bin/../lib/gcc/riscv-none-embed/8.2.0/../../../../riscv-none-embed/lib/rv32imafc/ilp32f\libg_nano.a(lib_a-wbuf.o)
                0x000000000000b7ac                __swbuf_r
 .text.__swsetup_r
                0x000000000000b872      0x112 c:/mounriver/mounriver_studio/toolchain/risc-v embedded gcc/bin/../lib/gcc/riscv-none-embed/8.2.0/../../../../riscv-none-embed/lib/rv32imafc/ilp32f\libg_nano.a(lib_a-wsetup.o)
                0x000000000000b872                __swsetup_r
 .text.abort    0x000000000000b984       0x10 c:/mounriver/mounriver_studio/toolchain/risc-v embedded gcc/bin/../lib/gcc/riscv-none-embed/8.2.0/../../../../riscv-none-embed/lib/rv32imafc/ilp32f\libg_nano.a(lib_a-abort.o)
                0x000000000000b984                abort
 .text.quorem   0x000000000000b994      0x13a c:/mounriver/mounriver_studio/toolchain/risc-v embedded gcc/bin/../lib/gcc/riscv-none-embed/8.2.0/../../../../riscv-none-embed/lib/rv32imafc/ilp32f\libg_nano.a(lib_a-dtoa.o)
 .text._dtoa_r  0x000000000000bace      0xc04 c:/mounriver/mounriver_studio/toolchain/risc-v embedded gcc/bin/../lib/gcc/riscv-none-embed/8.2.0/../../../../riscv-none-embed/lib/rv32imafc/ilp32f\libg_nano.a(lib_a-dtoa.o)
                0x000000000000bace                _dtoa_r
 .text.__sflush_r
                0x000000000000c6d2      0x13e c:/mounriver/mounriver_studio/toolchain/risc-v embedded gcc/bin/../lib/gcc/riscv-none-embed/8.2.0/../../../../riscv-none-embed/lib/rv32imafc/ilp32f\libg_nano.a(lib_a-fflush.o)
                0x000000000000c6d2                __sflush_r
 .text._fflush_r
                0x000000000000c810       0x66 c:/mounriver/mounriver_studio/toolchain/risc-v embedded gcc/bin/../lib/gcc/riscv-none-embed/8.2.0/../../../../riscv-none-embed/lib/rv32imafc/ilp32f\libg_nano.a(lib_a-fflush.o)
                0x000000000000c810                _fflush_r
 .text.std      0x000000000000c876       0x6a c:/mounriver/mounriver_studio/toolchain/risc-v embedded gcc/bin/../lib/gcc/riscv-none-embed/8.2.0/../../../../riscv-none-embed/lib/rv32imafc/ilp32f\libg_nano.a(lib_a-findfp.o)
 .text._cleanup_r
                0x000000000000c8e0        0xa c:/mounriver/mounriver_studio/toolchain/risc-v embedded gcc/bin/../lib/gcc/riscv-none-embed/8.2.0/../../../../riscv-none-embed/lib/rv32imafc/ilp32f\libg_nano.a(lib_a-findfp.o)
                0x000000000000c8e0                _cleanup_r
 .text.__sfmoreglue
                0x000000000000c8ea       0x48 c:/mounriver/mounriver_studio/toolchain/risc-v embedded gcc/bin/../lib/gcc/riscv-none-embed/8.2.0/../../../../riscv-none-embed/lib/rv32imafc/ilp32f\libg_nano.a(lib_a-findfp.o)
                0x000000000000c8ea                __sfmoreglue
 .text.__sinit  0x000000000000c932       0x6c c:/mounriver/mounriver_studio/toolchain/risc-v embedded gcc/bin/../lib/gcc/riscv-none-embed/8.2.0/../../../../riscv-none-embed/lib/rv32imafc/ilp32f\libg_nano.a(lib_a-findfp.o)
                0x000000000000c932                __sinit
 .text.__sfp    0x000000000000c99e       0xa0 c:/mounriver/mounriver_studio/toolchain/risc-v embedded gcc/bin/../lib/gcc/riscv-none-embed/8.2.0/../../../../riscv-none-embed/lib/rv32imafc/ilp32f\libg_nano.a(lib_a-findfp.o)
                0x000000000000c99e                __sfp
 .text._fwalk_reent
                0x000000000000ca3e       0x6c c:/mounriver/mounriver_studio/toolchain/risc-v embedded gcc/bin/../lib/gcc/riscv-none-embed/8.2.0/../../../../riscv-none-embed/lib/rv32imafc/ilp32f\libg_nano.a(lib_a-fwalk.o)
                0x000000000000ca3e                _fwalk_reent
 .text.rshift   0x000000000000caaa       0x76 c:/mounriver/mounriver_studio/toolchain/risc-v embedded gcc/bin/../lib/gcc/riscv-none-embed/8.2.0/../../../../riscv-none-embed/lib/rv32imafc/ilp32f\libg_nano.a(lib_a-gdtoa-gethex.o)
 .text.__hexdig_fun
                0x000000000000cb20       0x40 c:/mounriver/mounriver_studio/toolchain/risc-v embedded gcc/bin/../lib/gcc/riscv-none-embed/8.2.0/../../../../riscv-none-embed/lib/rv32imafc/ilp32f\libg_nano.a(lib_a-gdtoa-gethex.o)
                0x000000000000cb20                __hexdig_fun
 .text.__gethex
                0x000000000000cb60      0x4ce c:/mounriver/mounriver_studio/toolchain/risc-v embedded gcc/bin/../lib/gcc/riscv-none-embed/8.2.0/../../../../riscv-none-embed/lib/rv32imafc/ilp32f\libg_nano.a(lib_a-gdtoa-gethex.o)
                0x000000000000cb60                __gethex
 .text.L_shift  0x000000000000d02e       0x2c c:/mounriver/mounriver_studio/toolchain/risc-v embedded gcc/bin/../lib/gcc/riscv-none-embed/8.2.0/../../../../riscv-none-embed/lib/rv32imafc/ilp32f\libg_nano.a(lib_a-gdtoa-hexnan.o)
 .text.__match  0x000000000000d05a       0x30 c:/mounriver/mounriver_studio/toolchain/risc-v embedded gcc/bin/../lib/gcc/riscv-none-embed/8.2.0/../../../../riscv-none-embed/lib/rv32imafc/ilp32f\libg_nano.a(lib_a-gdtoa-hexnan.o)
                0x000000000000d05a                __match
 .text.__hexnan
                0x000000000000d08a      0x160 c:/mounriver/mounriver_studio/toolchain/risc-v embedded gcc/bin/../lib/gcc/riscv-none-embed/8.2.0/../../../../riscv-none-embed/lib/rv32imafc/ilp32f\libg_nano.a(lib_a-gdtoa-hexnan.o)
                0x000000000000d08a                __hexnan
 .text.__locale_ctype_ptr_l
                0x000000000000d1ea        0x6 c:/mounriver/mounriver_studio/toolchain/risc-v embedded gcc/bin/../lib/gcc/riscv-none-embed/8.2.0/../../../../riscv-none-embed/lib/rv32imafc/ilp32f\libg_nano.a(lib_a-locale.o)
                0x000000000000d1ea                __locale_ctype_ptr_l
 .text.__localeconv_l
                0x000000000000d1f0        0x6 c:/mounriver/mounriver_studio/toolchain/risc-v embedded gcc/bin/../lib/gcc/riscv-none-embed/8.2.0/../../../../riscv-none-embed/lib/rv32imafc/ilp32f\libg_nano.a(lib_a-localeconv.o)
                0x000000000000d1f0                __localeconv_l
 .text._localeconv_r
                0x000000000000d1f6       0x18 c:/mounriver/mounriver_studio/toolchain/risc-v embedded gcc/bin/../lib/gcc/riscv-none-embed/8.2.0/../../../../riscv-none-embed/lib/rv32imafc/ilp32f\libg_nano.a(lib_a-localeconv.o)
                0x000000000000d1f6                _localeconv_r
 .text.__swhatbuf_r
                0x000000000000d20e       0x5a c:/mounriver/mounriver_studio/toolchain/risc-v embedded gcc/bin/../lib/gcc/riscv-none-embed/8.2.0/../../../../riscv-none-embed/lib/rv32imafc/ilp32f\libg_nano.a(lib_a-makebuf.o)
                0x000000000000d20e                __swhatbuf_r
 .text.__smakebuf_r
                0x000000000000d268       0xa2 c:/mounriver/mounriver_studio/toolchain/risc-v embedded gcc/bin/../lib/gcc/riscv-none-embed/8.2.0/../../../../riscv-none-embed/lib/rv32imafc/ilp32f\libg_nano.a(lib_a-makebuf.o)
                0x000000000000d268                __smakebuf_r
 .text.__ascii_mbtowc
                0x000000000000d30a       0x3a c:/mounriver/mounriver_studio/toolchain/risc-v embedded gcc/bin/../lib/gcc/riscv-none-embed/8.2.0/../../../../riscv-none-embed/lib/rv32imafc/ilp32f\libg_nano.a(lib_a-mbtowc_r.o)
                0x000000000000d30a                __ascii_mbtowc
 .text.memchr   0x000000000000d344       0x1a c:/mounriver/mounriver_studio/toolchain/risc-v embedded gcc/bin/../lib/gcc/riscv-none-embed/8.2.0/../../../../riscv-none-embed/lib/rv32imafc/ilp32f\libg_nano.a(lib_a-memchr.o)
                0x000000000000d344                memchr
 .text.memmove  0x000000000000d35e       0x4a c:/mounriver/mounriver_studio/toolchain/risc-v embedded gcc/bin/../lib/gcc/riscv-none-embed/8.2.0/../../../../riscv-none-embed/lib/rv32imafc/ilp32f\libg_nano.a(lib_a-memmove.o)
                0x000000000000d35e                memmove
 .text.__malloc_lock
                0x000000000000d3a8        0x2 c:/mounriver/mounriver_studio/toolchain/risc-v embedded gcc/bin/../lib/gcc/riscv-none-embed/8.2.0/../../../../riscv-none-embed/lib/rv32imafc/ilp32f\libg_nano.a(lib_a-mlock.o)
                0x000000000000d3a8                __malloc_lock
 .text.__malloc_unlock
                0x000000000000d3aa        0x2 c:/mounriver/mounriver_studio/toolchain/risc-v embedded gcc/bin/../lib/gcc/riscv-none-embed/8.2.0/../../../../riscv-none-embed/lib/rv32imafc/ilp32f\libg_nano.a(lib_a-mlock.o)
                0x000000000000d3aa                __malloc_unlock
 .text._Balloc  0x000000000000d3ac       0x8c c:/mounriver/mounriver_studio/toolchain/risc-v embedded gcc/bin/../lib/gcc/riscv-none-embed/8.2.0/../../../../riscv-none-embed/lib/rv32imafc/ilp32f\libg_nano.a(lib_a-mprec.o)
                0x000000000000d3ac                _Balloc
 .text._Bfree   0x000000000000d438       0x44 c:/mounriver/mounriver_studio/toolchain/risc-v embedded gcc/bin/../lib/gcc/riscv-none-embed/8.2.0/../../../../riscv-none-embed/lib/rv32imafc/ilp32f\libg_nano.a(lib_a-mprec.o)
                0x000000000000d438                _Bfree
 .text.__multadd
                0x000000000000d47c       0x98 c:/mounriver/mounriver_studio/toolchain/risc-v embedded gcc/bin/../lib/gcc/riscv-none-embed/8.2.0/../../../../riscv-none-embed/lib/rv32imafc/ilp32f\libg_nano.a(lib_a-mprec.o)
                0x000000000000d47c                __multadd
 .text.__s2b    0x000000000000d514       0xa6 c:/mounriver/mounriver_studio/toolchain/risc-v embedded gcc/bin/../lib/gcc/riscv-none-embed/8.2.0/../../../../riscv-none-embed/lib/rv32imafc/ilp32f\libg_nano.a(lib_a-mprec.o)
                0x000000000000d514                __s2b
 .text.__hi0bits
                0x000000000000d5ba       0x46 c:/mounriver/mounriver_studio/toolchain/risc-v embedded gcc/bin/../lib/gcc/riscv-none-embed/8.2.0/../../../../riscv-none-embed/lib/rv32imafc/ilp32f\libg_nano.a(lib_a-mprec.o)
                0x000000000000d5ba                __hi0bits
 .text.__lo0bits
                0x000000000000d600       0x6a c:/mounriver/mounriver_studio/toolchain/risc-v embedded gcc/bin/../lib/gcc/riscv-none-embed/8.2.0/../../../../riscv-none-embed/lib/rv32imafc/ilp32f\libg_nano.a(lib_a-mprec.o)
                0x000000000000d600                __lo0bits
 .text.__i2b    0x000000000000d66a       0x1c c:/mounriver/mounriver_studio/toolchain/risc-v embedded gcc/bin/../lib/gcc/riscv-none-embed/8.2.0/../../../../riscv-none-embed/lib/rv32imafc/ilp32f\libg_nano.a(lib_a-mprec.o)
                0x000000000000d66a                __i2b
 .text.__multiply
                0x000000000000d686      0x144 c:/mounriver/mounriver_studio/toolchain/risc-v embedded gcc/bin/../lib/gcc/riscv-none-embed/8.2.0/../../../../riscv-none-embed/lib/rv32imafc/ilp32f\libg_nano.a(lib_a-mprec.o)
                0x000000000000d686                __multiply
 .text.__pow5mult
                0x000000000000d7ca       0xbe c:/mounriver/mounriver_studio/toolchain/risc-v embedded gcc/bin/../lib/gcc/riscv-none-embed/8.2.0/../../../../riscv-none-embed/lib/rv32imafc/ilp32f\libg_nano.a(lib_a-mprec.o)
                0x000000000000d7ca                __pow5mult
 .text.__lshift
                0x000000000000d888       0xce c:/mounriver/mounriver_studio/toolchain/risc-v embedded gcc/bin/../lib/gcc/riscv-none-embed/8.2.0/../../../../riscv-none-embed/lib/rv32imafc/ilp32f\libg_nano.a(lib_a-mprec.o)
                0x000000000000d888                __lshift
 .text.__mcmp   0x000000000000d956       0x32 c:/mounriver/mounriver_studio/toolchain/risc-v embedded gcc/bin/../lib/gcc/riscv-none-embed/8.2.0/../../../../riscv-none-embed/lib/rv32imafc/ilp32f\libg_nano.a(lib_a-mprec.o)
                0x000000000000d956                __mcmp
 .text.__mdiff  0x000000000000d988       0xf2 c:/mounriver/mounriver_studio/toolchain/risc-v embedded gcc/bin/../lib/gcc/riscv-none-embed/8.2.0/../../../../riscv-none-embed/lib/rv32imafc/ilp32f\libg_nano.a(lib_a-mprec.o)
                0x000000000000d988                __mdiff
 .text.__ulp    0x000000000000da7a       0x46 c:/mounriver/mounriver_studio/toolchain/risc-v embedded gcc/bin/../lib/gcc/riscv-none-embed/8.2.0/../../../../riscv-none-embed/lib/rv32imafc/ilp32f\libg_nano.a(lib_a-mprec.o)
                0x000000000000da7a                __ulp
 .text.__b2d    0x000000000000dac0       0xb4 c:/mounriver/mounriver_studio/toolchain/risc-v embedded gcc/bin/../lib/gcc/riscv-none-embed/8.2.0/../../../../riscv-none-embed/lib/rv32imafc/ilp32f\libg_nano.a(lib_a-mprec.o)
                0x000000000000dac0                __b2d
 .text.__d2b    0x000000000000db74       0xd4 c:/mounriver/mounriver_studio/toolchain/risc-v embedded gcc/bin/../lib/gcc/riscv-none-embed/8.2.0/../../../../riscv-none-embed/lib/rv32imafc/ilp32f\libg_nano.a(lib_a-mprec.o)
                0x000000000000db74                __d2b
 .text.__ratio  0x000000000000dc48       0x74 c:/mounriver/mounriver_studio/toolchain/risc-v embedded gcc/bin/../lib/gcc/riscv-none-embed/8.2.0/../../../../riscv-none-embed/lib/rv32imafc/ilp32f\libg_nano.a(lib_a-mprec.o)
                0x000000000000dc48                __ratio
 .text.__copybits
                0x000000000000dcbc       0x36 c:/mounriver/mounriver_studio/toolchain/risc-v embedded gcc/bin/../lib/gcc/riscv-none-embed/8.2.0/../../../../riscv-none-embed/lib/rv32imafc/ilp32f\libg_nano.a(lib_a-mprec.o)
                0x000000000000dcbc                __copybits
 .text.__any_on
                0x000000000000dcf2       0x46 c:/mounriver/mounriver_studio/toolchain/risc-v embedded gcc/bin/../lib/gcc/riscv-none-embed/8.2.0/../../../../riscv-none-embed/lib/rv32imafc/ilp32f\libg_nano.a(lib_a-mprec.o)
                0x000000000000dcf2                __any_on
 .text._calloc_r
                0x000000000000dd38       0x28 c:/mounriver/mounriver_studio/toolchain/risc-v embedded gcc/bin/../lib/gcc/riscv-none-embed/8.2.0/../../../../riscv-none-embed/lib/rv32imafc/ilp32f\libg_nano.a(lib_a-nano-callocr.o)
                0x000000000000dd38                _calloc_r
 .text._realloc_r
                0x000000000000dd60       0x58 c:/mounriver/mounriver_studio/toolchain/risc-v embedded gcc/bin/../lib/gcc/riscv-none-embed/8.2.0/../../../../riscv-none-embed/lib/rv32imafc/ilp32f\libg_nano.a(lib_a-nano-reallocr.o)
                0x000000000000dd60                _realloc_r
 .text.__ssputs_r
                0x000000000000ddb8       0xee c:/mounriver/mounriver_studio/toolchain/risc-v embedded gcc/bin/../lib/gcc/riscv-none-embed/8.2.0/../../../../riscv-none-embed/lib/rv32imafc/ilp32f\libg_nano.a(lib_a-nano-svfprintf.o)
                0x000000000000ddb8                __ssputs_r
 .text._svfprintf_r
                0x000000000000dea6      0x27e c:/mounriver/mounriver_studio/toolchain/risc-v embedded gcc/bin/../lib/gcc/riscv-none-embed/8.2.0/../../../../riscv-none-embed/lib/rv32imafc/ilp32f\libg_nano.a(lib_a-nano-svfprintf.o)
                0x000000000000dea6                _svfiprintf_r
                0x000000000000dea6                _svfprintf_r
 .text._raise_r
                0x000000000000e124       0x62 c:/mounriver/mounriver_studio/toolchain/risc-v embedded gcc/bin/../lib/gcc/riscv-none-embed/8.2.0/../../../../riscv-none-embed/lib/rv32imafc/ilp32f\libg_nano.a(lib_a-signal.o)
                0x000000000000e124                _raise_r
 .text.raise    0x000000000000e186        0xc c:/mounriver/mounriver_studio/toolchain/risc-v embedded gcc/bin/../lib/gcc/riscv-none-embed/8.2.0/../../../../riscv-none-embed/lib/rv32imafc/ilp32f\libg_nano.a(lib_a-signal.o)
                0x000000000000e186                raise
 .text._kill_r  0x000000000000e192       0x2a c:/mounriver/mounriver_studio/toolchain/risc-v embedded gcc/bin/../lib/gcc/riscv-none-embed/8.2.0/../../../../riscv-none-embed/lib/rv32imafc/ilp32f\libg_nano.a(lib_a-signalr.o)
                0x000000000000e192                _kill_r
 .text._getpid_r
                0x000000000000e1bc        0x2 c:/mounriver/mounriver_studio/toolchain/risc-v embedded gcc/bin/../lib/gcc/riscv-none-embed/8.2.0/../../../../riscv-none-embed/lib/rv32imafc/ilp32f\libg_nano.a(lib_a-signalr.o)
                0x000000000000e1bc                _getpid_r
 .text.__sread  0x000000000000e1be       0x30 c:/mounriver/mounriver_studio/toolchain/risc-v embedded gcc/bin/../lib/gcc/riscv-none-embed/8.2.0/../../../../riscv-none-embed/lib/rv32imafc/ilp32f\libg_nano.a(lib_a-stdio.o)
                0x000000000000e1be                __sread
 .text.__swrite
                0x000000000000e1ee       0x4e c:/mounriver/mounriver_studio/toolchain/risc-v embedded gcc/bin/../lib/gcc/riscv-none-embed/8.2.0/../../../../riscv-none-embed/lib/rv32imafc/ilp32f\libg_nano.a(lib_a-stdio.o)
                0x000000000000e1ee                __swrite
 .text.__sseek  0x000000000000e23c       0x36 c:/mounriver/mounriver_studio/toolchain/risc-v embedded gcc/bin/../lib/gcc/riscv-none-embed/8.2.0/../../../../riscv-none-embed/lib/rv32imafc/ilp32f\libg_nano.a(lib_a-stdio.o)
                0x000000000000e23c                __sseek
 .text.__sclose
                0x000000000000e272        0x6 c:/mounriver/mounriver_studio/toolchain/risc-v embedded gcc/bin/../lib/gcc/riscv-none-embed/8.2.0/../../../../riscv-none-embed/lib/rv32imafc/ilp32f\libg_nano.a(lib_a-stdio.o)
                0x000000000000e272                __sclose
 .text.__ascii_wctomb
                0x000000000000e278       0x20 c:/mounriver/mounriver_studio/toolchain/risc-v embedded gcc/bin/../lib/gcc/riscv-none-embed/8.2.0/../../../../riscv-none-embed/lib/rv32imafc/ilp32f\libg_nano.a(lib_a-wctomb_r.o)
                0x000000000000e278                __ascii_wctomb
 .text._write_r
                0x000000000000e298       0x2e c:/mounriver/mounriver_studio/toolchain/risc-v embedded gcc/bin/../lib/gcc/riscv-none-embed/8.2.0/../../../../riscv-none-embed/lib/rv32imafc/ilp32f\libg_nano.a(lib_a-writer.o)
                0x000000000000e298                _write_r
 .text._close_r
                0x000000000000e2c6       0x28 c:/mounriver/mounriver_studio/toolchain/risc-v embedded gcc/bin/../lib/gcc/riscv-none-embed/8.2.0/../../../../riscv-none-embed/lib/rv32imafc/ilp32f\libg_nano.a(lib_a-closer.o)
                0x000000000000e2c6                _close_r
 .text._fstat_r
                0x000000000000e2ee       0x2a c:/mounriver/mounriver_studio/toolchain/risc-v embedded gcc/bin/../lib/gcc/riscv-none-embed/8.2.0/../../../../riscv-none-embed/lib/rv32imafc/ilp32f\libg_nano.a(lib_a-fstatr.o)
                0x000000000000e2ee                _fstat_r
 .text._isatty_r
                0x000000000000e318       0x28 c:/mounriver/mounriver_studio/toolchain/risc-v embedded gcc/bin/../lib/gcc/riscv-none-embed/8.2.0/../../../../riscv-none-embed/lib/rv32imafc/ilp32f\libg_nano.a(lib_a-isattyr.o)
                0x000000000000e318                _isatty_r
 .text._lseek_r
                0x000000000000e340       0x2c c:/mounriver/mounriver_studio/toolchain/risc-v embedded gcc/bin/../lib/gcc/riscv-none-embed/8.2.0/../../../../riscv-none-embed/lib/rv32imafc/ilp32f\libg_nano.a(lib_a-lseekr.o)
                0x000000000000e340                _lseek_r
 .text._malloc_usable_size_r
                0x000000000000e36c       0x14 c:/mounriver/mounriver_studio/toolchain/risc-v embedded gcc/bin/../lib/gcc/riscv-none-embed/8.2.0/../../../../riscv-none-embed/lib/rv32imafc/ilp32f\libg_nano.a(lib_a-nano-msizer.o)
                0x000000000000e36c                _malloc_usable_size_r
 .text._read_r  0x000000000000e380       0x2c c:/mounriver/mounriver_studio/toolchain/risc-v embedded gcc/bin/../lib/gcc/riscv-none-embed/8.2.0/../../../../riscv-none-embed/lib/rv32imafc/ilp32f\libg_nano.a(lib_a-readr.o)
                0x000000000000e380                _read_r
 .text.__trunctfdf2
                0x000000000000e3ac      0x3d0 c:/mounriver/mounriver_studio/toolchain/risc-v embedded gcc/bin/../lib/gcc/riscv-none-embed/8.2.0/rv32imafc/ilp32f\libgcc.a(trunctfdf2.o)
                0x000000000000e3ac                __trunctfdf2
 .text._close   0x000000000000e77c        0xc c:/mounriver/mounriver_studio/toolchain/risc-v embedded gcc/bin/../lib/gcc/riscv-none-embed/8.2.0/../../../../riscv-none-embed/lib/rv32imafc/ilp32f\libnosys.a(close.o)
                0x000000000000e77c                _close
 .text._fstat   0x000000000000e788        0xc c:/mounriver/mounriver_studio/toolchain/risc-v embedded gcc/bin/../lib/gcc/riscv-none-embed/8.2.0/../../../../riscv-none-embed/lib/rv32imafc/ilp32f\libnosys.a(fstat.o)
                0x000000000000e788                _fstat
 .text._getpid  0x000000000000e794        0xc c:/mounriver/mounriver_studio/toolchain/risc-v embedded gcc/bin/../lib/gcc/riscv-none-embed/8.2.0/../../../../riscv-none-embed/lib/rv32imafc/ilp32f\libnosys.a(getpid.o)
                0x000000000000e794                _getpid
 .text._isatty  0x000000000000e7a0        0xc c:/mounriver/mounriver_studio/toolchain/risc-v embedded gcc/bin/../lib/gcc/riscv-none-embed/8.2.0/../../../../riscv-none-embed/lib/rv32imafc/ilp32f\libnosys.a(isatty.o)
                0x000000000000e7a0                _isatty
 .text._kill    0x000000000000e7ac        0xc c:/mounriver/mounriver_studio/toolchain/risc-v embedded gcc/bin/../lib/gcc/riscv-none-embed/8.2.0/../../../../riscv-none-embed/lib/rv32imafc/ilp32f\libnosys.a(kill.o)
                0x000000000000e7ac                _kill
 .text._lseek   0x000000000000e7b8        0xc c:/mounriver/mounriver_studio/toolchain/risc-v embedded gcc/bin/../lib/gcc/riscv-none-embed/8.2.0/../../../../riscv-none-embed/lib/rv32imafc/ilp32f\libnosys.a(lseek.o)
                0x000000000000e7b8                _lseek
 .text._read    0x000000000000e7c4        0xc c:/mounriver/mounriver_studio/toolchain/risc-v embedded gcc/bin/../lib/gcc/riscv-none-embed/8.2.0/../../../../riscv-none-embed/lib/rv32imafc/ilp32f\libnosys.a(read.o)
                0x000000000000e7c4                _read
 .text._sbrk    0x000000000000e7d0       0x20 c:/mounriver/mounriver_studio/toolchain/risc-v embedded gcc/bin/../lib/gcc/riscv-none-embed/8.2.0/../../../../riscv-none-embed/lib/rv32imafc/ilp32f\libnosys.a(sbrk.o)
                0x000000000000e7d0                _sbrk
 .text._exit    0x000000000000e7f0        0x2 c:/mounriver/mounriver_studio/toolchain/risc-v embedded gcc/bin/../lib/gcc/riscv-none-embed/8.2.0/../../../../riscv-none-embed/lib/rv32imafc/ilp32f\libnosys.a(_exit.o)
                0x000000000000e7f0                _exit
 *(.rodata)
 *fill*         0x000000000000e7f2        0x2 
 .rodata        0x000000000000e7f4       0xb4 ./zf_driver/zf_driver_pit.o
 .rodata        0x000000000000e8a8       0x8d ./zf_driver/zf_driver_uart.o
 *fill*         0x000000000000e935        0x3 
 .rodata        0x000000000000e938        0x8 ./zf_device/zf_device_dm1xa.o
 .rodata        0x000000000000e940       0xf0 ./zf_device/zf_device_gnss.o
 .rodata        0x000000000000ea30       0x78 ./zf_common/zf_common_debug.o
 .rodata        0x000000000000eaa8       0x8d ./zf_common/zf_common_fifo.o
 *fill*         0x000000000000eb35        0x3 
 .rodata        0x000000000000eb38       0x41 ./sdk/Peripheral/ch32v30x_usbotg_device.o
 *fill*         0x000000000000eb79        0x3 
 .rodata        0x000000000000eb7c       0xab ./code/Ring_Buffer.o
 *fill*         0x000000000000ec27        0x1 
 .rodata        0x000000000000ec28       0x36 ./code/Task_Manager.o
 *fill*         0x000000000000ec5e        0x2 
 .rodata        0x000000000000ec60       0x53 ./code/UART_Data_Unpacker.o
 *fill*         0x000000000000ecb3        0x1 
 .rodata        0x000000000000ecb4        0x4 ./code/ZDT_X42_V2.o
 *(.rodata*)
 .rodata.pit_init
                0x000000000000ecb8       0x28 ./zf_driver/zf_driver_pit.o
 .rodata.timer_get
                0x000000000000ece0       0x28 ./zf_driver/zf_driver_timer.o
 .rodata.timer_clear
                0x000000000000ed08       0x28 ./zf_driver/zf_driver_timer.o
 .rodata.uart_index
                0x000000000000ed30       0x20 ./zf_driver/zf_driver_uart.o
                0x000000000000ed30                uart_index
 .rodata.MyDevDescrHD
                0x000000000000ed50       0x12 ./sdk/Peripheral/ch32v30x_usbotg_device.o
                0x000000000000ed50                MyDevDescrHD
 *fill*         0x000000000000ed62        0x2 
 .rodata.MyCfgDescrHD
                0x000000000000ed64       0x43 ./sdk/Peripheral/ch32v30x_usbotg_device.o
                0x000000000000ed64                MyCfgDescrHD
 *fill*         0x000000000000eda7        0x1 
 .rodata.MyReportDescHD
                0x000000000000eda8       0x14 ./sdk/Peripheral/ch32v30x_usbotg_device.o
                0x000000000000eda8                MyReportDescHD
 .rodata.MyManuInfoHD
                0x000000000000edbc        0xe ./sdk/Peripheral/ch32v30x_usbotg_device.o
                0x000000000000edbc                MyManuInfoHD
 *fill*         0x000000000000edca        0x2 
 .rodata.MyProdInfoHD
                0x000000000000edcc        0xc ./sdk/Peripheral/ch32v30x_usbotg_device.o
                0x000000000000edcc                MyProdInfoHD
 .rodata.MySerNumInfoHD
                0x000000000000edd8       0x16 ./sdk/Peripheral/ch32v30x_usbotg_device.o
                0x000000000000edd8                MySerNumInfoHD
 *fill*         0x000000000000edee        0x2 
 .rodata.MyUSBQUADescHD
                0x000000000000edf0        0xa ./sdk/Peripheral/ch32v30x_usbotg_device.o
                0x000000000000edf0                MyUSBQUADescHD
 *fill*         0x000000000000edfa        0x2 
 .rodata.OTG_FS_IRQHandler
                0x000000000000edfc       0xbc ./sdk/Peripheral/ch32v30x_usbotg_device.o
 .rodata.__func__.1691
                0x000000000000eeb8       0x11 ./code/Ring_Buffer.o
 *fill*         0x000000000000eec9        0x3 
 .rodata.__divdf3
                0x000000000000eecc       0x40 c:/mounriver/mounriver_studio/toolchain/risc-v embedded gcc/bin/../lib/gcc/riscv-none-embed/8.2.0/rv32imafc/ilp32f\libgcc.a(divdf3.o)
 .rodata.__muldf3
                0x000000000000ef0c       0x40 c:/mounriver/mounriver_studio/toolchain/risc-v embedded gcc/bin/../lib/gcc/riscv-none-embed/8.2.0/rv32imafc/ilp32f\libgcc.a(muldf3.o)
 .rodata.__clz_tab
                0x000000000000ef4c      0x100 c:/mounriver/mounriver_studio/toolchain/risc-v embedded gcc/bin/../lib/gcc/riscv-none-embed/8.2.0/rv32imafc/ilp32f\libgcc.a(_clz.o)
                0x000000000000ef4c                __clz_tab
 .rodata.__assert_func.str1.4
                0x000000000000f04c       0x3f c:/mounriver/mounriver_studio/toolchain/risc-v embedded gcc/bin/../lib/gcc/riscv-none-embed/8.2.0/../../../../riscv-none-embed/lib/rv32imafc/ilp32f\libg_nano.a(lib_a-assert.o)
                                         0x43 (size before relaxing)
 *fill*         0x000000000000f08b        0x1 
 .rodata._vfprintf_r.str1.4
                0x000000000000f08c       0x13 c:/mounriver/mounriver_studio/toolchain/risc-v embedded gcc/bin/../lib/gcc/riscv-none-embed/8.2.0/../../../../riscv-none-embed/lib/rv32imafc/ilp32f\libg_nano.a(lib_a-nano-vfprintf.o)
 *fill*         0x000000000000f09f        0x1 
 .rodata._printf_float.cst8
                0x000000000000f0a0        0x8 c:/mounriver/mounriver_studio/toolchain/risc-v embedded gcc/bin/../lib/gcc/riscv-none-embed/8.2.0/../../../../riscv-none-embed/lib/rv32imafc/ilp32f\libg_nano.a(lib_a-nano-vfprintf_float.o)
 .rodata._printf_float.str1.4
                0x000000000000f0a8       0x12 c:/mounriver/mounriver_studio/toolchain/risc-v embedded gcc/bin/../lib/gcc/riscv-none-embed/8.2.0/../../../../riscv-none-embed/lib/rv32imafc/ilp32f\libg_nano.a(lib_a-nano-vfprintf_float.o)
 *fill*         0x000000000000f0ba        0x2 
 .rodata._printf_i.str1.4
                0x000000000000f0bc       0x25 c:/mounriver/mounriver_studio/toolchain/risc-v embedded gcc/bin/../lib/gcc/riscv-none-embed/8.2.0/../../../../riscv-none-embed/lib/rv32imafc/ilp32f\libg_nano.a(lib_a-nano-vfprintf_i.o)
 *fill*         0x000000000000f0e1        0x3 
 .rodata._strtod_l
                0x000000000000f0e4       0x14 c:/mounriver/mounriver_studio/toolchain/risc-v embedded gcc/bin/../lib/gcc/riscv-none-embed/8.2.0/../../../../riscv-none-embed/lib/rv32imafc/ilp32f\libg_nano.a(lib_a-strtod.o)
 .rodata._strtod_l.cst8
                0x000000000000f0f8       0x38 c:/mounriver/mounriver_studio/toolchain/risc-v embedded gcc/bin/../lib/gcc/riscv-none-embed/8.2.0/../../../../riscv-none-embed/lib/rv32imafc/ilp32f\libg_nano.a(lib_a-strtod.o)
 .rodata._strtod_l.str1.4
                0x000000000000f130        0xf c:/mounriver/mounriver_studio/toolchain/risc-v embedded gcc/bin/../lib/gcc/riscv-none-embed/8.2.0/../../../../riscv-none-embed/lib/rv32imafc/ilp32f\libg_nano.a(lib_a-strtod.o)
 *fill*         0x000000000000f13f        0x1 
 .rodata.fpi.3397
                0x000000000000f140       0x14 c:/mounriver/mounriver_studio/toolchain/risc-v embedded gcc/bin/../lib/gcc/riscv-none-embed/8.2.0/../../../../riscv-none-embed/lib/rv32imafc/ilp32f\libg_nano.a(lib_a-strtod.o)
 .rodata.fpinan.3433
                0x000000000000f154       0x14 c:/mounriver/mounriver_studio/toolchain/risc-v embedded gcc/bin/../lib/gcc/riscv-none-embed/8.2.0/../../../../riscv-none-embed/lib/rv32imafc/ilp32f\libg_nano.a(lib_a-strtod.o)
 .rodata.tinytens
                0x000000000000f168       0x28 c:/mounriver/mounriver_studio/toolchain/risc-v embedded gcc/bin/../lib/gcc/riscv-none-embed/8.2.0/../../../../riscv-none-embed/lib/rv32imafc/ilp32f\libg_nano.a(lib_a-strtod.o)
 .rodata._dtoa_r.cst8
                0x000000000000f190       0x38 c:/mounriver/mounriver_studio/toolchain/risc-v embedded gcc/bin/../lib/gcc/riscv-none-embed/8.2.0/../../../../riscv-none-embed/lib/rv32imafc/ilp32f\libg_nano.a(lib_a-dtoa.o)
                                         0x48 (size before relaxing)
 .rodata._dtoa_r.str1.4
                0x000000000000f1c8       0x10 c:/mounriver/mounriver_studio/toolchain/risc-v embedded gcc/bin/../lib/gcc/riscv-none-embed/8.2.0/../../../../riscv-none-embed/lib/rv32imafc/ilp32f\libg_nano.a(lib_a-dtoa.o)
                                         0x12 (size before relaxing)
 .rodata.__sf_fake_stderr
                0x000000000000f1d8       0x20 c:/mounriver/mounriver_studio/toolchain/risc-v embedded gcc/bin/../lib/gcc/riscv-none-embed/8.2.0/../../../../riscv-none-embed/lib/rv32imafc/ilp32f\libg_nano.a(lib_a-findfp.o)
                0x000000000000f1d8                __sf_fake_stderr
 .rodata.__sf_fake_stdin
                0x000000000000f1f8       0x20 c:/mounriver/mounriver_studio/toolchain/risc-v embedded gcc/bin/../lib/gcc/riscv-none-embed/8.2.0/../../../../riscv-none-embed/lib/rv32imafc/ilp32f\libg_nano.a(lib_a-findfp.o)
                0x000000000000f1f8                __sf_fake_stdin
 .rodata.__sf_fake_stdout
                0x000000000000f218       0x20 c:/mounriver/mounriver_studio/toolchain/risc-v embedded gcc/bin/../lib/gcc/riscv-none-embed/8.2.0/../../../../riscv-none-embed/lib/rv32imafc/ilp32f\libg_nano.a(lib_a-findfp.o)
                0x000000000000f218                __sf_fake_stdout
 .rodata._setlocale_r.str1.4
                0x000000000000f238        0xa c:/mounriver/mounriver_studio/toolchain/risc-v embedded gcc/bin/../lib/gcc/riscv-none-embed/8.2.0/../../../../riscv-none-embed/lib/rv32imafc/ilp32f\libg_nano.a(lib_a-locale.o)
                                          0xd (size before relaxing)
 *fill*         0x000000000000f242        0x2 
 .rodata.str1.4
                0x000000000000f244        0x4 c:/mounriver/mounriver_studio/toolchain/risc-v embedded gcc/bin/../lib/gcc/riscv-none-embed/8.2.0/../../../../riscv-none-embed/lib/rv32imafc/ilp32f\libg_nano.a(lib_a-locale.o)
                                          0x2 (size before relaxing)
 .rodata.__mprec_bigtens
                0x000000000000f248       0x28 c:/mounriver/mounriver_studio/toolchain/risc-v embedded gcc/bin/../lib/gcc/riscv-none-embed/8.2.0/../../../../riscv-none-embed/lib/rv32imafc/ilp32f\libg_nano.a(lib_a-mprec.o)
                0x000000000000f248                __mprec_bigtens
 .rodata.__mprec_tens
                0x000000000000f270       0xc8 c:/mounriver/mounriver_studio/toolchain/risc-v embedded gcc/bin/../lib/gcc/riscv-none-embed/8.2.0/../../../../riscv-none-embed/lib/rv32imafc/ilp32f\libg_nano.a(lib_a-mprec.o)
                0x000000000000f270                __mprec_tens
 .rodata.p05.3321
                0x000000000000f338        0xc c:/mounriver/mounriver_studio/toolchain/risc-v embedded gcc/bin/../lib/gcc/riscv-none-embed/8.2.0/../../../../riscv-none-embed/lib/rv32imafc/ilp32f\libg_nano.a(lib_a-mprec.o)
 .rodata._svfprintf_r.str1.4
                0x000000000000f344       0x13 c:/mounriver/mounriver_studio/toolchain/risc-v embedded gcc/bin/../lib/gcc/riscv-none-embed/8.2.0/../../../../riscv-none-embed/lib/rv32imafc/ilp32f\libg_nano.a(lib_a-nano-svfprintf.o)
 .rodata._ctype_
                0x000000000000f344      0x101 c:/mounriver/mounriver_studio/toolchain/risc-v embedded gcc/bin/../lib/gcc/riscv-none-embed/8.2.0/../../../../riscv-none-embed/lib/rv32imafc/ilp32f\libg_nano.a(lib_a-ctype_.o)
                0x000000000000f344                _ctype_
 *(.glue_7)
 *(.glue_7t)
 *(.gnu.linkonce.t.*)
                0x000000000000f448                . = ALIGN (0x4)
 *fill*         0x000000000000f445        0x3 

.rela.dyn       0x000000000000f448        0x0
 .rela.init     0x000000000000f448        0x0 ./zf_driver/zf_driver_gpio.o
 .rela.vector   0x000000000000f448        0x0 ./zf_driver/zf_driver_gpio.o
 .rela.text.handle_reset
                0x000000000000f448        0x0 ./zf_driver/zf_driver_gpio.o
 .rela.text._vfprintf_r
                0x000000000000f448        0x0 ./zf_driver/zf_driver_gpio.o
 .rela.text._sbrk_r
                0x000000000000f448        0x0 ./zf_driver/zf_driver_gpio.o
 .rela.text._svfprintf_r
                0x000000000000f448        0x0 ./zf_driver/zf_driver_gpio.o
 .rela.text._kill_r
                0x000000000000f448        0x0 ./zf_driver/zf_driver_gpio.o
 .rela.text._write_r
                0x000000000000f448        0x0 ./zf_driver/zf_driver_gpio.o
 .rela.text._close_r
                0x000000000000f448        0x0 ./zf_driver/zf_driver_gpio.o
 .rela.text._fstat_r
                0x000000000000f448        0x0 ./zf_driver/zf_driver_gpio.o
 .rela.text._isatty_r
                0x000000000000f448        0x0 ./zf_driver/zf_driver_gpio.o
 .rela.text._lseek_r
                0x000000000000f448        0x0 ./zf_driver/zf_driver_gpio.o
 .rela.text._read_r
                0x000000000000f448        0x0 ./zf_driver/zf_driver_gpio.o
 .rela.text._close
                0x000000000000f448        0x0 ./zf_driver/zf_driver_gpio.o
 .rela.text._fstat
                0x000000000000f448        0x0 ./zf_driver/zf_driver_gpio.o
 .rela.text._getpid
                0x000000000000f448        0x0 ./zf_driver/zf_driver_gpio.o
 .rela.text._isatty
                0x000000000000f448        0x0 ./zf_driver/zf_driver_gpio.o
 .rela.text._kill
                0x000000000000f448        0x0 ./zf_driver/zf_driver_gpio.o
 .rela.text._lseek
                0x000000000000f448        0x0 ./zf_driver/zf_driver_gpio.o
 .rela.text._read
                0x000000000000f448        0x0 ./zf_driver/zf_driver_gpio.o
 .rela.text._sbrk
                0x000000000000f448        0x0 ./zf_driver/zf_driver_gpio.o

.fini           0x000000000000f448        0x0
 *(SORT_NONE(.fini))
                0x000000000000f448                . = ALIGN (0x4)
                [!provide]                        PROVIDE (_etext = .)
                [!provide]                        PROVIDE (_eitcm = .)

.preinit_array  0x000000000000f448        0x0
                [!provide]                        PROVIDE (__preinit_array_start = .)
 *(.preinit_array)
                [!provide]                        PROVIDE (__preinit_array_end = .)

.init_array     0x000000000000f448        0x0
                [!provide]                        PROVIDE (__init_array_start = .)
 *(SORT_BY_INIT_PRIORITY(.init_array.*) SORT_BY_INIT_PRIORITY(.ctors.*))
 *(.init_array EXCLUDE_FILE(*crtend?.o *crtend.o *crtbegin?.o *crtbegin.o) .ctors)
                [!provide]                        PROVIDE (__init_array_end = .)

.fini_array     0x000000000000f448        0x0
                [!provide]                        PROVIDE (__fini_array_start = .)
 *(SORT_BY_INIT_PRIORITY(.fini_array.*) SORT_BY_INIT_PRIORITY(.dtors.*))
 *(.fini_array EXCLUDE_FILE(*crtend?.o *crtend.o *crtbegin?.o *crtbegin.o) .dtors)
                [!provide]                        PROVIDE (__fini_array_end = .)

.ctors
 *crtbegin.o(.ctors)
 *crtbegin?.o(.ctors)
 *(EXCLUDE_FILE(*crtend?.o *crtend.o) .ctors)
 *(SORT_BY_NAME(.ctors.*))
 *(.ctors)

.dtors
 *crtbegin.o(.dtors)
 *crtbegin?.o(.dtors)
 *(EXCLUDE_FILE(*crtend?.o *crtend.o) .dtors)
 *(SORT_BY_NAME(.dtors.*))
 *(.dtors)

.dalign         0x0000000020000040        0x0 load address 0x000000000000f448
                0x0000000020000040                . = ALIGN (0x4)
                0x0000000020000040                PROVIDE (_data_vma = .)

.dlalign        0x000000000000f448        0x0
                0x000000000000f448                . = ALIGN (0x4)
                0x000000000000f448                PROVIDE (_data_lma = .)

.data           0x0000000020000040      0x290 load address 0x000000000000f448
 *(.gnu.linkonce.r.*)
 *(.data .data.*)
 .data.gpio_group
                0x0000000020000040       0x14 ./zf_driver/zf_driver_gpio.o
                0x0000000020000040                gpio_group
 .data.APBAHBPrescTable
                0x0000000020000054       0x10 ./sdk/Peripheral/ch32v30x_rcc.o
 .data.TAB_USB_FS_OSC_DESC
                0x0000000020000064       0x43 ./sdk/Peripheral/ch32v30x_usbotg_device.o
                0x0000000020000064                TAB_USB_FS_OSC_DESC
 *fill*         0x00000000200000a7        0x1 
 .data.Test_packet
                0x00000000200000a8       0x18 ./code/Task_Manager.o
                0x00000000200000a8                Test_packet
 .data.impure_data
                0x00000000200000c0       0x60 c:/mounriver/mounriver_studio/toolchain/risc-v embedded gcc/bin/../lib/gcc/riscv-none-embed/8.2.0/../../../../riscv-none-embed/lib/rv32imafc/ilp32f\libg_nano.a(lib_a-impure.o)
 .data.__global_locale
                0x0000000020000120      0x16c c:/mounriver/mounriver_studio/toolchain/risc-v embedded gcc/bin/../lib/gcc/riscv-none-embed/8.2.0/../../../../riscv-none-embed/lib/rv32imafc/ilp32f\libg_nano.a(lib_a-locale.o)
                0x0000000020000120                __global_locale
 *(.gnu.linkonce.d.*)
                0x0000000020000290                . = ALIGN (0x8)
 *fill*         0x000000002000028c        0x4 
                0x0000000020000a90                PROVIDE (__global_pointer$ = (. + 0x800))
 *(.sdata .sdata.*)
 .sdata.dm1xa_distance_mm
                0x0000000020000290        0x2 ./zf_device/zf_device_dm1xa.o
 *fill*         0x0000000020000292        0x2 
 .sdata.camera_uart_handler
                0x0000000020000294        0x4 ./zf_device/zf_device_type.o
                0x0000000020000294                camera_uart_handler
 .sdata.camera_dvp_handler
                0x0000000020000298        0x4 ./zf_device/zf_device_type.o
                0x0000000020000298                camera_dvp_handler
 .sdata.wireless_module_uart_handler
                0x000000002000029c        0x4 ./zf_device/zf_device_type.o
                0x000000002000029c                wireless_module_uart_handler
 .sdata.tof_module_exti_handler
                0x00000000200002a0        0x4 ./zf_device/zf_device_type.o
                0x00000000200002a0                tof_module_exti_handler
 .sdata.system_clock
                0x00000000200002a4        0x4 ./zf_common/zf_common_clock.o
                0x00000000200002a4                system_clock
 .sdata.zf_debug_assert_enable
                0x00000000200002a8        0x1 ./zf_common/zf_common_debug.o
 *fill*         0x00000000200002a9        0x3 
 .sdata.ADCPrescTable
                0x00000000200002ac        0x4 ./sdk/Peripheral/ch32v30x_rcc.o
 .sdata.USBHD_Dev_Speed
                0x00000000200002b0        0x1 ./sdk/Peripheral/ch32v30x_usbotg_device.o
                0x00000000200002b0                USBHD_Dev_Speed
 *fill*         0x00000000200002b1        0x3 
 .sdata.LineCoding
                0x00000000200002b4        0x7 ./sdk/Peripheral/ch32v30x_usbotg_device.o
                0x00000000200002b4                LineCoding
 *fill*         0x00000000200002bb        0x1 
 .sdata._impure_ptr
                0x00000000200002bc        0x4 c:/mounriver/mounriver_studio/toolchain/risc-v embedded gcc/bin/../lib/gcc/riscv-none-embed/8.2.0/../../../../riscv-none-embed/lib/rv32imafc/ilp32f\libg_nano.a(lib_a-impure.o)
                0x00000000200002bc                _impure_ptr
 *(.sdata2.*)
 .sdata2.uart_irq
                0x00000000200002c0        0x8 ./zf_driver/zf_driver_uart.o
                0x00000000200002c0                uart_irq
 .sdata2.MyLangDescrHD
                0x00000000200002c8        0x4 ./sdk/Peripheral/ch32v30x_usbotg_device.o
                0x00000000200002c8                MyLangDescrHD
 .sdata2._global_impure_ptr
                0x00000000200002cc        0x4 c:/mounriver/mounriver_studio/toolchain/risc-v embedded gcc/bin/../lib/gcc/riscv-none-embed/8.2.0/../../../../riscv-none-embed/lib/rv32imafc/ilp32f\libg_nano.a(lib_a-impure.o)
                0x00000000200002cc                _global_impure_ptr
 *(.gnu.linkonce.s.*)
                0x00000000200002d0                . = ALIGN (0x8)
 *(.srodata.cst16)
 *(.srodata.cst8)
 *(.srodata.cst4)
 *(.srodata.cst2)
 *(.srodata .srodata.*)
                0x00000000200002d0                . = ALIGN (0x4)
                0x00000000200002d0                PROVIDE (_edata = .)

.bss            0x00000000200002d0      0x2e0 load address 0x000000000000f6d8
                0x00000000200002d0                . = ALIGN (0x4)
                0x00000000200002d0                PROVIDE (_sbss = .)
 *(.sbss*)
 .sbss.dm1xa_plus_count
                0x00000000200002d0        0x4 ./zf_device/zf_device_dm1xa.o
 .sbss.dm1xa_type
                0x00000000200002d4        0x4 ./zf_device/zf_device_dm1xa.o
 .sbss.dm1xa_ranging_state
                0x00000000200002d8        0x4 ./zf_device/zf_device_dm1xa.o
 .sbss.gnss_flag
                0x00000000200002dc        0x1 ./zf_device/zf_device_gnss.o
                0x00000000200002dc                gnss_flag
 .sbss.gnss_state
                0x00000000200002dd        0x1 ./zf_device/zf_device_gnss.o
 *fill*         0x00000000200002de        0x2 
 .sbss.gnss_gga_state
                0x00000000200002e0        0x4 ./zf_device/zf_device_gnss.o
 .sbss.gnss_rmc_state
                0x00000000200002e4        0x4 ./zf_device/zf_device_gnss.o
 .sbss.gnss_ths_state
                0x00000000200002e8        0x4 ./zf_device/zf_device_gnss.o
 .sbss.zf_debug_init_flag
                0x00000000200002ec        0x1 ./zf_common/zf_common_debug.o
 .sbss.assert_nest_index.5035
                0x00000000200002ed        0x1 ./zf_common/zf_common_debug.o
 *fill*         0x00000000200002ee        0x2 
 .sbss.interrupt_nest_count
                0x00000000200002f0        0x4 ./zf_common/zf_common_interrupt.o
 .sbss.EP0_DatabufHD
                0x00000000200002f4        0x8 ./sdk/Peripheral/ch32v30x_usbotg_device.o
                0x00000000200002f4                EP0_DatabufHD
 .sbss.pEP0_RAM_Addr
                0x00000000200002fc        0x4 ./sdk/Peripheral/ch32v30x_usbotg_device.o
                0x00000000200002fc                pEP0_RAM_Addr
 .sbss.pEP1_RAM_Addr
                0x0000000020000300        0x4 ./sdk/Peripheral/ch32v30x_usbotg_device.o
                0x0000000020000300                pEP1_RAM_Addr
 .sbss.pEP2_RAM_Addr
                0x0000000020000304        0x4 ./sdk/Peripheral/ch32v30x_usbotg_device.o
                0x0000000020000304                pEP2_RAM_Addr
 .sbss.pDescr   0x0000000020000308        0x4 ./sdk/Peripheral/ch32v30x_usbotg_device.o
                0x0000000020000308                pDescr
 .sbss.USBHD_Dev_SetupReqLen
                0x000000002000030c        0x2 ./sdk/Peripheral/ch32v30x_usbotg_device.o
                0x000000002000030c                USBHD_Dev_SetupReqLen
 .sbss.USBHD_Dev_SleepStatus
                0x000000002000030e        0x1 ./sdk/Peripheral/ch32v30x_usbotg_device.o
                0x000000002000030e                USBHD_Dev_SleepStatus
 .sbss.DevConfig
                0x000000002000030f        0x1 ./sdk/Peripheral/ch32v30x_usbotg_device.o
                0x000000002000030f                DevConfig
 .sbss.SetupReqCode
                0x0000000020000310        0x1 ./sdk/Peripheral/ch32v30x_usbotg_device.o
                0x0000000020000310                SetupReqCode
 *fill*         0x0000000020000311        0x1 
 .sbss.SetupReqLen
                0x0000000020000312        0x2 ./sdk/Peripheral/ch32v30x_usbotg_device.o
                0x0000000020000312                SetupReqLen
 .sbss.test_value_1
                0x0000000020000314        0x4 ./code/Task_Manager.o
                0x0000000020000314                test_value_1
 .sbss.test_value_2
                0x0000000020000318        0x4 ./code/Task_Manager.o
                0x0000000020000318                test_value_2
 .sbss.UART_DEBUG_data_packet_ready
                0x000000002000031c        0x1 ./code/UART_Data_Unpacker.o
                0x000000002000031c                UART_DEBUG_data_packet_ready
 .sbss.start_load_packet_flag.5081
                0x000000002000031d        0x1 ./code/UART_Data_Unpacker.o
 .sbss.prev_byte.5080
                0x000000002000031e        0x1 ./code/UART_Data_Unpacker.o
 .sbss.UART_DEBUG_got_data_index.5079
                0x000000002000031f        0x1 ./code/UART_Data_Unpacker.o
 .sbss.pTimeSliceList
                0x0000000020000320        0x4 ./code/XxxTimeSliceOffset.o
 .sbss.__malloc_free_list
                0x0000000020000324        0x4 c:/mounriver/mounriver_studio/toolchain/risc-v embedded gcc/bin/../lib/gcc/riscv-none-embed/8.2.0/../../../../riscv-none-embed/lib/rv32imafc/ilp32f\libg_nano.a(lib_a-nano-mallocr.o)
                0x0000000020000324                __malloc_free_list
 .sbss.__malloc_sbrk_start
                0x0000000020000328        0x4 c:/mounriver/mounriver_studio/toolchain/risc-v embedded gcc/bin/../lib/gcc/riscv-none-embed/8.2.0/../../../../riscv-none-embed/lib/rv32imafc/ilp32f\libg_nano.a(lib_a-nano-mallocr.o)
                0x0000000020000328                __malloc_sbrk_start
 .sbss.heap_end.1520
                0x000000002000032c        0x4 c:/mounriver/mounriver_studio/toolchain/risc-v embedded gcc/bin/../lib/gcc/riscv-none-embed/8.2.0/../../../../riscv-none-embed/lib/rv32imafc/ilp32f\libnosys.a(sbrk.o)
 *(.gnu.linkonce.sb.*)
 *(.bss*)
 .bss.timer_function_state
                0x0000000020000330       0x28 ./zf_driver/zf_driver_timer.o
 .bss.timer_mode_state
                0x0000000020000358       0x28 ./zf_driver/zf_driver_timer.o
 .bss.gnss_receiver_fifo
                0x0000000020000380       0x19 ./zf_device/zf_device_gnss.o
 *fill*         0x0000000020000399        0x3 
 .bss.gps_gga_buffer
                0x000000002000039c       0x80 ./zf_device/zf_device_gnss.o
 .bss.gps_rmc_buffer
                0x000000002000041c       0x80 ./zf_device/zf_device_gnss.o
 .bss.gps_ths_buffer
                0x000000002000049c       0x80 ./zf_device/zf_device_gnss.o
 .bss.debug_output_info
                0x000000002000051c       0x14 ./zf_common/zf_common_debug.o
 .bss.While_task
                0x0000000020000530       0x10 ./code/Task_Manager.o
                0x0000000020000530                While_task
 .bss.Uart_task
                0x0000000020000540       0x10 ./code/Task_Manager.o
                0x0000000020000540                Uart_task
 .bss.UART_DEBUG_got_data
                0x0000000020000550        0xa ./code/UART_Data_Unpacker.o
                0x0000000020000550                UART_DEBUG_got_data
 *fill*         0x000000002000055a        0x2 
 .bss.ringbuffer_UART_DEBUG
                0x000000002000055c       0x10 ./code/UART_Data_Unpacker.o
                0x000000002000055c                ringbuffer_UART_DEBUG
 .bss.ringbuffer_place_UART_DEBUG
                0x000000002000056c       0x40 ./code/UART_Data_Unpacker.o
                0x000000002000056c                ringbuffer_place_UART_DEBUG
 *(.gnu.linkonce.b.*)
 *(COMMON*)
 COMMON         0x00000000200005ac        0x4 c:/mounriver/mounriver_studio/toolchain/risc-v embedded gcc/bin/../lib/gcc/riscv-none-embed/8.2.0/../../../../riscv-none-embed/lib/rv32imafc/ilp32f\libg_nano.a(lib_a-reent.o)
                0x00000000200005ac                errno
                0x00000000200005b0                . = ALIGN (0x4)
                0x00000000200005b0                PROVIDE (_ebss = .)
                [!provide]                        PROVIDE (_end = _ebss)
                0x00000000200005b0                PROVIDE (end = .)

.stack          0x000000002000f440      0x800
                [!provide]                        PROVIDE (_heap_end = .)
                0x000000002000f440                . = ALIGN (0x4)
                [!provide]                        PROVIDE (_susrstack = .)
                0x000000002000fc40                . = (. + __stack_size)
 *fill*         0x000000002000f440      0x800 
                0x000000002000fc40                PROVIDE (_eusrstack = .)
OUTPUT(ZDT-Torque-Model.elf elf32-littleriscv)

.debug_info     0x0000000000000000    0x181ab
 .debug_info    0x0000000000000000      0xefa ./zf_driver/zf_driver_gpio.o
 .debug_info    0x0000000000000efa     0x10a9 ./zf_driver/zf_driver_pit.o
 .debug_info    0x0000000000001fa3      0xfb7 ./zf_driver/zf_driver_timer.o
 .debug_info    0x0000000000002f5a     0x1460 ./zf_driver/zf_driver_uart.o
 .debug_info    0x00000000000043ba      0xe37 ./zf_device/zf_device_dm1xa.o
 .debug_info    0x00000000000051f1     0x1846 ./zf_device/zf_device_gnss.o
 .debug_info    0x0000000000006a37      0xb54 ./zf_device/zf_device_type.o
 .debug_info    0x000000000000758b      0xb2d ./zf_common/zf_common_clock.o
 .debug_info    0x00000000000080b8     0x1450 ./zf_common/zf_common_debug.o
 .debug_info    0x0000000000009508      0xdf1 ./zf_common/zf_common_fifo.o
 .debug_info    0x000000000000a2f9      0xf79 ./zf_common/zf_common_interrupt.o
 .debug_info    0x000000000000b272     0x1c2e ./user_c/isr.o
 .debug_info    0x000000000000cea0     0x161a ./user_c/main.o
 .debug_info    0x000000000000e4ba       0x22 ./sdk/Startup/startup_ch32v30x_D8C.o
 .debug_info    0x000000000000e4dc      0x353 ./sdk/Peripheral/ch32v30x_exti.o
 .debug_info    0x000000000000e82f      0x712 ./sdk/Peripheral/ch32v30x_gpio.o
 .debug_info    0x000000000000ef41      0xc64 ./sdk/Peripheral/ch32v30x_rcc.o
 .debug_info    0x000000000000fba5     0x1dd2 ./sdk/Peripheral/ch32v30x_tim.o
 .debug_info    0x0000000000011977      0xa45 ./sdk/Peripheral/ch32v30x_usart.o
 .debug_info    0x00000000000123bc     0x13c6 ./sdk/Peripheral/ch32v30x_usbotg_device.o
 .debug_info    0x0000000000013782      0x36d ./code/Ring_Buffer.o
 .debug_info    0x0000000000013aef     0x1c14 ./code/Task_Manager.o
 .debug_info    0x0000000000015703     0x13f3 ./code/UART_Data_Unpacker.o
 .debug_info    0x0000000000016af6      0x195 ./code/XxxTimeSliceOffset.o
 .debug_info    0x0000000000016c8b     0x1520 ./code/ZDT_X42_V2.o

.debug_abbrev   0x0000000000000000     0x3751